<html>
<body>
<pre>
<h1>µVision Build Log</h1>
<h2>Tool Versions:</h2>
IDE-Version: µVision V5.35.0.0
Copyright (C) 2021 ARM Ltd and ARM Germany GmbH. All rights reserved.
License Information: Miguel Castellana Universidad Politécnica de Madrid Flex license: MDK Professional 5.35 (Flex) (mdk_pro) Operation stops: 24 Jan 2027
 
Tool Versions:
Toolchain:       MDK Professional 5.35 (Flex)  Version: 5.35.0.2
Toolchain Path:  C:\Keil_v5\ARM\ARMCC\Bin
C Compiler:      Armcc.exe V5.06 update 7 (build 960)
Assembler:       Armasm.exe V5.06 update 7 (build 960)
Linker/Locator:  ArmLink.exe V5.06 update 7 (build 960)
Library Manager: ArmAr.exe V5.06 update 7 (build 960)
Hex Converter:   FromElf.exe V5.06 update 7 (build 960)
CPU DLL:         SARMCM3.DLL V5.35.0.2
Dialog DLL:      DCM.DLL V1.17.3.0
Target DLL:      STLink\ST-LINKIII-KEIL_SWO.dll V3.0.9.0
Dialog DLL:      TCM.DLL V1.53.0.0
 
<h2>Project:</h2>
C:\Users\Castellana\Documents\Universidad\ISE\STM32F429\2024-2025\Bloque 2\Medidor\Examen Práctico\Apartados 1_2\HTTP_Server\HTTP_Server.uvprojx
Project File Date:  06/18/2025

<h2>Output:</h2>
*** Using Compiler 'V5.06 update 7 (build 960)', folder: 'C:\Keil_v5\ARM\ARMCC\Bin'
Rebuild target 'Debug'
compiling turbidez.c...
compiling ph.c...
ph.c(103): warning:  #167-D: argument of type "void (*)(void)" is incompatible with parameter of type "osThreadFunc_t"
    tid_Thread_pH = osThreadNew(Thread_pH, NULL, NULL);
ph.c: 1 warning, 0 errors
compiling leds.c...
leds.c(121): warning:  #188-D: enumerated type mixed with another type
      HAL_GPIO_WritePin(LED_PIN[num].port, LED_PIN[num].pin, 1); //...se realizara el encendido.
leds.c(147): warning:  #188-D: enumerated type mixed with another type
      HAL_GPIO_WritePin(LED_PIN[num].port, LED_PIN[num].pin, 0);
leds.c: 2 warnings, 0 errors
compiling bomba.c...
compiling alimentacion.c...
compiling stm32f4xx_it.c...
compiling bluetooth.c...
bluetooth.c(80): warning:  #167-D: argument of type "void (*)(const void *)" is incompatible with parameter of type "osThreadFunc_t"
    tid_Thread = osThreadNew (Thread, NULL, NULL);
bluetooth.c(91): warning:  #223-D: function "sprintf" declared implicitly
      int len = sprintf(txBuffer, "B%.2fW%.2fW%.2fW%.2fW%.2fW%.2fA", datosSensorLuz, phAgua, temperatura, datosSensorTurbidez, consumoTension, consumoCorriente);
bluetooth.c(21): warning:  #177-D: variable "exec"  was declared but never referenced
  static uint32_t exec; 
bluetooth.c: 3 warnings, 0 errors
compiling luz.c...
assembling irq_armv7m.s...
compiling temperatura.c...
compiling main.c...
turbidez.h(4): warning:  #1295-D: Deprecated declaration ADC3_pins_F429ZI_config - give arg types
  	void ADC3_pins_F429ZI_config();
main.c(55): warning:  #1295-D: Deprecated declaration Init_Thread_Bomba - give arg types
  void Init_Thread_Bomba();
main.c(56): warning:  #1295-D: Deprecated declaration Init_Thread_slave - give arg types
  void Init_Thread_slave();
main.c(135): warning:  #223-D: function "Init_Thread_consumo" declared implicitly
  	Init_Thread_consumo(); 
main.c(142): warning:  #223-D: function "Init_ThreadCMSIS" declared implicitly
    Init_ThreadCMSIS();
main.c: 5 warnings, 0 errors
compiling principal.c...
turbidez.h(4): warning:  #1295-D: Deprecated declaration ADC3_pins_F429ZI_config - give arg types
  	void ADC3_pins_F429ZI_config();
principal.c(105): warning:  #223-D: function "init_Digital_PIN_Out" declared implicitly
  	init_Digital_PIN_Out();
principal.c(119): warning:  #167-D: argument of type "void (*)(void)" is incompatible with parameter of type "osThreadFunc_t"
  	tid_Thread_Bomba = osThreadNew(Thread_Bomba, NULL, NULL);
principal.c(188): warning:  #223-D: function "init_Digital_PIN_Out" declared implicitly
        init_Digital_PIN_Out();
principal.c(217): warning:  #223-D: function "deInit_Digital_PIN_Out" declared implicitly
        deInit_Digital_PIN_Out();
principal.c(294): warning:  #1461-D: function declared with "noreturn" does return
  }
principal.c: 6 warnings, 0 errors
compiling rtx_lib.c...
compiling rtx_evr.c...
compiling rtx_mutex.c...
compiling rtx_semaphore.c...
compiling rtx_system.c...
compiling rtx_mempool.c...
compiling rtx_kernel.c...
compiling rtx_delay.c...
compiling rtx_msgqueue.c...
compiling rtx_memory.c...
compiling rtx_evflags.c...
compiling RTX_Config.c...
compiling retarget_io.c...
compiling os_systick.c...
compiling EventRecorder.c...
compiling consumo.c...
compiling LED_32F469IDISCOVERY.c...
compiling rtx_timer.c...
compiling rtx_thread.c...
compiling stm32f4xx_hal.c...
compiling stm32f4xx_hal_adc.c...
compiling I2C_STM32F4xx.c...
compiling SPI_STM32F4xx.c...
compiling USART_STM32F4xx.c...
compiling stm32f4xx_hal_dma.c...
compiling stm32f4xx_hal_cortex.c...
compiling stm32f4xx_hal_dma_ex.c...
compiling stm32f4xx_hal_gpio.c...
compiling stm32f4xx_hal_adc_ex.c...
compiling stm32f4xx_hal_i2c.c...
compiling stm32f4xx_hal_i2c_ex.c...
compiling stm32f4xx_hal_pwr.c...
compiling stm32f4xx_hal_pwr_ex.c...
compiling stm32f4xx_hal_rcc.c...
compiling stm32f4xx_hal_rcc_ex.c...
assembling startup_stm32f429xx.s...
compiling stm32f4xx_hal_tim_ex.c...
compiling stm32f4xx_hal_sram.c...
compiling stm32f4xx_hal_rtc.c...
compiling stm32f4xx_hal_rtc_ex.c...
compiling stm32f4xx_hal_spi.c...
compiling stm32f4xx_hal_tim.c...
compiling system_stm32f4xx.c...
compiling stm32f4xx_hal_uart.c...
compiling stm32f4xx_hal_usart.c...
compiling stm32f4xx_ll_fmc.c...
linking...
Program Size: Code=78664 RO-data=1220 RW-data=34476 ZI-data=3936  
".\Debug\HTTP_Server.axf" - 0 Error(s), 17 Warning(s).

<h2>Software Packages used:</h2>

Package Vendor: ARM
                http://www.keil.com/pack/ARM.CMSIS.5.8.0.pack
                ARM.CMSIS.5.8.0
                CMSIS (Common Microcontroller Software Interface Standard)
   * Component: I2C Version: 2.4.0
   * Component: SPI Version: 2.3.0
   * Component: USART Version: 2.4.0
   * Component: RTOS2 Version: 2.1.3
   * Component: CORE Version: 5.5.0
   * Component: Keil RTX5 Variant: Source Version: 5.5.3

Package Vendor: Keil
                http://www.keil.com/pack/Keil.ARM_Compiler.1.6.3.pack
                Keil.ARM_Compiler.1.6.3
                Keil ARM Compiler extensions for ARM Compiler 5 and ARM Compiler 6
   * Component: Event Recorder Variant: DAP Version: 1.4.0
   * Component: STDOUT Variant: ITM Version: 1.2.0

Package Vendor: Keil
                http://www.keil.com/pack/Keil.MDK-Middleware.7.13.0.pack
                Keil.MDK-Middleware.7.13.0
                Middleware for Keil MDK-Professional and MDK-Plus
   * Component: LED Version: 1.0.0

Package Vendor: Keil
                http://www.keil.com/pack/Keil.STM32F4xx_DFP.2.15.0.pack
                Keil.STM32F4xx_DFP.2.15.0
                STMicroelectronics STM32F4 Series Device Support, Drivers and Examples
   * Component: STM32Cube Framework Version: 1.0.0
   * Component: LED Version: 1.0.0
   * Component: I2C Version: 2.10
   * Component: SPI Version: 2.15
   * Component: USART Version: 2.13
   * Component: Classic Version: 1.7.9
   * Component: ADC Version: 1.7.9
   * Component: Common Version: 1.7.9
   * Component: Cortex Version: 1.7.9
   * Component: DMA Version: 1.7.9
   * Component: GPIO Version: 1.7.9
   * Component: I2C Version: 1.7.9
   * Component: PWR Version: 1.7.9
   * Component: RCC Version: 1.7.9
   * Component: RTC Version: 1.7.9
   * Component: SPI Version: 1.7.9
   * Component: SRAM Version: 1.7.9
   * Component: TIM Version: 1.7.9
   * Component: UART Version: 1.7.9
   * Component: USART Version: 1.7.9
   * Component: Startup Version: 2.6.3

<h2>Collection of Component include folders:</h2>
  .\RTE\CMSIS
  .\RTE\Compiler
  .\RTE\Device\STM32F429ZITx
  .\RTE\_Debug
  C:\Users\Castellana\Documents\ARM\CMSIS\5.8.0\CMSIS\Core\Include
  C:\Users\Castellana\Documents\ARM\CMSIS\5.8.0\CMSIS\Driver\Include
  C:\Users\Castellana\Documents\ARM\CMSIS\5.8.0\CMSIS\RTOS2\Include
  C:\Users\Castellana\Documents\ARM\CMSIS\5.8.0\CMSIS\RTOS2\RTX\Include
  C:\Users\Castellana\Documents\Keil\ARM_Compiler\1.6.3\Include
  C:\Users\Castellana\Documents\Keil\MDK-Middleware\7.13.0\Board
  C:\Users\Castellana\Documents\Keil\STM32F4xx_DFP\2.15.0\Drivers\CMSIS\Device\ST\STM32F4xx\Include
  C:\Users\Castellana\Documents\Keil\STM32F4xx_DFP\2.15.0\Drivers\STM32F4xx_HAL_Driver\Inc

<h2>Collection of Component Files used:</h2>

   * Component: ::Board Support:LED:1.0.0 (API)
      Include file:  Board\Board_LED.h

   * Component: ::CMSIS Driver:I2C:2.4.0 (API)
      Include file:  CMSIS\Driver\Include\Driver_I2C.h

   * Component: ::CMSIS Driver:SPI:2.3.0 (API)
      Include file:  CMSIS\Driver\Include\Driver_SPI.h

   * Component: ::CMSIS Driver:USART:2.4.0 (API)
      Include file:  CMSIS\Driver\Include\Driver_USART.h

   * Component: ::CMSIS:RTOS2:2.1.3 (API)
      Include file:  CMSIS\RTOS2\Include\cmsis_os2.h

   * Component: ::Device:STM32Cube Framework:1.0.0 (API)

   * Component: ARM::CMSIS:CORE:5.5.0

   * Component: ARM::CMSIS:RTOS2:Keil RTX5:Source:5.5.3
      Include file:  CMSIS\RTOS2\RTX\Include\rtx_os.h
      Include file:  CMSIS\RTOS2\RTX\Config\RTX_Config.h
      Source file:   CMSIS\RTOS2\RTX\Template\svc_user.c
      Source file:   CMSIS\RTOS2\RTX\Template\Events.c
      Source file:   CMSIS\RTOS2\RTX\Source\rtx_evr.c
      Source file:   CMSIS\RTOS2\RTX\Config\RTX_Config.c
      Source file:   CMSIS\RTOS2\RTX\Template\Semaphore.c
      Source file:   CMSIS\RTOS2\RTX\Source\rtx_delay.c
      Source file:   CMSIS\RTOS2\RTX\Template\Thread.c
      Source file:   CMSIS\RTOS2\RTX\Source\rtx_kernel.c
      Source file:   CMSIS\RTOS2\RTX\Source\rtx_evflags.c
      Source file:   CMSIS\RTOS2\RTX\Source\rtx_mutex.c
      Source file:   CMSIS\RTOS2\RTX\Source\rtx_memory.c
      Source file:   CMSIS\RTOS2\RTX\Template\main.c
      Source file:   CMSIS\RTOS2\RTX\Source\rtx_msgqueue.c
      Source file:   CMSIS\RTOS2\RTX\Source\rtx_timer.c
      Source file:   CMSIS\RTOS2\RTX\Source\ARM\irq_armv7m.s
      Source file:   CMSIS\RTOS2\RTX\Template\MemPool.c
      Source file:   CMSIS\RTOS2\RTX\Source\rtx_mempool.c
      Source file:   CMSIS\RTOS2\RTX\Source\rtx_thread.c
      Source file:   CMSIS\RTOS2\RTX\Template\Timer.c
      Source file:   CMSIS\RTOS2\RTX\Source\rtx_semaphore.c
      Source file:   CMSIS\RTOS2\RTX\Template\Mutex.c
      Source file:   CMSIS\RTOS2\RTX\Source\rtx_system.c
      Source file:   CMSIS\RTOS2\RTX\Source\rtx_lib.c
      Source file:   CMSIS\RTOS2\RTX\Template\MsgQueue.c
      Source file:   CMSIS\RTOS2\Source\os_systick.c

   * Component: Keil.32F469IDISCOVERY::Board Support:LED:1.0.0
      Source file:   MDK\Boards\ST\32F469IDISCOVERY\Common\LED_32F469IDISCOVERY.c

   * Component: Keil.ARM Compiler::Compiler:Event Recorder:DAP:1.4.0
      Source file:   Source\EventRecorder.c
      Include file:  Include\EventRecorder.h
      Include file:  Config\EventRecorderConf.h

   * Component: Keil.ARM Compiler::Compiler:I/O:STDOUT:ITM:1.2.0
      Source file:   Source\retarget_io.c

   * Component: Keil::CMSIS Driver:I2C:2.10
      Source file:   CMSIS\Driver\I2C_STM32F4xx.c

   * Component: Keil::CMSIS Driver:SPI:2.15
      Source file:   CMSIS\Driver\SPI_STM32F4xx.c

   * Component: Keil::CMSIS Driver:USART:2.13
      Source file:   CMSIS\Driver\USART_STM32F4xx.c

   * Component: Keil::Device:STM32Cube Framework:Classic:1.7.9
      Source file:   MDK\Templates\Src\main.c
      Include file:  MDK\Templates\Inc\stm32f4xx_hal_conf.h
      Include file:  MDK\Templates_LL\Inc\main.h
      Source file:   MDK\Templates_LL\Src\main.c
      Include file:  MDK\Templates\Inc\main.h
      Include file:  MDK\Templates\Inc\stm32f4xx_it.h
      Include file:  CMSIS\Driver\Config\RTE_Device.h
      Source file:   MDK\Templates\Src\stm32f4xx_hal_msp.c
      Source file:   MDK\Templates\Src\stm32f4xx_it.c

   * Component: Keil::Device:STM32Cube HAL:ADC:1.7.9
      Source file:   Drivers\STM32F4xx_HAL_Driver\Src\stm32f4xx_hal_adc_ex.c
      Source file:   Drivers\STM32F4xx_HAL_Driver\Src\stm32f4xx_hal_adc.c

   * Component: Keil::Device:STM32Cube HAL:Common:1.7.9
      Include file:  Drivers\STM32F4xx_HAL_Driver\Inc\stm32f4xx_hal.h
      Source file:   Drivers\STM32F4xx_HAL_Driver\Src\stm32f4xx_hal.c

   * Component: Keil::Device:STM32Cube HAL:Cortex:1.7.9
      Source file:   Drivers\STM32F4xx_HAL_Driver\Src\stm32f4xx_hal_cortex.c

   * Component: Keil::Device:STM32Cube HAL:DMA:1.7.9
      Source file:   Drivers\STM32F4xx_HAL_Driver\Src\stm32f4xx_hal_dma.c
      Source file:   Drivers\STM32F4xx_HAL_Driver\Src\stm32f4xx_hal_dma_ex.c

   * Component: Keil::Device:STM32Cube HAL:GPIO:1.7.9
      Source file:   Drivers\STM32F4xx_HAL_Driver\Src\stm32f4xx_hal_gpio.c

   * Component: Keil::Device:STM32Cube HAL:I2C:1.7.9
      Source file:   Drivers\STM32F4xx_HAL_Driver\Src\stm32f4xx_hal_i2c_ex.c
      Source file:   Drivers\STM32F4xx_HAL_Driver\Src\stm32f4xx_hal_i2c.c

   * Component: Keil::Device:STM32Cube HAL:PWR:1.7.9
      Source file:   Drivers\STM32F4xx_HAL_Driver\Src\stm32f4xx_hal_pwr_ex.c
      Source file:   Drivers\STM32F4xx_HAL_Driver\Src\stm32f4xx_hal_pwr.c

   * Component: Keil::Device:STM32Cube HAL:RCC:1.7.9
      Source file:   Drivers\STM32F4xx_HAL_Driver\Src\stm32f4xx_hal_rcc.c
      Source file:   Drivers\STM32F4xx_HAL_Driver\Src\stm32f4xx_hal_rcc_ex.c

   * Component: Keil::Device:STM32Cube HAL:RTC:1.7.9
      Source file:   Drivers\STM32F4xx_HAL_Driver\Src\stm32f4xx_hal_rtc.c
      Source file:   Drivers\STM32F4xx_HAL_Driver\Src\stm32f4xx_hal_rtc_ex.c

   * Component: Keil::Device:STM32Cube HAL:SPI:1.7.9
      Source file:   Drivers\STM32F4xx_HAL_Driver\Src\stm32f4xx_hal_spi.c

   * Component: Keil::Device:STM32Cube HAL:SRAM:1.7.9
      Source file:   Drivers\STM32F4xx_HAL_Driver\Src\stm32f4xx_hal_sram.c
      Source file:   Drivers\STM32F4xx_HAL_Driver\Src\stm32f4xx_ll_fmc.c

   * Component: Keil::Device:STM32Cube HAL:TIM:1.7.9
      Source file:   Drivers\STM32F4xx_HAL_Driver\Src\stm32f4xx_hal_tim_ex.c
      Source file:   Drivers\STM32F4xx_HAL_Driver\Src\stm32f4xx_hal_tim.c

   * Component: Keil::Device:STM32Cube HAL:UART:1.7.9
      Source file:   Drivers\STM32F4xx_HAL_Driver\Src\stm32f4xx_hal_uart.c

   * Component: Keil::Device:STM32Cube HAL:USART:1.7.9
      Source file:   Drivers\STM32F4xx_HAL_Driver\Src\stm32f4xx_hal_usart.c

   * Component: Keil::Device:Startup:2.6.3
      Source file:   MDK\Device\Source\ARM\STM32F42xxx_43xxx_OPT.s
      Source file:   MDK\Device\Source\ARM\STM32F4xx_OTP.s
      Include file:  Drivers\CMSIS\Device\ST\STM32F4xx\Include\stm32f4xx.h
      Source file:   Drivers\CMSIS\Device\ST\STM32F4xx\Source\Templates\arm\startup_stm32f429xx.s
      Source file:   Drivers\CMSIS\Device\ST\STM32F4xx\Source\Templates\system_stm32f4xx.c
Build Time Elapsed:  00:01:39
</pre>
</body>
</html>
