Component: ARM Compiler 5.06 update 7 (build 960) Tool: armlink [4d3601]

==============================================================================

Section Cross References

    main.o(.text) refers to rtx_kernel.o(.text) for osKernelGetState
    main.o(.text) refers to stm32f4xx_hal_rcc.o(.text) for HAL_RCC_OscConfig
    main.o(.text) refers to stm32f4xx_hal.o(.text) for HAL_GetREVID
    main.o(.text) refers to system_stm32f4xx.o(.text) for SystemCoreClockUpdate
    main.o(.text) refers to luz.o(.text) for initI2C
    main.o(.text) refers to turbidez.o(.text) for ADC1_pins_F429ZI_config
    main.o(.text) refers to principal.o(.text) for Init_Thread_luz
    main.o(.text) refers to bluetooth.o(.text) for initUart
    main.o(.text) refers to stm32f4xx_hal_cortex.o(.text) for HAL_NVIC_EnableIRQ
    main.o(.text) refers to rtx_thread.o(.text) for osThreadNew
    main.o(.text) refers to system_stm32f4xx.o(.data) for SystemCoreClock
    main.o(.text) refers to main.o(.data) for .data
    main.o(.text) refers to principal.o(.constdata) for app_main_attr
    leds.o(.text) refers to stm32f4xx_hal_gpio.o(.text) for HAL_GPIO_Init
    leds.o(.text) refers to leds.o(.constdata) for .constdata
    stm32f4xx_it.o(.text) refers to stm32f4xx_hal.o(.text) for HAL_ResumeTick
    stm32f4xx_it.o(.text) refers to stm32f4xx_hal_gpio.o(.text) for HAL_GPIO_EXTI_IRQHandler
    luz.o(.text) refers to dfltui.o(.text) for __aeabi_ui2d
    luz.o(.text) refers to ddiv.o(.text) for __aeabi_ddiv
    luz.o(.text) refers to d2f.o(.text) for __aeabi_d2f
    luz.o(.text) refers to f2d.o(.text) for __aeabi_f2d
    luz.o(.text) refers to printfa.o(i.__0printf) for __2printf
    luz.o(.text) refers to luz.o(.data) for .data
    luz.o(.data) refers to i2c_stm32f4xx.o(.constdata) for Driver_I2C1
    turbidez.o(.text) refers to memseta.o(.text) for __aeabi_memclr4
    turbidez.o(.text) refers to stm32f4xx_hal_gpio.o(.text) for HAL_GPIO_Init
    turbidez.o(.text) refers to stm32f4xx_hal_adc.o(.text) for HAL_ADC_Init
    turbidez.o(.text) refers to ffltui.o(.text) for __aeabi_ui2f
    turbidez.o(.text) refers to fmul.o(.text) for __aeabi_fmul
    turbidez.o(.text) refers to fscalb.o(.text) for __ARM_scalbnf
    turbidez.o(.text) refers to turbidez.o(.data) for .data
    bluetooth.o(.text) refers to memseta.o(.text) for __aeabi_memclr4
    bluetooth.o(.text) refers to stm32f4xx_hal_gpio.o(.text) for HAL_GPIO_Init
    bluetooth.o(.text) refers to stm32f4xx_hal_uart.o(.text) for HAL_UART_Init
    bluetooth.o(.text) refers to strlen.o(.text) for strlen
    bluetooth.o(.text) refers to f2d.o(.text) for __aeabi_f2d
    bluetooth.o(.text) refers to printfa.o(i.__0sprintf) for __2sprintf
    bluetooth.o(.text) refers to rtx_delay.o(.text) for osDelay
    bluetooth.o(.text) refers to rtx_thread.o(.text) for osThreadNew
    bluetooth.o(.text) refers to bluetooth.o(.bss) for .bss
    bluetooth.o(.text) refers to principal.o(.data) for datosSensorTurbidez
    bluetooth.o(.text) refers to bluetooth.o(.data) for .data
    principal.o(.text) refers to turbidez.o(.text) for ADC_StartConversion_stm
    principal.o(.text) refers to rtx_thread.o(.text) for osThreadNew
    principal.o(.text) refers to luz.o(.text) for realizarMedida
    principal.o(.text) refers to ph.o(.text) for pH_Sensor_Read
    principal.o(.text) refers to principal.o(.data) for .data
    principal.o(.text) refers to principal.o(.bss) for .bss
    principal.o(.constdata) refers to principal.o(.bss) for app_main_stk
    ph.o(.text) refers to memseta.o(.text) for __aeabi_memclr4
    ph.o(.text) refers to stm32f4xx_hal_gpio.o(.text) for HAL_GPIO_Init
    ph.o(.text) refers to stm32f4xx_hal_i2c.o(.text) for HAL_I2C_Init
    ph.o(.text) refers to fflti.o(.text) for __aeabi_i2f
    ph.o(.text) refers to fscalb.o(.text) for __ARM_scalbnf
    ph.o(.text) refers to fmul.o(.text) for __aeabi_fmul
    ph.o(.text) refers to fadd.o(.text) for __aeabi_fsub
    ph.o(.text) refers to fdiv.o(.text) for __aeabi_fdiv
    ph.o(.text) refers to f2d.o(.text) for __aeabi_f2d
    ph.o(.text) refers to printfa.o(i.__0printf) for __2printf
    ph.o(.text) refers to rtx_delay.o(.text) for osDelay
    ph.o(.text) refers to ph.o(.bss) for .bss
    ph.o(.text) refers to ph.o(.data) for .data
    led_32f469idiscovery.o(.text) refers to stm32f4xx_hal_gpio.o(.text) for HAL_GPIO_WritePin
    led_32f469idiscovery.o(.text) refers to led_32f469idiscovery.o(.constdata) for .constdata
    irq_armv7m.o(.text) refers to rtx_system.o(.text) for osRtxPendSV_Handler
    irq_armv7m.o(.text) refers to rtx_kernel.o(.data.os) for osRtxInfo
    irq_armv7m.o(.text) refers to rtx_lib.o(.constdata) for osRtxUserSVC
    rtx_delay.o(.text) refers to rtx_thread.o(.text) for osRtxThreadWaitEnter
    rtx_delay.o(.text) refers to rtx_evr.o(.text) for EvrRtxDelayStarted
    rtx_delay.o(.text) refers to rtx_kernel.o(.data.os) for osRtxInfo
    rtx_evflags.o(.text) refers to rtx_evflags.o(.emb_text) for __asm___13_rtx_evflags_c_e167c757__atomic_set32
[...]
    send                                     0x08000b4f   Thumb Code    32  bluetooth.o(.text)
    Thread_master                            0x08000b6f   Thumb Code    62  bluetooth.o(.text)
    Init_Thread_master                       0x08000bad   Thumb Code    30  bluetooth.o(.text)
    Thread_turbidez                          0x08000bf5   Thumb Code    26  principal.o(.text)
    Init_Thread_turbidez                     0x08000c0f   Thumb Code    30  principal.o(.text)
    Thread_luz                               0x08000c2d   Thumb Code    10  principal.o(.text)
    Init_Thread_luz                          0x08000c37   Thumb Code    30  principal.o(.text)
    Thread_ph                                0x08000c55   Thumb Code     6  principal.o(.text)
    Init_Thread_ph                           0x08000c5b   Thumb Code    30  principal.o(.text)
    creacion_hilos                           0x08000c79   Thumb Code    48  principal.o(.text)
    app_main                                 0x08000ca9   Thumb Code     2  principal.o(.text)
    MX_I2C1_Init                             0x08000cb9   Thumb Code   118  ph.o(.text)
    convert_24bit_to_int32                   0x08000d2f   Thumb Code    42  ph.o(.text)
    adc_code_to_voltage                      0x08000d59   Thumb Code    30  ph.o(.text)
    calcular_pH_calibrado                    0x08000d77   Thumb Code    24  ph.o(.text)
    mostrar_pH_y_voltaje                     0x08000d8f   Thumb Code    48  ph.o(.text)
    pH_Sensor_Read                           0x08000dbf   Thumb Code   100  ph.o(.text)
    SVC_Handler                              0x08000ead   Thumb Code   108  irq_armv7m.o(.text)
    PendSV_Handler                           0x08000f19   Thumb Code    16  irq_armv7m.o(.text)
    SysTick_Handler                          0x08000f29   Thumb Code    16  irq_armv7m.o(.text)
    osDelay                                  0x08000fbb   Thumb Code    46  rtx_delay.o(.text)
    osDelayUntil                             0x08000fe9   Thumb Code    46  rtx_delay.o(.text)
    EvrRtxMemoryInit                         0x08001045   Thumb Code    24  rtx_evr.o(.text)
    EvrRtxMemoryAlloc                        0x0800105d   Thumb Code    18  rtx_evr.o(.text)
    EvrRtxMemoryFree                         0x0800106f   Thumb Code    24  rtx_evr.o(.text)
    EvrRtxMemoryBlockInit                    0x08001087   Thumb Code    20  rtx_evr.o(.text)
    EvrRtxMemoryBlockAlloc                   0x0800109b   Thumb Code    12  rtx_evr.o(.text)
    EvrRtxMemoryBlockFree                    0x080010a7   Thumb Code    24  rtx_evr.o(.text)
    EvrRtxKernelError                        0x080010bf   Thumb Code    12  rtx_evr.o(.text)
    EvrRtxKernelInitialize                   0x080010cb   Thumb Code    10  rtx_evr.o(.text)
    EvrRtxKernelInitialized                  0x080010d5   Thumb Code    10  rtx_evr.o(.text)
    EvrRtxKernelGetInfo                      0x080010df   Thumb Code    24  rtx_evr.o(.text)
    EvrRtxKernelInfoRetrieved                0x080010f7   Thumb Code    40  rtx_evr.o(.text)
    EvrRtxKernelGetState                     0x0800111f   Thumb Code    12  rtx_evr.o(.text)
    EvrRtxKernelStart                        0x0800112b   Thumb Code    12  rtx_evr.o(.text)
    EvrRtxKernelStarted                      0x08001137   Thumb Code    12  rtx_evr.o(.text)
    EvrRtxKernelLock                         0x08001143   Thumb Code    12  rtx_evr.o(.text)
    EvrRtxKernelLocked                       0x0800114f   Thumb Code    12  rtx_evr.o(.text)
    EvrRtxKernelUnlock                       0x0800115b   Thumb Code    12  rtx_evr.o(.text)
    EvrRtxKernelUnlocked                     0x08001167   Thumb Code    12  rtx_evr.o(.text)
    EvrRtxKernelRestoreLock                  0x08001173   Thumb Code    12  rtx_evr.o(.text)
    EvrRtxKernelLockRestored                 0x0800117f   Thumb Code    12  rtx_evr.o(.text)
    EvrRtxKernelSuspend                      0x0800118b   Thumb Code    12  rtx_evr.o(.text)
    EvrRtxKernelSuspended                    0x08001197   Thumb Code    12  rtx_evr.o(.text)
    EvrRtxKernelResume                       0x080011a3   Thumb Code    12  rtx_evr.o(.text)
    EvrRtxKernelResumed                      0x080011af   Thumb Code    12  rtx_evr.o(.text)
    EvrRtxKernelGetTickCount                 0x080011bb   Thumb Code    12  rtx_evr.o(.text)
    EvrRtxKernelGetTickFreq                  0x080011c7   Thumb Code    12  rtx_evr.o(.text)
    EvrRtxKernelGetSysTimerCount             0x080011d3   Thumb Code    12  rtx_evr.o(.text)
    EvrRtxKernelGetSysTimerFreq              0x080011df   Thumb Code    12  rtx_evr.o(.text)
    EvrRtxKernelErrorNotify                  0x080011eb   Thumb Code    12  rtx_evr.o(.text)
    EvrRtxThreadError                        0x080011f7   Thumb Code    12  rtx_evr.o(.text)
    EvrRtxThreadNew                          0x08001203   Thumb Code    22  rtx_evr.o(.text)
    EvrRtxThreadCreated                      0x08001219   Thumb Code    24  rtx_evr.o(.text)
    EvrRtxThreadGetName                      0x08001231   Thumb Code    12  rtx_evr.o(.text)
    EvrRtxThreadGetId                        0x0800123d   Thumb Code    12  rtx_evr.o(.text)
    EvrRtxThreadGetState                     0x08001249   Thumb Code    12  rtx_evr.o(.text)
    EvrRtxThreadGetStackSize                 0x08001255   Thumb Code    12  rtx_evr.o(.text)
    EvrRtxThreadGetStackSpace                0x08001261   Thumb Code    12  rtx_evr.o(.text)
    EvrRtxThreadSetPriority                  0x0800126d   Thumb Code    12  rtx_evr.o(.text)
    EvrRtxThreadPriorityUpdated              0x08001279   Thumb Code    12  rtx_evr.o(.text)
    EvrRtxThreadGetPriority                  0x08001285   Thumb Code    12  rtx_evr.o(.text)
    EvrRtxThreadYield                        0x08001291   Thumb Code    12  rtx_evr.o(.text)
    EvrRtxThreadSuspend                      0x0800129d   Thumb Code    12  rtx_evr.o(.text)
    EvrRtxThreadSuspended                    0x080012a9   Thumb Code    12  rtx_evr.o(.text)
    EvrRtxThreadResume                       0x080012b5   Thumb Code    12  rtx_evr.o(.text)
    EvrRtxThreadResumed                      0x080012c1   Thumb Code    12  rtx_evr.o(.text)
    EvrRtxThreadDetach                       0x080012cd   Thumb Code    12  rtx_evr.o(.text)
    EvrRtxThreadDetached                     0x080012d9   Thumb Code    12  rtx_evr.o(.text)
    EvrRtxThreadJoin                         0x080012e5   Thumb Code    12  rtx_evr.o(.text)
    EvrRtxThreadJoinPending                  0x080012f1   Thumb Code    12  rtx_evr.o(.text)
    EvrRtxThreadJoined                       0x080012fd   Thumb Code    12  rtx_evr.o(.text)
    EvrRtxThreadBlocked                      0x08001309   Thumb Code    10  rtx_evr.o(.text)
    EvrRtxThreadUnblocked                    0x08001313   Thumb Code    12  rtx_evr.o(.text)
    EvrRtxThreadPreempted                    0x0800131f   Thumb Code    12  rtx_evr.o(.text)
    EvrRtxThreadSwitched                     0x0800132b   Thumb Code    12  rtx_evr.o(.text)
    EvrRtxThreadExit                         0x08001337   Thumb Code    12  rtx_evr.o(.text)
    EvrRtxThreadTerminate                    0x08001343   Thumb Code    12  rtx_evr.o(.text)
    EvrRtxThreadDestroyed                    0x0800134f   Thumb Code    12  rtx_evr.o(.text)
    EvrRtxThreadGetCount                     0x0800135b   Thumb Code    12  rtx_evr.o(.text)
    EvrRtxThreadEnumerate                    0x08001367   Thumb Code    24  rtx_evr.o(.text)
    EvrRtxThreadFlagsError                   0x0800137f   Thumb Code    12  rtx_evr.o(.text)
    EvrRtxThreadFlagsSet                     0x0800138b   Thumb Code    10  rtx_evr.o(.text)
    EvrRtxThreadFlagsSetDone                 0x08001395   Thumb Code    10  rtx_evr.o(.text)
    EvrRtxThreadFlagsClear                   0x0800139f   Thumb Code    12  rtx_evr.o(.text)
    EvrRtxThreadFlagsClearDone               0x080013ab   Thumb Code    12  rtx_evr.o(.text)
    EvrRtxThreadFlagsGet                     0x080013b7   Thumb Code    12  rtx_evr.o(.text)
    EvrRtxThreadFlagsWait                    0x080013c3   Thumb Code    24  rtx_evr.o(.text)
    EvrRtxThreadFlagsWaitPending             0x080013db   Thumb Code    24  rtx_evr.o(.text)
    EvrRtxThreadFlagsWaitTimeout             0x080013f3   Thumb Code    12  rtx_evr.o(.text)
    EvrRtxThreadFlagsWaitCompleted           0x080013ff   Thumb Code    20  rtx_evr.o(.text)
    EvrRtxThreadFlagsWaitNotCompleted        0x08001413   Thumb Code    12  rtx_evr.o(.text)
    EvrRtxDelayError                         0x0800141f   Thumb Code    12  rtx_evr.o(.text)
    EvrRtxDelay                              0x0800142b   Thumb Code    10  rtx_evr.o(.text)
    EvrRtxDelayUntil                         0x08001435   Thumb Code    52  rtx_evr.o(.text)
    EvrRtxDelayStarted                       0x08001469   Thumb Code    10  rtx_evr.o(.text)
    EvrRtxDelayUntilStarted                  0x08001473   Thumb Code    12  rtx_evr.o(.text)
    EvrRtxDelayCompleted                     0x0800147f   Thumb Code    12  rtx_evr.o(.text)
    EvrRtxTimerError                         0x0800148b   Thumb Code    12  rtx_evr.o(.text)
    EvrRtxTimerCallback                      0x08001497   Thumb Code    10  rtx_evr.o(.text)
    EvrRtxTimerNew                           0x080014a1   Thumb Code    18  rtx_evr.o(.text)
    EvrRtxTimerCreated                       0x080014b3   Thumb Code    12  rtx_evr.o(.text)
    EvrRtxTimerGetName                       0x080014bf   Thumb Code    12  rtx_evr.o(.text)
    EvrRtxTimerStart                         0x080014cb   Thumb Code    12  rtx_evr.o(.text)
    EvrRtxTimerStarted                       0x080014d7   Thumb Code    12  rtx_evr.o(.text)
    EvrRtxTimerStop                          0x080014e3   Thumb Code    12  rtx_evr.o(.text)
    EvrRtxTimerStopped                       0x080014ef   Thumb Code    12  rtx_evr.o(.text)
    EvrRtxTimerIsRunning                     0x080014fb   Thumb Code    12  rtx_evr.o(.text)
    EvrRtxTimerDelete                        0x08001507   Thumb Code    12  rtx_evr.o(.text)
    EvrRtxTimerDestroyed                     0x08001513   Thumb Code    12  rtx_evr.o(.text)
    EvrRtxEventFlagsError                    0x0800151f   Thumb Code    12  rtx_evr.o(.text)
    EvrRtxEventFlagsNew                      0x0800152b   Thumb Code    10  rtx_evr.o(.text)
    EvrRtxEventFlagsCreated                  0x08001535   Thumb Code    12  rtx_evr.o(.text)
    EvrRtxEventFlagsGetName                  0x08001541   Thumb Code    12  rtx_evr.o(.text)
    EvrRtxEventFlagsSet                      0x0800154d   Thumb Code    12  rtx_evr.o(.text)
    EvrRtxEventFlagsSetDone                  0x08001559   Thumb Code    12  rtx_evr.o(.text)
    EvrRtxEventFlagsClear                    0x08001565   Thumb Code    12  rtx_evr.o(.text)
    EvrRtxEventFlagsClearDone                0x08001571   Thumb Code    12  rtx_evr.o(.text)
    EvrRtxEventFlagsGet                      0x0800157d   Thumb Code    12  rtx_evr.o(.text)
    EvrRtxEventFlagsWait                     0x08001589   Thumb Code    20  rtx_evr.o(.text)
    EvrRtxEventFlagsWaitPending              0x0800159d   Thumb Code    20  rtx_evr.o(.text)
    EvrRtxEventFlagsWaitTimeout              0x080015b1   Thumb Code    12  rtx_evr.o(.text)
    EvrRtxEventFlagsWaitCompleted            0x080015bd   Thumb Code    20  rtx_evr.o(.text)
    EvrRtxEventFlagsWaitNotCompleted         0x080015d1   Thumb Code    24  rtx_evr.o(.text)
    EvrRtxEventFlagsDelete                   0x080015e9   Thumb Code    12  rtx_evr.o(.text)
    EvrRtxEventFlagsDestroyed                0x080015f5   Thumb Code    12  rtx_evr.o(.text)
    EvrRtxMutexError                         0x08001601   Thumb Code    12  rtx_evr.o(.text)
    EvrRtxMutexNew                           0x0800160d   Thumb Code    12  rtx_evr.o(.text)
    EvrRtxMutexCreated                       0x08001619   Thumb Code    10  rtx_evr.o(.text)
    EvrRtxMutexGetName                       0x08001623   Thumb Code    10  rtx_evr.o(.text)
    EvrRtxMutexAcquire                       0x0800162d   Thumb Code    12  rtx_evr.o(.text)
    EvrRtxMutexAcquirePending                0x08001639   Thumb Code    12  rtx_evr.o(.text)
    EvrRtxMutexAcquireTimeout                0x08001645   Thumb Code    12  rtx_evr.o(.text)
    EvrRtxMutexAcquired                      0x08001651   Thumb Code    12  rtx_evr.o(.text)
    EvrRtxMutexNotAcquired                   0x0800165d   Thumb Code    12  rtx_evr.o(.text)
    EvrRtxMutexRelease                       0x08001669   Thumb Code    12  rtx_evr.o(.text)
    EvrRtxMutexReleased                      0x08001675   Thumb Code    12  rtx_evr.o(.text)
    EvrRtxMutexGetOwner                      0x08001681   Thumb Code    12  rtx_evr.o(.text)
    EvrRtxMutexDelete                        0x0800168d   Thumb Code    12  rtx_evr.o(.text)
    EvrRtxMutexDestroyed                     0x08001699   Thumb Code    12  rtx_evr.o(.text)
    EvrRtxSemaphoreError                     0x080016a5   Thumb Code    12  rtx_evr.o(.text)
    EvrRtxSemaphoreNew                       0x080016b1   Thumb Code    24  rtx_evr.o(.text)
    EvrRtxSemaphoreCreated                   0x080016c9   Thumb Code    10  rtx_evr.o(.text)
    EvrRtxSemaphoreGetName                   0x080016d3   Thumb Code    10  rtx_evr.o(.text)
    EvrRtxSemaphoreAcquire                   0x080016dd   Thumb Code    12  rtx_evr.o(.text)
    EvrRtxSemaphoreAcquirePending            0x080016e9   Thumb Code    12  rtx_evr.o(.text)
    EvrRtxSemaphoreAcquireTimeout            0x080016f5   Thumb Code    12  rtx_evr.o(.text)
    EvrRtxSemaphoreAcquired                  0x08001701   Thumb Code    12  rtx_evr.o(.text)
    EvrRtxSemaphoreNotAcquired               0x0800170d   Thumb Code    12  rtx_evr.o(.text)
    EvrRtxSemaphoreRelease                   0x08001719   Thumb Code    12  rtx_evr.o(.text)
    EvrRtxSemaphoreReleased                  0x08001725   Thumb Code    12  rtx_evr.o(.text)
    EvrRtxSemaphoreGetCount                  0x08001731   Thumb Code    12  rtx_evr.o(.text)
    EvrRtxSemaphoreDelete                    0x0800173d   Thumb Code    12  rtx_evr.o(.text)
    EvrRtxSemaphoreDestroyed                 0x08001749   Thumb Code    12  rtx_evr.o(.text)
    EvrRtxMemoryPoolError                    0x08001755   Thumb Code    12  rtx_evr.o(.text)
    EvrRtxMemoryPoolNew                      0x08001761   Thumb Code    24  rtx_evr.o(.text)
    EvrRtxMemoryPoolCreated                  0x08001779   Thumb Code    10  rtx_evr.o(.text)
    EvrRtxMemoryPoolGetName                  0x08001783   Thumb Code    10  rtx_evr.o(.text)
    EvrRtxMemoryPoolAlloc                    0x0800178d   Thumb Code    12  rtx_evr.o(.text)
    EvrRtxMemoryPoolAllocPending             0x08001799   Thumb Code    12  rtx_evr.o(.text)
    EvrRtxMemoryPoolAllocTimeout             0x080017a5   Thumb Code    12  rtx_evr.o(.text)
    EvrRtxMemoryPoolAllocated                0x080017b1   Thumb Code    12  rtx_evr.o(.text)
    EvrRtxMemoryPoolAllocFailed              0x080017bd   Thumb Code    12  rtx_evr.o(.text)
    EvrRtxMemoryPoolFree                     0x080017c9   Thumb Code    12  rtx_evr.o(.text)
    EvrRtxMemoryPoolDeallocated              0x080017d5   Thumb Code    12  rtx_evr.o(.text)
    EvrRtxMemoryPoolFreeFailed               0x080017e1   Thumb Code    12  rtx_evr.o(.text)
    EvrRtxMemoryPoolGetCapacity              0x080017ed   Thumb Code    12  rtx_evr.o(.text)
    EvrRtxMemoryPoolGetBlockSize             0x080017f9   Thumb Code    12  rtx_evr.o(.text)
    EvrRtxMemoryPoolGetCount                 0x08001805   Thumb Code    12  rtx_evr.o(.text)
    EvrRtxMemoryPoolGetSpace                 0x08001811   Thumb Code    12  rtx_evr.o(.text)
    EvrRtxMemoryPoolDelete                   0x0800181d   Thumb Code    12  rtx_evr.o(.text)
    EvrRtxMemoryPoolDestroyed                0x08001829   Thumb Code    12  rtx_evr.o(.text)
    EvrRtxMessageQueueError                  0x08001835   Thumb Code    12  rtx_evr.o(.text)
    EvrRtxMessageQueueNew                    0x08001841   Thumb Code    64  rtx_evr.o(.text)
    EvrRtxMessageQueueCreated                0x08001881   Thumb Code    10  rtx_evr.o(.text)
    EvrRtxMessageQueueGetName                0x0800188b   Thumb Code    10  rtx_evr.o(.text)
    EvrRtxMessageQueuePut                    0x08001895   Thumb Code    20  rtx_evr.o(.text)
    EvrRtxMessageQueuePutPending             0x080018a9   Thumb Code    24  rtx_evr.o(.text)
    EvrRtxMessageQueuePutTimeout             0x080018c1   Thumb Code    12  rtx_evr.o(.text)
    EvrRtxMessageQueueInsertPending          0x080018cd   Thumb Code    12  rtx_evr.o(.text)
    EvrRtxMessageQueueInserted               0x080018d9   Thumb Code    12  rtx_evr.o(.text)
    EvrRtxMessageQueueNotInserted            0x080018e5   Thumb Code    12  rtx_evr.o(.text)
    EvrRtxMessageQueueGet                    0x080018f1   Thumb Code    20  rtx_evr.o(.text)
    EvrRtxMessageQueueGetPending             0x08001905   Thumb Code    24  rtx_evr.o(.text)
    EvrRtxMessageQueueGetTimeout             0x0800191d   Thumb Code    12  rtx_evr.o(.text)
    EvrRtxMessageQueueRetrieved              0x08001929   Thumb Code    12  rtx_evr.o(.text)
    EvrRtxMessageQueueNotRetrieved           0x08001935   Thumb Code    12  rtx_evr.o(.text)
    EvrRtxMessageQueueGetCapacity            0x08001941   Thumb Code    12  rtx_evr.o(.text)
    EvrRtxMessageQueueGetMsgSize             0x0800194d   Thumb Code    12  rtx_evr.o(.text)
    EvrRtxMessageQueueGetCount               0x08001959   Thumb Code    12  rtx_evr.o(.text)
    EvrRtxMessageQueueGetSpace               0x08001965   Thumb Code    12  rtx_evr.o(.text)
    EvrRtxMessageQueueReset                  0x08001971   Thumb Code    12  rtx_evr.o(.text)
    EvrRtxMessageQueueResetDone              0x0800197d   Thumb Code    12  rtx_evr.o(.text)
    EvrRtxMessageQueueDelete                 0x08001989   Thumb Code    12  rtx_evr.o(.text)
    EvrRtxMessageQueueDestroyed              0x08001995   Thumb Code    12  rtx_evr.o(.text)
    osRtxKernelPreInit                       0x08001e09   Thumb Code     2  rtx_kernel.o(.text)
    osRtxKernelErrorNotify                   0x08001e0b   Thumb Code    26  rtx_kernel.o(.text)
    osKernelInitialize                       0x08001e25   Thumb Code    44  rtx_kernel.o(.text)
    osKernelGetInfo                          0x08001e51   Thumb Code    68  rtx_kernel.o(.text)
    osKernelGetState                         0x08001e95   Thumb Code    40  rtx_kernel.o(.text)
    osKernelStart                            0x08001ebd   Thumb Code    40  rtx_kernel.o(.text)
    osKernelLock                             0x08001ee5   Thumb Code    40  rtx_kernel.o(.text)
    osKernelUnlock                           0x08001f0d   Thumb Code    40  rtx_kernel.o(.text)
    osKernelRestoreLock                      0x08001f35   Thumb Code    46  rtx_kernel.o(.text)
    osKernelSuspend                          0x08001f63   Thumb Code    38  rtx_kernel.o(.text)
    osKernelResume                           0x08001f89   Thumb Code    44  rtx_kernel.o(.text)
    osKernelGetTickCount                     0x08001fb5   Thumb Code    28  rtx_kernel.o(.text)
    osKernelGetTickFreq                      0x08001fd1   Thumb Code    28  rtx_kernel.o(.text)
    osKernelGetSysTimerCount                 0x08001fed   Thumb Code    28  rtx_kernel.o(.text)
    osKernelGetSysTimerFreq                  0x08002009   Thumb Code    28  rtx_kernel.o(.text)
    osRtxMemoryInit                          0x08002081   Thumb Code    64  rtx_memory.o(.text)
    osRtxMemoryAlloc                         0x080020c1   Thumb Code   144  rtx_memory.o(.text)
    osRtxMemoryFree                          0x08002151   Thumb Code    84  rtx_memory.o(.text)
    osRtxMemoryPoolInit                      0x080021a5   Thumb Code    72  rtx_mempool.o(.text)
    osRtxMemoryPoolAlloc                     0x080021ed   Thumb Code    50  rtx_mempool.o(.text)
    osRtxMemoryPoolFree                      0x0800221f   Thumb Code    70  rtx_mempool.o(.text)
    osMemoryPoolNew                          0x080025ef   Thumb Code    58  rtx_mempool.o(.text)
    osMemoryPoolGetName                      0x08002629   Thumb Code    38  rtx_mempool.o(.text)
    osMemoryPoolAlloc                        0x0800264f   Thumb Code    94  rtx_mempool.o(.text)
    osMemoryPoolFree                         0x080026ad   Thumb Code   104  rtx_mempool.o(.text)
    osMemoryPoolGetCapacity                  0x08002715   Thumb Code    34  rtx_mempool.o(.text)
    osMemoryPoolGetBlockSize                 0x08002737   Thumb Code    34  rtx_mempool.o(.text)
    osMemoryPoolGetCount                     0x08002759   Thumb Code    72  rtx_mempool.o(.text)
    osMemoryPoolGetSpace                     0x080027a1   Thumb Code    34  rtx_mempool.o(.text)
    osMemoryPoolDelete                       0x080027c3   Thumb Code    48  rtx_mempool.o(.text)
    osRtxMessageQueueTimerSetup              0x08002ef9   Thumb Code    30  rtx_msgqueue.o(.text)
    osMessageQueueNew                        0x08002f17   Thumb Code    58  rtx_msgqueue.o(.text)
    osMessageQueueGetName                    0x08002f51   Thumb Code    38  rtx_msgqueue.o(.text)
    osMessageQueuePut                        0x08002f77   Thumb Code   156  rtx_msgqueue.o(.text)
    osMessageQueueGet                        0x08003013   Thumb Code   142  rtx_msgqueue.o(.text)
    osMessageQueueGetCapacity                0x080030a1   Thumb Code    34  rtx_msgqueue.o(.text)
    osMessageQueueGetMsgSize                 0x080030c3   Thumb Code    34  rtx_msgqueue.o(.text)
    osMessageQueueGetCount                   0x080030e5   Thumb Code    34  rtx_msgqueue.o(.text)
    osMessageQueueGetSpace                   0x08003107   Thumb Code    34  rtx_msgqueue.o(.text)
    osMessageQueueReset                      0x08003129   Thumb Code    48  rtx_msgqueue.o(.text)
    osMessageQueueDelete                     0x08003159   Thumb Code    48  rtx_msgqueue.o(.text)
    osRtxMutexOwnerRelease                   0x080031d9   Thumb Code    88  rtx_mutex.o(.text)
    osRtxMutexOwnerRestore                   0x08003231   Thumb Code    70  rtx_mutex.o(.text)
    osMutexNew                               0x080035e3   Thumb Code    46  rtx_mutex.o(.text)
    osMutexGetName                           0x08003611   Thumb Code    38  rtx_mutex.o(.text)
    osMutexAcquire                           0x08003637   Thumb Code    54  rtx_mutex.o(.text)
    osMutexRelease                           0x0800366d   Thumb Code    48  rtx_mutex.o(.text)
    osMutexGetOwner                          0x0800369d   Thumb Code    58  rtx_mutex.o(.text)
    osMutexDelete                            0x080036d7   Thumb Code    48  rtx_mutex.o(.text)
    osRtxTick_Handler                        0x08003789   Thumb Code   124  rtx_system.o(.text)
    osRtxPendSV_Handler                      0x08003805   Thumb Code    74  rtx_system.o(.text)
    osRtxPostProcess                         0x0800384f   Thumb Code    46  rtx_system.o(.text)
    osRtxThreadListPut                       0x080038bf   Thumb Code    38  rtx_thread.o(.text)
    osRtxThreadListGet                       0x080038e5   Thumb Code    22  rtx_thread.o(.text)
    osRtxThreadListRemove                    0x08003907   Thumb Code    24  rtx_thread.o(.text)
    osRtxThreadListSort                      0x0800391f   Thumb Code    42  rtx_thread.o(.text)
    osRtxThreadReadyPut                      0x08003967   Thumb Code    10  rtx_thread.o(.text)
    osRtxThreadRegPtr                        0x08003a1b   Thumb Code     6  rtx_thread.o(.text)
    osRtxThreadDelayTick                     0x08003a21   Thumb Code   206  rtx_thread.o(.text)
    osRtxThreadSwitch                        0x08003b1d   Thumb Code    14  rtx_thread.o(.text)
    osRtxThreadDispatch                      0x08003b2b   Thumb Code   100  rtx_thread.o(.text)
    osRtxThreadWaitExit                      0x08003b8f   Thumb Code    48  rtx_thread.o(.text)
    osRtxThreadWaitEnter                     0x08003bbf   Thumb Code    62  rtx_thread.o(.text)
    osThreadExit                             0x08003d23   Thumb Code    22  rtx_thread.o(.text)
    osRtxThreadStartup                       0x080045ad   Thumb Code    56  rtx_thread.o(.text)
    osThreadNew                              0x080045e5   Thumb Code    58  rtx_thread.o(.text)
    osThreadGetName                          0x0800461f   Thumb Code    56  rtx_thread.o(.text)
    osThreadGetId                            0x08004657   Thumb Code    28  rtx_thread.o(.text)
    osThreadGetState                         0x08004673   Thumb Code    42  rtx_thread.o(.text)
    osThreadGetStackSize                     0x0800469d   Thumb Code    38  rtx_thread.o(.text)
    osThreadGetStackSpace                    0x080046c3   Thumb Code    38  rtx_thread.o(.text)
    osThreadSetPriority                      0x080046e9   Thumb Code    54  rtx_thread.o(.text)
    osThreadGetPriority                      0x0800471f   Thumb Code    42  rtx_thread.o(.text)
    osThreadYield                            0x08004749   Thumb Code    42  rtx_thread.o(.text)
    osThreadSuspend                          0x08004773   Thumb Code    48  rtx_thread.o(.text)
    osThreadResume                           0x080047a3   Thumb Code    48  rtx_thread.o(.text)
    osThreadDetach                           0x080047d3   Thumb Code    48  rtx_thread.o(.text)
    osThreadJoin                             0x08004803   Thumb Code    48  rtx_thread.o(.text)
    osThreadTerminate                        0x08004833   Thumb Code    48  rtx_thread.o(.text)
    osThreadGetCount                         0x08004863   Thumb Code    32  rtx_thread.o(.text)
    osThreadEnumerate                        0x08004883   Thumb Code    44  rtx_thread.o(.text)
    osThreadFlagsSet                         0x080048af   Thumb Code   112  rtx_thread.o(.text)
    osThreadFlagsClear                       0x0800491f   Thumb Code    48  rtx_thread.o(.text)
    osThreadFlagsGet                         0x0800494f   Thumb Code    32  rtx_thread.o(.text)
    osThreadFlagsWait                        0x0800496f   Thumb Code    60  rtx_thread.o(.text)
    osRtxTimerSetup                          0x08004aeb   Thumb Code    24  rtx_timer.o(.text)
    osRtxTimerThread                         0x08004b03   Thumb Code    40  rtx_timer.o(.text)
    osTimerNew                               0x08004d33   Thumb Code    66  rtx_timer.o(.text)
    osTimerGetName                           0x08004d75   Thumb Code    38  rtx_timer.o(.text)
    osTimerStart                             0x08004d9b   Thumb Code    54  rtx_timer.o(.text)
    osTimerStop                              0x08004dd1   Thumb Code    72  rtx_timer.o(.text)
    osTimerIsRunning                         0x08004e19   Thumb Code    38  rtx_timer.o(.text)
    osTimerDelete                            0x08004e3f   Thumb Code    48  rtx_timer.o(.text)
    OS_Tick_Setup                            0x08004e99   Thumb Code    58  os_systick.o(.text)
    OS_Tick_Enable                           0x08004ed3   Thumb Code    36  os_systick.o(.text)
    OS_Tick_Disable                          0x08004ef7   Thumb Code    36  os_systick.o(.text)
    OS_Tick_AcknowledgeIRQ                   0x08004f1b   Thumb Code     8  os_systick.o(.text)
    OS_Tick_GetIRQn                          0x08004f23   Thumb Code     6  os_systick.o(.text)
    OS_Tick_GetClock                         0x08004f29   Thumb Code     6  os_systick.o(.text)
    OS_Tick_GetInterval                      0x08004f2f   Thumb Code    10  os_systick.o(.text)
    OS_Tick_GetCount                         0x08004f39   Thumb Code    12  os_systick.o(.text)
    OS_Tick_GetOverflow                      0x08004f45   Thumb Code    12  os_systick.o(.text)
    osRtxIdleThread                          0x08004f5d   Thumb Code     2  rtx_config.o(.text)
    osRtxErrorNotify                         0x08004f5f   Thumb Code     2  rtx_config.o(.text)
    I2C1_EV_IRQHandler                       0x080061a9   Thumb Code     4  i2c_stm32f4xx.o(.text)
    I2C1_ER_IRQHandler                       0x080061ad   Thumb Code     4  i2c_stm32f4xx.o(.text)
    SPI1_IRQHandler                          0x0800727b   Thumb Code     4  spi_stm32f4xx.o(.text)
    DMA2_Stream5_IRQHandler                  0x08007283   Thumb Code    18  spi_stm32f4xx.o(.text)
    DMA2_Stream0_IRQHandler                  0x08007299   Thumb Code    20  spi_stm32f4xx.o(.text)
    USART_IRQHandler                         0x0800823d   Thumb Code   516  usart_stm32f4xx.o(.text)
    USART3_IRQHandler                        0x08008489   Thumb Code     4  usart_stm32f4xx.o(.text)
    EventRecorderTimerGetCount               0x0800853b   Thumb Code     6  eventrecorder.o(.text)
    EventRecorderTimerSetup                  0x080085ab   Thumb Code    24  eventrecorder.o(.text)
    EventRecorderTimerGetFreq                0x080085c3   Thumb Code     6  eventrecorder.o(.text)
    EventRecorderStart                       0x080085c9   Thumb Code    40  eventrecorder.o(.text)
    EventRecorderEnable                      0x080085f1   Thumb Code    88  eventrecorder.o(.text)
    EventRecorderInitialize                  0x08008649   Thumb Code   228  eventrecorder.o(.text)
    EventRecorderDisable                     0x0800872d   Thumb Code    84  eventrecorder.o(.text)
    EventRecorderStop                        0x08008781   Thumb Code    42  eventrecorder.o(.text)
    EventRecorderClockUpdate                 0x080087ab   Thumb Code    34  eventrecorder.o(.text)
    EventRecordData                          0x080087cd   Thumb Code   298  eventrecorder.o(.text)
    EventRecord2                             0x080088f7   Thumb Code    60  eventrecorder.o(.text)
    EventRecord4                             0x08008933   Thumb Code   106  eventrecorder.o(.text)
    ITM_SendChar                             0x080089c9   Thumb Code    32  retarget_io.o(.text)
    ITM_ReceiveChar                          0x080089e9   Thumb Code    20  retarget_io.o(.text)
    fputc                                    0x080089ff   Thumb Code    14  retarget_io.o(.text)
    fgetc                                    0x08008a0d   Thumb Code     6  retarget_io.o(.text)
    __backspace                              0x08008a13   Thumb Code     6  retarget_io.o(.text)
    abort                                    0x08008a19   Thumb Code     2  retarget_io.o(.text)
    __aeabi_assert                           0x08008a1b   Thumb Code    98  retarget_io.o(.text)
    HAL_MspInit                              0x08008ab9   Thumb Code     2  stm32f4xx_hal.o(.text)
    HAL_InitTick                             0x08008abb   Thumb Code    58  stm32f4xx_hal.o(.text)
    HAL_Init                                 0x08008af5   Thumb Code    40  stm32f4xx_hal.o(.text)
    HAL_MspDeInit                            0x08008b1d   Thumb Code     2  stm32f4xx_hal.o(.text)
    HAL_DeInit                               0x08008b1f   Thumb Code    48  stm32f4xx_hal.o(.text)
    HAL_IncTick                              0x08008b4f   Thumb Code    12  stm32f4xx_hal.o(.text)
    HAL_GetTickPrio                          0x08008b61   Thumb Code     6  stm32f4xx_hal.o(.text)
    HAL_SetTickFreq                          0x08008b67   Thumb Code    30  stm32f4xx_hal.o(.text)
    HAL_GetTickFreq                          0x08008b85   Thumb Code     6  stm32f4xx_hal.o(.text)
    HAL_Delay                                0x08008b8b   Thumb Code    32  stm32f4xx_hal.o(.text)
    HAL_SuspendTick                          0x08008bab   Thumb Code    14  stm32f4xx_hal.o(.text)
    HAL_ResumeTick                           0x08008bb9   Thumb Code    14  stm32f4xx_hal.o(.text)
    HAL_GetHalVersion                        0x08008bc7   Thumb Code     4  stm32f4xx_hal.o(.text)
    HAL_GetREVID                             0x08008bcb   Thumb Code     8  stm32f4xx_hal.o(.text)
    HAL_GetDEVID                             0x08008bd3   Thumb Code    10  stm32f4xx_hal.o(.text)
    HAL_DBGMCU_EnableDBGSleepMode            0x08008bdd   Thumb Code    12  stm32f4xx_hal.o(.text)
    HAL_DBGMCU_DisableDBGSleepMode           0x08008be9   Thumb Code    12  stm32f4xx_hal.o(.text)
    HAL_DBGMCU_EnableDBGStopMode             0x08008bf5   Thumb Code    12  stm32f4xx_hal.o(.text)
    HAL_DBGMCU_DisableDBGStopMode            0x08008c01   Thumb Code    12  stm32f4xx_hal.o(.text)
    HAL_DBGMCU_EnableDBGStandbyMode          0x08008c0d   Thumb Code    12  stm32f4xx_hal.o(.text)
    HAL_DBGMCU_DisableDBGStandbyMode         0x08008c19   Thumb Code    12  stm32f4xx_hal.o(.text)
    HAL_EnableCompensationCell               0x08008c25   Thumb Code     8  stm32f4xx_hal.o(.text)
    HAL_DisableCompensationCell              0x08008c2d   Thumb Code     8  stm32f4xx_hal.o(.text)
    HAL_GetUIDw0                             0x08008c35   Thumb Code     6  stm32f4xx_hal.o(.text)
    HAL_GetUIDw1                             0x08008c3b   Thumb Code     8  stm32f4xx_hal.o(.text)
    HAL_GetUIDw2                             0x08008c43   Thumb Code     8  stm32f4xx_hal.o(.text)
    HAL_EnableMemorySwappingBank             0x08008c4b   Thumb Code     8  stm32f4xx_hal.o(.text)
    HAL_DisableMemorySwappingBank            0x08008c53   Thumb Code     8  stm32f4xx_hal.o(.text)
    HAL_ADC_MspInit                          0x08008dab   Thumb Code     2  stm32f4xx_hal_adc.o(.text)
    HAL_ADC_Init                             0x08008dad   Thumb Code    84  stm32f4xx_hal_adc.o(.text)
    HAL_ADC_MspDeInit                        0x08008e01   Thumb Code     2  stm32f4xx_hal_adc.o(.text)
    HAL_ADC_DeInit                           0x08008e03   Thumb Code    62  stm32f4xx_hal_adc.o(.text)
    HAL_ADC_Start                            0x08008e41   Thumb Code   234  stm32f4xx_hal_adc.o(.text)
    HAL_ADC_Stop                             0x08008f2b   Thumb Code    60  stm32f4xx_hal_adc.o(.text)
    HAL_ADC_PollForConversion                0x08008f67   Thumb Code   162  stm32f4xx_hal_adc.o(.text)
    HAL_ADC_PollForEvent                     0x08009009   Thumb Code   138  stm32f4xx_hal_adc.o(.text)
    HAL_ADC_Start_IT                         0x08009093   Thumb Code   244  stm32f4xx_hal_adc.o(.text)
    HAL_ADC_Stop_IT                          0x08009187   Thumb Code    70  stm32f4xx_hal_adc.o(.text)
    HAL_ADC_ErrorCallback                    0x080091cd   Thumb Code     2  stm32f4xx_hal_adc.o(.text)
    HAL_ADC_LevelOutOfWindowCallback         0x080091cf   Thumb Code     2  stm32f4xx_hal_adc.o(.text)
    HAL_ADC_ConvCpltCallback                 0x080091d1   Thumb Code     2  stm32f4xx_hal_adc.o(.text)
    HAL_ADC_IRQHandler                       0x080091d3   Thumb Code   318  stm32f4xx_hal_adc.o(.text)
    HAL_ADC_ConvHalfCpltCallback             0x08009327   Thumb Code     2  stm32f4xx_hal_adc.o(.text)
    HAL_ADC_Start_DMA                        0x080093a1   Thumb Code   336  stm32f4xx_hal_adc.o(.text)
    HAL_ADC_Stop_DMA                         0x080094f1   Thumb Code    88  stm32f4xx_hal_adc.o(.text)
    HAL_ADC_GetValue                         0x08009549   Thumb Code     6  stm32f4xx_hal_adc.o(.text)
    HAL_ADC_ConfigChannel                    0x0800954f   Thumb Code   344  stm32f4xx_hal_adc.o(.text)
    HAL_ADC_AnalogWDGConfig                  0x080096a7   Thumb Code   112  stm32f4xx_hal_adc.o(.text)
    HAL_ADC_GetState                         0x08009717   Thumb Code     4  stm32f4xx_hal_adc.o(.text)
    HAL_ADC_GetError                         0x0800971b   Thumb Code     4  stm32f4xx_hal_adc.o(.text)
    HAL_ADCEx_InjectedStart                  0x08009739   Thumb Code   208  stm32f4xx_hal_adc_ex.o(.text)
    HAL_ADCEx_InjectedStart_IT               0x08009809   Thumb Code   218  stm32f4xx_hal_adc_ex.o(.text)
    HAL_ADCEx_InjectedStop                   0x080098e3   Thumb Code    86  stm32f4xx_hal_adc_ex.o(.text)
    HAL_ADCEx_InjectedPollForConversion      0x08009939   Thumb Code   136  stm32f4xx_hal_adc_ex.o(.text)
    HAL_ADCEx_InjectedStop_IT                0x080099c1   Thumb Code    94  stm32f4xx_hal_adc_ex.o(.text)
    HAL_ADCEx_InjectedGetValue               0x08009a1f   Thumb Code    62  stm32f4xx_hal_adc_ex.o(.text)
    HAL_ADCEx_MultiModeStart_DMA             0x08009acf   Thumb Code   252  stm32f4xx_hal_adc_ex.o(.text)
    HAL_ADCEx_MultiModeStop_DMA              0x08009bcb   Thumb Code    90  stm32f4xx_hal_adc_ex.o(.text)
    HAL_ADCEx_MultiModeGetValue              0x08009c25   Thumb Code     6  stm32f4xx_hal_adc_ex.o(.text)
    HAL_ADCEx_InjectedConvCpltCallback       0x08009c2b   Thumb Code     2  stm32f4xx_hal_adc_ex.o(.text)
    HAL_ADCEx_InjectedConfigChannel          0x08009c2d   Thumb Code   458  stm32f4xx_hal_adc_ex.o(.text)
    HAL_ADCEx_MultiModeConfigChannel         0x08009df7   Thumb Code    78  stm32f4xx_hal_adc_ex.o(.text)
    HAL_NVIC_SetPriorityGrouping             0x08009e5d   Thumb Code    26  stm32f4xx_hal_cortex.o(.text)
    HAL_NVIC_SetPriority                     0x08009e77   Thumb Code    60  stm32f4xx_hal_cortex.o(.text)
    HAL_NVIC_EnableIRQ                       0x08009eb3   Thumb Code    26  stm32f4xx_hal_cortex.o(.text)
    HAL_NVIC_DisableIRQ                      0x08009ecd   Thumb Code    34  stm32f4xx_hal_cortex.o(.text)
    HAL_NVIC_SystemReset                     0x08009eef   Thumb Code    28  stm32f4xx_hal_cortex.o(.text)
    HAL_SYSTICK_Config                       0x08009f0b   Thumb Code    40  stm32f4xx_hal_cortex.o(.text)
    HAL_MPU_Disable                          0x08009f33   Thumb Code    26  stm32f4xx_hal_cortex.o(.text)
    HAL_MPU_Enable                           0x08009f4d   Thumb Code    32  stm32f4xx_hal_cortex.o(.text)
    HAL_MPU_ConfigRegion                     0x08009f6d   Thumb Code    84  stm32f4xx_hal_cortex.o(.text)
    HAL_NVIC_GetPriorityGrouping             0x08009fc1   Thumb Code    10  stm32f4xx_hal_cortex.o(.text)
    HAL_NVIC_GetPriority                     0x08009fcb   Thumb Code    86  stm32f4xx_hal_cortex.o(.text)
    HAL_NVIC_SetPendingIRQ                   0x0800a021   Thumb Code    26  stm32f4xx_hal_cortex.o(.text)
    HAL_NVIC_GetPendingIRQ                   0x0800a03b   Thumb Code    40  stm32f4xx_hal_cortex.o(.text)
    HAL_NVIC_ClearPendingIRQ                 0x0800a063   Thumb Code    26  stm32f4xx_hal_cortex.o(.text)
    HAL_NVIC_GetActive                       0x0800a07d   Thumb Code    40  stm32f4xx_hal_cortex.o(.text)
    HAL_SYSTICK_CLKSourceConfig              0x0800a0a5   Thumb Code    28  stm32f4xx_hal_cortex.o(.text)
    HAL_SYSTICK_Callback                     0x0800a0c1   Thumb Code     2  stm32f4xx_hal_cortex.o(.text)
    HAL_SYSTICK_IRQHandler                   0x0800a0c3   Thumb Code     8  stm32f4xx_hal_cortex.o(.text)
    HAL_DMA_Init                             0x0800a193   Thumb Code   208  stm32f4xx_hal_dma.o(.text)
    HAL_DMA_DeInit                           0x0800a263   Thumb Code   102  stm32f4xx_hal_dma.o(.text)
    HAL_DMA_Start                            0x0800a2f3   Thumb Code    70  stm32f4xx_hal_dma.o(.text)
    HAL_DMA_Start_IT                         0x0800a339   Thumb Code   108  stm32f4xx_hal_dma.o(.text)
    HAL_DMA_Abort                            0x0800a3a5   Thumb Code   140  stm32f4xx_hal_dma.o(.text)
    HAL_DMA_Abort_IT                         0x0800a431   Thumb Code    36  stm32f4xx_hal_dma.o(.text)
    HAL_DMA_PollForTransfer                  0x0800a455   Thumb Code   296  stm32f4xx_hal_dma.o(.text)
    HAL_DMA_IRQHandler                       0x0800a57d   Thumb Code   460  stm32f4xx_hal_dma.o(.text)
    HAL_DMA_RegisterCallback                 0x0800a749   Thumb Code    80  stm32f4xx_hal_dma.o(.text)
    HAL_DMA_UnRegisterCallback               0x0800a799   Thumb Code   100  stm32f4xx_hal_dma.o(.text)
    HAL_DMA_GetState                         0x0800a7fd   Thumb Code     6  stm32f4xx_hal_dma.o(.text)
    HAL_DMA_GetError                         0x0800a803   Thumb Code     4  stm32f4xx_hal_dma.o(.text)
    HAL_GPIO_Init                            0x0800a80d   Thumb Code   410  stm32f4xx_hal_gpio.o(.text)
    HAL_GPIO_DeInit                          0x0800a9a7   Thumb Code   300  stm32f4xx_hal_gpio.o(.text)
    HAL_GPIO_ReadPin                         0x0800aad3   Thumb Code    14  stm32f4xx_hal_gpio.o(.text)
    HAL_GPIO_WritePin                        0x0800aae1   Thumb Code    14  stm32f4xx_hal_gpio.o(.text)
    HAL_GPIO_TogglePin                       0x0800aaef   Thumb Code    18  stm32f4xx_hal_gpio.o(.text)
    HAL_GPIO_LockPin                         0x0800ab01   Thumb Code    36  stm32f4xx_hal_gpio.o(.text)
    HAL_GPIO_EXTI_IRQHandler                 0x0800ab27   Thumb Code    20  stm32f4xx_hal_gpio.o(.text)
    HAL_I2C_MspInit                          0x0800ab71   Thumb Code     2  stm32f4xx_hal_i2c.o(.text)
    HAL_I2C_Init                             0x0800ab73   Thumb Code   392  stm32f4xx_hal_i2c.o(.text)
    HAL_I2C_MspDeInit                        0x0800acfb   Thumb Code     2  stm32f4xx_hal_i2c.o(.text)
    HAL_I2C_DeInit                           0x0800acfd   Thumb Code    50  stm32f4xx_hal_i2c.o(.text)
    HAL_I2C_Master_Transmit                  0x0800afd7   Thumb Code   318  stm32f4xx_hal_i2c.o(.text)
    HAL_I2C_Master_Receive                   0x0800b28f   Thumb Code   652  stm32f4xx_hal_i2c.o(.text)
    HAL_I2C_Slave_Transmit                   0x0800b51b   Thumb Code   346  stm32f4xx_hal_i2c.o(.text)
    HAL_I2C_Slave_Receive                    0x0800b6bf   Thumb Code   318  stm32f4xx_hal_i2c.o(.text)
    HAL_I2C_Master_Transmit_IT               0x0800b7fd   Thumb Code   186  stm32f4xx_hal_i2c.o(.text)
    HAL_I2C_Master_Receive_IT                0x0800b8b7   Thumb Code   210  stm32f4xx_hal_i2c.o(.text)
    HAL_I2C_Slave_Transmit_IT                0x0800b989   Thumb Code   124  stm32f4xx_hal_i2c.o(.text)
    HAL_I2C_Slave_Receive_IT                 0x0800ba05   Thumb Code   124  stm32f4xx_hal_i2c.o(.text)
    HAL_I2C_ErrorCallback                    0x0800ba81   Thumb Code     2  stm32f4xx_hal_i2c.o(.text)
    HAL_I2C_MasterRxCpltCallback             0x0800bac9   Thumb Code     2  stm32f4xx_hal_i2c.o(.text)
    HAL_I2C_MemRxCpltCallback                0x0800bacb   Thumb Code     2  stm32f4xx_hal_i2c.o(.text)
    HAL_I2C_SlaveRxCpltCallback              0x0800bacd   Thumb Code     2  stm32f4xx_hal_i2c.o(.text)
    HAL_I2C_SlaveTxCpltCallback              0x0800bacf   Thumb Code     2  stm32f4xx_hal_i2c.o(.text)
    HAL_I2C_Master_Transmit_DMA              0x0800bbe1   Thumb Code   314  stm32f4xx_hal_i2c.o(.text)
    HAL_I2C_Master_Receive_DMA               0x0800bd1b   Thumb Code   334  stm32f4xx_hal_i2c.o(.text)
    HAL_I2C_Slave_Transmit_DMA               0x0800be69   Thumb Code   200  stm32f4xx_hal_i2c.o(.text)
    HAL_I2C_Slave_Receive_DMA                0x0800bf31   Thumb Code   200  stm32f4xx_hal_i2c.o(.text)
    HAL_I2C_Mem_Write                        0x0800c0b9   Thumb Code   316  stm32f4xx_hal_i2c.o(.text)
    HAL_I2C_Mem_Read                         0x0800c343   Thumb Code   634  stm32f4xx_hal_i2c.o(.text)
    HAL_I2C_Mem_Write_IT                     0x0800c5bd   Thumb Code   208  stm32f4xx_hal_i2c.o(.text)
    HAL_I2C_Mem_Read_IT                      0x0800c68d   Thumb Code   242  stm32f4xx_hal_i2c.o(.text)
    HAL_I2C_Mem_Write_DMA                    0x0800c77f   Thumb Code   364  stm32f4xx_hal_i2c.o(.text)
    HAL_I2C_Mem_Read_DMA                     0x0800c8eb   Thumb Code   422  stm32f4xx_hal_i2c.o(.text)
    HAL_I2C_IsDeviceReady                    0x0800ca91   Thumb Code   390  stm32f4xx_hal_i2c.o(.text)
    HAL_I2C_Master_Seq_Transmit_IT           0x0800cc17   Thumb Code   222  stm32f4xx_hal_i2c.o(.text)
    HAL_I2C_Master_Seq_Transmit_DMA          0x0800ccf5   Thumb Code   384  stm32f4xx_hal_i2c.o(.text)
    HAL_I2C_Master_Seq_Receive_IT            0x0800ce75   Thumb Code   328  stm32f4xx_hal_i2c.o(.text)
    HAL_I2C_Master_Seq_Receive_DMA           0x0800cfbd   Thumb Code   492  stm32f4xx_hal_i2c.o(.text)
    HAL_I2C_Slave_Seq_Transmit_IT            0x0800d1a9   Thumb Code   120  stm32f4xx_hal_i2c.o(.text)
    HAL_I2C_AbortCpltCallback                0x0800d221   Thumb Code     2  stm32f4xx_hal_i2c.o(.text)
    HAL_I2C_Slave_Seq_Transmit_DMA           0x0800d2d9   Thumb Code   346  stm32f4xx_hal_i2c.o(.text)
    HAL_I2C_Slave_Seq_Receive_IT             0x0800d433   Thumb Code   120  stm32f4xx_hal_i2c.o(.text)
    HAL_I2C_Slave_Seq_Receive_DMA            0x0800d4ab   Thumb Code   324  stm32f4xx_hal_i2c.o(.text)
    HAL_I2C_EnableListen_IT                  0x0800d5ef   Thumb Code    58  stm32f4xx_hal_i2c.o(.text)
    HAL_I2C_DisableListen_IT                 0x0800d629   Thumb Code    62  stm32f4xx_hal_i2c.o(.text)
    HAL_I2C_ListenCpltCallback               0x0800d667   Thumb Code     2  stm32f4xx_hal_i2c.o(.text)
    HAL_I2C_Master_Abort_IT                  0x0800d7bd   Thumb Code    94  stm32f4xx_hal_i2c.o(.text)
    HAL_I2C_AddrCallback                     0x0800da41   Thumb Code     2  stm32f4xx_hal_i2c.o(.text)
    HAL_I2C_MemTxCpltCallback                0x0800dc91   Thumb Code     2  stm32f4xx_hal_i2c.o(.text)
    HAL_I2C_MasterTxCpltCallback             0x0800dd4f   Thumb Code     2  stm32f4xx_hal_i2c.o(.text)
    HAL_I2C_EV_IRQHandler                    0x0800e0fb   Thumb Code   386  stm32f4xx_hal_i2c.o(.text)
    HAL_I2C_ER_IRQHandler                    0x0800e2ff   Thumb Code   184  stm32f4xx_hal_i2c.o(.text)
    HAL_I2C_GetState                         0x0800e3b7   Thumb Code     6  stm32f4xx_hal_i2c.o(.text)
    HAL_I2C_GetMode                          0x0800e3bd   Thumb Code     6  stm32f4xx_hal_i2c.o(.text)
    HAL_I2C_GetError                         0x0800e3c3   Thumb Code     4  stm32f4xx_hal_i2c.o(.text)
    HAL_RCC_OscConfig                        0x0800e3cd   Thumb Code   954  stm32f4xx_hal_rcc.o(.text)
    HAL_RCC_GetSysClockFreq                  0x0800e787   Thumb Code    94  stm32f4xx_hal_rcc.o(.text)
    HAL_RCC_ClockConfig                      0x0800e7e5   Thumb Code   340  stm32f4xx_hal_rcc.o(.text)
    HAL_RCC_MCOConfig                        0x0800e939   Thumb Code   130  stm32f4xx_hal_rcc.o(.text)
    HAL_RCC_EnableCSS                        0x0800e9bb   Thumb Code     8  stm32f4xx_hal_rcc.o(.text)
    HAL_RCC_DisableCSS                       0x0800e9c3   Thumb Code     8  stm32f4xx_hal_rcc.o(.text)
    HAL_RCC_GetHCLKFreq                      0x0800e9cb   Thumb Code     6  stm32f4xx_hal_rcc.o(.text)
    HAL_RCC_GetPCLK1Freq                     0x0800e9d1   Thumb Code    24  stm32f4xx_hal_rcc.o(.text)
    HAL_RCC_GetPCLK2Freq                     0x0800e9e9   Thumb Code    24  stm32f4xx_hal_rcc.o(.text)
    HAL_RCC_GetOscConfig                     0x0800ea01   Thumb Code   178  stm32f4xx_hal_rcc.o(.text)
    HAL_RCC_GetClockConfig                   0x0800eab3   Thumb Code    54  stm32f4xx_hal_rcc.o(.text)
    HAL_RCC_CSSCallback                      0x0800eae9   Thumb Code     2  stm32f4xx_hal_rcc.o(.text)
    HAL_RCC_NMI_IRQHandler                   0x0800eaeb   Thumb Code    26  stm32f4xx_hal_rcc.o(.text)
    HAL_UART_MspInit                         0x0800ecff   Thumb Code     2  stm32f4xx_hal_uart.o(.text)
    HAL_UART_Init                            0x0800ed01   Thumb Code   100  stm32f4xx_hal_uart.o(.text)
    HAL_HalfDuplex_Init                      0x0800ed65   Thumb Code   110  stm32f4xx_hal_uart.o(.text)
    HAL_LIN_Init                             0x0800edd3   Thumb Code   130  stm32f4xx_hal_uart.o(.text)
    HAL_MultiProcessor_Init                  0x0800ee55   Thumb Code   142  stm32f4xx_hal_uart.o(.text)
    HAL_UART_MspDeInit                       0x0800eee3   Thumb Code     2  stm32f4xx_hal_uart.o(.text)
    HAL_UART_DeInit                          0x0800eee5   Thumb Code    48  stm32f4xx_hal_uart.o(.text)
    HAL_UART_Transmit                        0x0800ef81   Thumb Code   210  stm32f4xx_hal_uart.o(.text)
    HAL_UART_Receive                         0x0800f053   Thumb Code   214  stm32f4xx_hal_uart.o(.text)
    HAL_UART_Transmit_IT                     0x0800f129   Thumb Code    66  stm32f4xx_hal_uart.o(.text)
    HAL_UART_Receive_IT                      0x0800f16b   Thumb Code    86  stm32f4xx_hal_uart.o(.text)
    HAL_UART_ErrorCallback                   0x0800f1c1   Thumb Code     2  stm32f4xx_hal_uart.o(.text)
    HAL_UART_TxHalfCpltCallback              0x0800f23b   Thumb Code     2  stm32f4xx_hal_uart.o(.text)
    HAL_UART_TxCpltCallback                  0x0800f247   Thumb Code     2  stm32f4xx_hal_uart.o(.text)
    HAL_UART_Transmit_DMA                    0x0800f277   Thumb Code   126  stm32f4xx_hal_uart.o(.text)
    HAL_UART_RxHalfCpltCallback              0x0800f2f5   Thumb Code     2  stm32f4xx_hal_uart.o(.text)
    HAL_UART_RxCpltCallback                  0x0800f301   Thumb Code     2  stm32f4xx_hal_uart.o(.text)
    HAL_UART_Receive_DMA                     0x0800f33f   Thumb Code   142  stm32f4xx_hal_uart.o(.text)
    HAL_UART_DMAPause                        0x0800f3cd   Thumb Code   102  stm32f4xx_hal_uart.o(.text)
    HAL_UART_DMAResume                       0x0800f433   Thumb Code    94  stm32f4xx_hal_uart.o(.text)
    HAL_UART_DMAStop                         0x0800f491   Thumb Code    88  stm32f4xx_hal_uart.o(.text)
    HAL_UART_Abort                           0x0800f4e9   Thumb Code   144  stm32f4xx_hal_uart.o(.text)
    HAL_UART_AbortTransmit                   0x0800f579   Thumb Code    78  stm32f4xx_hal_uart.o(.text)
    HAL_UART_AbortReceive                    0x0800f5c7   Thumb Code    88  stm32f4xx_hal_uart.o(.text)
    HAL_UART_AbortCpltCallback               0x0800f61f   Thumb Code     2  stm32f4xx_hal_uart.o(.text)
    HAL_UART_Abort_IT                        0x0800f679   Thumb Code   192  stm32f4xx_hal_uart.o(.text)
    HAL_UART_AbortTransmitCpltCallback       0x0800f739   Thumb Code     2  stm32f4xx_hal_uart.o(.text)
    HAL_UART_AbortTransmit_IT                0x0800f74f   Thumb Code    92  stm32f4xx_hal_uart.o(.text)
    HAL_UART_AbortReceiveCpltCallback        0x0800f7ab   Thumb Code     2  stm32f4xx_hal_uart.o(.text)
    HAL_UART_AbortReceive_IT                 0x0800f7c1   Thumb Code   102  stm32f4xx_hal_uart.o(.text)
    HAL_UART_IRQHandler                      0x0800f953   Thumb Code   266  stm32f4xx_hal_uart.o(.text)
    HAL_LIN_SendBreak                        0x0800fa5d   Thumb Code    46  stm32f4xx_hal_uart.o(.text)
    HAL_MultiProcessor_EnterMuteMode         0x0800fa8b   Thumb Code    66  stm32f4xx_hal_uart.o(.text)
    HAL_MultiProcessor_ExitMuteMode          0x0800facd   Thumb Code    46  stm32f4xx_hal_uart.o(.text)
    HAL_HalfDuplex_EnableTransmitter         0x0800fafb   Thumb Code    50  stm32f4xx_hal_uart.o(.text)
    HAL_HalfDuplex_EnableReceiver            0x0800fb2d   Thumb Code    50  stm32f4xx_hal_uart.o(.text)
    HAL_UART_GetState                        0x0800fb5f   Thumb Code    12  stm32f4xx_hal_uart.o(.text)
    HAL_UART_GetError                        0x0800fb6b   Thumb Code     4  stm32f4xx_hal_uart.o(.text)
    Reset_Handler                            0x0800fb71   Thumb Code     8  startup_stm32f429xx.o(.text)
    ADC_IRQHandler                           0x0800fb8b   Thumb Code     0  startup_stm32f429xx.o(.text)
    CAN1_RX0_IRQHandler                      0x0800fb8b   Thumb Code     0  startup_stm32f429xx.o(.text)
    CAN1_RX1_IRQHandler                      0x0800fb8b   Thumb Code     0  startup_stm32f429xx.o(.text)
    CAN1_SCE_IRQHandler                      0x0800fb8b   Thumb Code     0  startup_stm32f429xx.o(.text)
    CAN1_TX_IRQHandler                       0x0800fb8b   Thumb Code     0  startup_stm32f429xx.o(.text)
    CAN2_RX0_IRQHandler                      0x0800fb8b   Thumb Code     0  startup_stm32f429xx.o(.text)
    CAN2_RX1_IRQHandler                      0x0800fb8b   Thumb Code     0  startup_stm32f429xx.o(.text)
    CAN2_SCE_IRQHandler                      0x0800fb8b   Thumb Code     0  startup_stm32f429xx.o(.text)
    CAN2_TX_IRQHandler                       0x0800fb8b   Thumb Code     0  startup_stm32f429xx.o(.text)
    DCMI_IRQHandler                          0x0800fb8b   Thumb Code     0  startup_stm32f429xx.o(.text)
    DMA1_Stream0_IRQHandler                  0x0800fb8b   Thumb Code     0  startup_stm32f429xx.o(.text)
    DMA1_Stream1_IRQHandler                  0x0800fb8b   Thumb Code     0  startup_stm32f429xx.o(.text)
    DMA1_Stream2_IRQHandler                  0x0800fb8b   Thumb Code     0  startup_stm32f429xx.o(.text)
    DMA1_Stream3_IRQHandler                  0x0800fb8b   Thumb Code     0  startup_stm32f429xx.o(.text)
    DMA1_Stream4_IRQHandler                  0x0800fb8b   Thumb Code     0  startup_stm32f429xx.o(.text)
    DMA1_Stream5_IRQHandler                  0x0800fb8b   Thumb Code     0  startup_stm32f429xx.o(.text)
    DMA1_Stream6_IRQHandler                  0x0800fb8b   Thumb Code     0  startup_stm32f429xx.o(.text)
    DMA1_Stream7_IRQHandler                  0x0800fb8b   Thumb Code     0  startup_stm32f429xx.o(.text)
    DMA2D_IRQHandler                         0x0800fb8b   Thumb Code     0  startup_stm32f429xx.o(.text)
    DMA2_Stream1_IRQHandler                  0x0800fb8b   Thumb Code     0  startup_stm32f429xx.o(.text)
    DMA2_Stream2_IRQHandler                  0x0800fb8b   Thumb Code     0  startup_stm32f429xx.o(.text)
    DMA2_Stream3_IRQHandler                  0x0800fb8b   Thumb Code     0  startup_stm32f429xx.o(.text)
    DMA2_Stream4_IRQHandler                  0x0800fb8b   Thumb Code     0  startup_stm32f429xx.o(.text)
    DMA2_Stream6_IRQHandler                  0x0800fb8b   Thumb Code     0  startup_stm32f429xx.o(.text)
    DMA2_Stream7_IRQHandler                  0x0800fb8b   Thumb Code     0  startup_stm32f429xx.o(.text)
    ETH_IRQHandler                           0x0800fb8b   Thumb Code     0  startup_stm32f429xx.o(.text)
    ETH_WKUP_IRQHandler                      0x0800fb8b   Thumb Code     0  startup_stm32f429xx.o(.text)
    EXTI0_IRQHandler                         0x0800fb8b   Thumb Code     0  startup_stm32f429xx.o(.text)
    EXTI1_IRQHandler                         0x0800fb8b   Thumb Code     0  startup_stm32f429xx.o(.text)
    EXTI2_IRQHandler                         0x0800fb8b   Thumb Code     0  startup_stm32f429xx.o(.text)
    EXTI3_IRQHandler                         0x0800fb8b   Thumb Code     0  startup_stm32f429xx.o(.text)
    EXTI4_IRQHandler                         0x0800fb8b   Thumb Code     0  startup_stm32f429xx.o(.text)
    EXTI9_5_IRQHandler                       0x0800fb8b   Thumb Code     0  startup_stm32f429xx.o(.text)
    FLASH_IRQHandler                         0x0800fb8b   Thumb Code     0  startup_stm32f429xx.o(.text)
    FMC_IRQHandler                           0x0800fb8b   Thumb Code     0  startup_stm32f429xx.o(.text)
    FPU_IRQHandler                           0x0800fb8b   Thumb Code     0  startup_stm32f429xx.o(.text)
    HASH_RNG_IRQHandler                      0x0800fb8b   Thumb Code     0  startup_stm32f429xx.o(.text)
    I2C2_ER_IRQHandler                       0x0800fb8b   Thumb Code     0  startup_stm32f429xx.o(.text)
    I2C2_EV_IRQHandler                       0x0800fb8b   Thumb Code     0  startup_stm32f429xx.o(.text)
    I2C3_ER_IRQHandler                       0x0800fb8b   Thumb Code     0  startup_stm32f429xx.o(.text)
    I2C3_EV_IRQHandler                       0x0800fb8b   Thumb Code     0  startup_stm32f429xx.o(.text)
    LTDC_ER_IRQHandler                       0x0800fb8b   Thumb Code     0  startup_stm32f429xx.o(.text)
    LTDC_IRQHandler                          0x0800fb8b   Thumb Code     0  startup_stm32f429xx.o(.text)
    OTG_FS_IRQHandler                        0x0800fb8b   Thumb Code     0  startup_stm32f429xx.o(.text)
    OTG_FS_WKUP_IRQHandler                   0x0800fb8b   Thumb Code     0  startup_stm32f429xx.o(.text)
    OTG_HS_EP1_IN_IRQHandler                 0x0800fb8b   Thumb Code     0  startup_stm32f429xx.o(.text)
    OTG_HS_EP1_OUT_IRQHandler                0x0800fb8b   Thumb Code     0  startup_stm32f429xx.o(.text)
    OTG_HS_IRQHandler                        0x0800fb8b   Thumb Code     0  startup_stm32f429xx.o(.text)
    OTG_HS_WKUP_IRQHandler                   0x0800fb8b   Thumb Code     0  startup_stm32f429xx.o(.text)
    PVD_IRQHandler                           0x0800fb8b   Thumb Code     0  startup_stm32f429xx.o(.text)
    RCC_IRQHandler                           0x0800fb8b   Thumb Code     0  startup_stm32f429xx.o(.text)
    RTC_Alarm_IRQHandler                     0x0800fb8b   Thumb Code     0  startup_stm32f429xx.o(.text)
    RTC_WKUP_IRQHandler                      0x0800fb8b   Thumb Code     0  startup_stm32f429xx.o(.text)
    SAI1_IRQHandler                          0x0800fb8b   Thumb Code     0  startup_stm32f429xx.o(.text)
    SDIO_IRQHandler                          0x0800fb8b   Thumb Code     0  startup_stm32f429xx.o(.text)
    SPI2_IRQHandler                          0x0800fb8b   Thumb Code     0  startup_stm32f429xx.o(.text)
    SPI3_IRQHandler                          0x0800fb8b   Thumb Code     0  startup_stm32f429xx.o(.text)
    SPI4_IRQHandler                          0x0800fb8b   Thumb Code     0  startup_stm32f429xx.o(.text)
    SPI5_IRQHandler                          0x0800fb8b   Thumb Code     0  startup_stm32f429xx.o(.text)
    SPI6_IRQHandler                          0x0800fb8b   Thumb Code     0  startup_stm32f429xx.o(.text)
    TAMP_STAMP_IRQHandler                    0x0800fb8b   Thumb Code     0  startup_stm32f429xx.o(.text)
    TIM1_BRK_TIM9_IRQHandler                 0x0800fb8b   Thumb Code     0  startup_stm32f429xx.o(.text)
    TIM1_CC_IRQHandler                       0x0800fb8b   Thumb Code     0  startup_stm32f429xx.o(.text)
    TIM1_TRG_COM_TIM11_IRQHandler            0x0800fb8b   Thumb Code     0  startup_stm32f429xx.o(.text)
    TIM1_UP_TIM10_IRQHandler                 0x0800fb8b   Thumb Code     0  startup_stm32f429xx.o(.text)
    TIM2_IRQHandler                          0x0800fb8b   Thumb Code     0  startup_stm32f429xx.o(.text)
    TIM3_IRQHandler                          0x0800fb8b   Thumb Code     0  startup_stm32f429xx.o(.text)
    TIM4_IRQHandler                          0x0800fb8b   Thumb Code     0  startup_stm32f429xx.o(.text)
    TIM5_IRQHandler                          0x0800fb8b   Thumb Code     0  startup_stm32f429xx.o(.text)
    TIM6_DAC_IRQHandler                      0x0800fb8b   Thumb Code     0  startup_stm32f429xx.o(.text)
    TIM7_IRQHandler                          0x0800fb8b   Thumb Code     0  startup_stm32f429xx.o(.text)
    TIM8_BRK_TIM12_IRQHandler                0x0800fb8b   Thumb Code     0  startup_stm32f429xx.o(.text)
    TIM8_CC_IRQHandler                       0x0800fb8b   Thumb Code     0  startup_stm32f429xx.o(.text)
    TIM8_TRG_COM_TIM14_IRQHandler            0x0800fb8b   Thumb Code     0  startup_stm32f429xx.o(.text)
    TIM8_UP_TIM13_IRQHandler                 0x0800fb8b   Thumb Code     0  startup_stm32f429xx.o(.text)
    UART4_IRQHandler                         0x0800fb8b   Thumb Code     0  startup_stm32f429xx.o(.text)
    UART5_IRQHandler                         0x0800fb8b   Thumb Code     0  startup_stm32f429xx.o(.text)
    UART7_IRQHandler                         0x0800fb8b   Thumb Code     0  startup_stm32f429xx.o(.text)
    UART8_IRQHandler                         0x0800fb8b   Thumb Code     0  startup_stm32f429xx.o(.text)
    USART1_IRQHandler                        0x0800fb8b   Thumb Code     0  startup_stm32f429xx.o(.text)
    USART2_IRQHandler                        0x0800fb8b   Thumb Code     0  startup_stm32f429xx.o(.text)
    USART6_IRQHandler                        0x0800fb8b   Thumb Code     0  startup_stm32f429xx.o(.text)
    WWDG_IRQHandler                          0x0800fb8b   Thumb Code     0  startup_stm32f429xx.o(.text)
    SystemInit                               0x0800fb95   Thumb Code    10  system_stm32f4xx.o(.text)
    SystemCoreClockUpdate                    0x0800fb9f   Thumb Code   118  system_stm32f4xx.o(.text)
    __aeabi_uldivmod                         0x0800fc29   Thumb Code    98  uldiv.o(.text)
    __aeabi_memcpy                           0x0800fc8b   Thumb Code    36  memcpya.o(.text)
    __aeabi_memcpy4                          0x0800fc8b   Thumb Code     0  memcpya.o(.text)
    __aeabi_memcpy8                          0x0800fc8b   Thumb Code     0  memcpya.o(.text)
    __aeabi_memset                           0x0800fcaf   Thumb Code    14  memseta.o(.text)
    __aeabi_memset4                          0x0800fcaf   Thumb Code     0  memseta.o(.text)
    __aeabi_memset8                          0x0800fcaf   Thumb Code     0  memseta.o(.text)
    __aeabi_memclr                           0x0800fcbd   Thumb Code     4  memseta.o(.text)
    __aeabi_memclr4                          0x0800fcbd   Thumb Code     0  memseta.o(.text)
    __aeabi_memclr8                          0x0800fcbd   Thumb Code     0  memseta.o(.text)
    _memset$wrapper                          0x0800fcc1   Thumb Code    18  memseta.o(.text)
    strlen                                   0x0800fcd3   Thumb Code    14  strlen.o(.text)
    __aeabi_fadd                             0x0800fce1   Thumb Code   164  fadd.o(.text)
    __aeabi_fsub                             0x0800fd85   Thumb Code     6  fadd.o(.text)
    __aeabi_frsub                            0x0800fd8b   Thumb Code     6  fadd.o(.text)
    __aeabi_fmul                             0x0800fd91   Thumb Code   100  fmul.o(.text)
    __aeabi_fdiv                             0x0800fdf5   Thumb Code   124  fdiv.o(.text)
    __ARM_scalbnf                            0x0800fe71   Thumb Code    24  fscalb.o(.text)
    scalbnf                                  0x0800fe71   Thumb Code     0  fscalb.o(.text)
    __aeabi_ddiv                             0x0800fe89   Thumb Code   222  ddiv.o(.text)
    __aeabi_i2f                              0x0800ff67   Thumb Code    18  fflti.o(.text)
    __aeabi_ui2f                             0x0800ff79   Thumb Code    10  ffltui.o(.text)
    __aeabi_ui2d                             0x0800ff83   Thumb Code    26  dfltui.o(.text)
    __aeabi_f2d                              0x0800ff9d   Thumb Code    38  f2d.o(.text)
    __aeabi_d2f                              0x0800ffc3   Thumb Code    56  d2f.o(.text)
    __aeabi_uidiv                            0x0800fffb   Thumb Code     0  uidiv.o(.text)
    __aeabi_uidivmod                         0x0800fffb   Thumb Code    44  uidiv.o(.text)
    __aeabi_llsl                             0x08010027   Thumb Code    30  llshl.o(.text)
    _ll_shift_l                              0x08010027   Thumb Code     0  llshl.o(.text)
    __aeabi_llsr                             0x08010045   Thumb Code    32  llushr.o(.text)
    _ll_ushift_r                             0x08010045   Thumb Code     0  llushr.o(.text)
    __I$use$fp                               0x08010065   Thumb Code     0  iusefp.o(.text)
    _float_round                             0x08010065   Thumb Code    18  fepilogue.o(.text)
    _float_epilogue                          0x08010077   Thumb Code    92  fepilogue.o(.text)
    _double_round                            0x080100d3   Thumb Code    30  depilogue.o(.text)
    _double_epilogue                         0x080100f1   Thumb Code   156  depilogue.o(.text)
    __aeabi_dadd                             0x0801018d   Thumb Code   322  dadd.o(.text)
    __aeabi_dsub                             0x080102cf   Thumb Code     6  dadd.o(.text)
    __aeabi_drsub                            0x080102d5   Thumb Code     6  dadd.o(.text)
    __aeabi_dmul                             0x080102db   Thumb Code   228  dmul.o(.text)
    __aeabi_d2ulz                            0x080103bf   Thumb Code    48  dfixul.o(.text)
    __aeabi_cdrcmple                         0x080103f1   Thumb Code    48  cdrcmple.o(.text)
    __scatterload                            0x08010421   Thumb Code    28  init.o(.text)
    __scatterload_rt2                        0x08010421   Thumb Code     0  init.o(.text)
    __aeabi_lasr                             0x08010445   Thumb Code    36  llsshr.o(.text)
    _ll_sshift_r                             0x08010445   Thumb Code     0  llsshr.o(.text)
    __decompress                             0x08010469   Thumb Code     0  __dczerorl2.o(.text)
    __decompress1                            0x08010469   Thumb Code    86  __dczerorl2.o(.text)
    __0printf                                0x080104c1   Thumb Code    22  printfa.o(i.__0printf)
    __1printf                                0x080104c1   Thumb Code     0  printfa.o(i.__0printf)
    __2printf                                0x080104c1   Thumb Code     0  printfa.o(i.__0printf)
    __c89printf                              0x080104c1   Thumb Code     0  printfa.o(i.__0printf)
    printf                                   0x080104c1   Thumb Code     0  printfa.o(i.__0printf)
    __0sprintf                               0x080104e1   Thumb Code    34  printfa.o(i.__0sprintf)
    __1sprintf                               0x080104e1   Thumb Code     0  printfa.o(i.__0sprintf)
    __2sprintf                               0x080104e1   Thumb Code     0  printfa.o(i.__0sprintf)
    __c89sprintf                             0x080104e1   Thumb Code     0  printfa.o(i.__0sprintf)
    sprintf                                  0x080104e1   Thumb Code     0  printfa.o(i.__0sprintf)
    __scatterload_copy                       0x08010509   Thumb Code    14  handlers.o(i.__scatterload_copy)
    __scatterload_null                       0x08010517   Thumb Code     2  handlers.o(i.__scatterload_null)
    __scatterload_zeroinit                   0x08010519   Thumb Code    14  handlers.o(i.__scatterload_zeroinit)
    fputs                                    0x08010dbd   Thumb Code    24  fputs.o(i.fputs)
    app_main_attr                            0x08010dd4   Data          36  principal.o(.constdata)
    osRtxUserSVC                             0x08010e58   Data           4  rtx_lib.o(.constdata)
    Driver_I2C1                              0x08010e94   Data          48  i2c_stm32f4xx.o(.constdata)
    EventRecorderInfo                        0x08010f68   Data          24  eventrecorder.o(.constdata)
    AHBPrescTable                            0x08010f88   Data          16  system_stm32f4xx.o(.constdata)
    APBPrescTable                            0x08010f98   Data           8  system_stm32f4xx.o(.constdata)
    osRtxConfig                              0x08010fac   Data         112  rtx_lib.o(.rodata)
    os_cb_sections                           0x0801101c   Data          56  rtx_lib.o(.rodata)
    Region$$Table$$Base                      0x08011054   Number         0  anon$$obj.o(Region$$Table)
    Region$$Table$$Limit                     0x08011084   Number         0  anon$$obj.o(Region$$Table)
    .bss.os.msgqueue.cb$$Base                0x20008044   Number         0  rtx_lib.o(.bss.os.msgqueue.cb)
    .bss.os.msgqueue.cb$$Limit               0x20008078   Number         0  rtx_lib.o(.bss.os.msgqueue.cb)
    .bss.os.thread.cb$$Base                  0x200080c8   Number         0  rtx_lib.o(.bss.os.thread.cb)
    .bss.os.thread.cb$$Limit                 0x20008150   Number         0  rtx_lib.o(.bss.os.thread.cb)
    luminosidad                              0x20008556   Data           2  luz.o(.data)
    datosLuz                                 0x20008560   Data           4  luz.o(.data)
    voltage                                  0x20008564   Data           4  turbidez.o(.data)
    tid_ThreadMaster                         0x20008568   Data           4  bluetooth.o(.data)
    value                                    0x2000856c   Data           4  principal.o(.data)
    datosSensorLuz                           0x20008570   Data           4  principal.o(.data)
    datosSensorTurbidez                      0x20008574   Data           4  principal.o(.data)
    TID_turbidez                             0x20008578   Data           4  principal.o(.data)
    TID_luz                                  0x2000857c   Data           4  principal.o(.data)
    TID_ph                                   0x20008580   Data           4  principal.o(.data)
    offset_mV                                0x20008584   Data           4  ph.o(.data)
    slope_mV_per_pH                          0x20008588   Data           4  ph.o(.data)
    ITM_RxBuffer                             0x200085bc   Data           4  retarget_io.o(.data)
    uwTickFreq                               0x200085c0   Data           1  stm32f4xx_hal.o(.data)
    uwTickPrio                               0x200085c4   Data           4  stm32f4xx_hal.o(.data)
    uwTick                                   0x200085c8   Data           4  stm32f4xx_hal.o(.data)
    SystemCoreClock                          0x200085cc   Data           4  system_stm32f4xx.o(.data)
    __stdout                                 0x200085d0   Data           4  stdout.o(.data)
    __stderr                                 0x200085d4   Data           4  stderr.o(.data)
    osRtxInfo                                0x200085d8   Data         164  rtx_kernel.o(.data.os)
    txBuffer                                 0x2000867c   Data          50  bluetooth.o(.bss)
    huart3                                   0x200086b0   Data          64  bluetooth.o(.bss)
    app_main_stk                             0x200086f0   Data        1024  principal.o(.bss)
    adchandle                                0x20008af0   Data          72  principal.o(.bss)
    hi2c1                                    0x20008b38   Data          84  ph.o(.bss)
    __initial_sp                             0x200090d8   Data           0  startup_stm32f429xx.o(STACK)



==============================================================================

Memory Map of the image

  Image Entry point : 0x080001ad

  Load Region LR_IROM1 (Base: 0x08000000, Size: 0x00019700, Max: 0x00200000, ABSOLUTE, COMPRESSED[0x000111d8])

    Execution Region ER_IROM1 (Exec base: 0x08000000, Load base: 0x08000000, Size: 0x00011084, Max: 0x00200000, ABSOLUTE)

    Exec Addr    Load Addr    Size         Type   Attr      Idx    E Section Name        Object

    0x08000000   0x08000000   0x000001ac   Data   RO         1696    RESET               startup_stm32f429xx.o
    0x080001ac   0x080001ac   0x00000000   Code   RO         1733  * .ARM.Collect$$$$00000000  mc_w.l(entry.o)
    0x080001ac   0x080001ac   0x00000004   Code   RO         2033    .ARM.Collect$$$$00000001  mc_w.l(entry2.o)
    0x080001b0   0x080001b0   0x00000004   Code   RO         2036    .ARM.Collect$$$$00000004  mc_w.l(entry5.o)
    0x080001b4   0x080001b4   0x00000000   Code   RO         2038    .ARM.Collect$$$$00000008  mc_w.l(entry7b.o)
    0x080001b4   0x080001b4   0x00000000   Code   RO         2040    .ARM.Collect$$$$0000000A  mc_w.l(entry8b.o)
    0x080001b4   0x080001b4   0x00000008   Code   RO         2041    .ARM.Collect$$$$0000000B  mc_w.l(entry9a.o)
    0x080001bc   0x080001bc   0x00000004   Code   RO         2048    .ARM.Collect$$$$0000000E  mc_w.l(entry12b.o)
    0x080001c0   0x080001c0   0x00000000   Code   RO         2043    .ARM.Collect$$$$0000000F  mc_w.l(entry10a.o)
    0x080001c0   0x080001c0   0x00000000   Code   RO         2045    .ARM.Collect$$$$00000011  mc_w.l(entry11a.o)
    0x080001c0   0x080001c0   0x00000004   Code   RO         2034    .ARM.Collect$$$$00002712  mc_w.l(entry2.o)
    0x080001c4   0x080001c4   0x00000148   Code   RO          703    .emb_text           rtx_mempool.o
    0x0800030c   0x0800030c   0x00000148   Code   RO          734    .emb_text           rtx_msgqueue.o
    0x08000454   0x08000454   0x00000148   Code   RO          830    .emb_text           rtx_system.o
    0x0800059c   0x0800059c   0x00000148   Code   RO          864    .emb_text           rtx_thread.o
    0x080006e4   0x080006e4   0x00000074   Code   RO         1094    .emb_text           eventrecorder.o
    0x08000758   0x08000758   0x00000138   Code   RO            4    .text               main.o
    0x08000890   0x08000890   0x00000018   Code   RO          214    .text               stm32f4xx_it.o
    0x080008a8   0x080008a8   0x0000013c   Code   RO          245    .text               luz.o
    0x080009e4   0x080009e4   0x000000f8   Code   RO          290    .text               turbidez.o
    0x08000adc   0x08000adc   0x00000118   Code   RO          317    .text               bluetooth.o
    0x08000bf4   0x08000bf4   0x000000c4   Code   RO          351    .text               principal.o
    0x08000cb8   0x08000cb8   0x000001f4   Code   RO          396    .text               ph.o
    0x08000eac   0x08000eac   0x00000094   Code   RO          451    .text               irq_armv7m.o
    0x08000f40   0x08000f40   0x00000104   Code   RO          459    .text               rtx_delay.o
    0x08001044   0x08001044   0x00000964   Code   RO          557    .text               rtx_evr.o
    0x080019a8   0x080019a8   0x000006d8   Code   RO          582    .text               rtx_kernel.o
    0x08002080   0x08002080   0x00000124   Code   RO          673    .text               rtx_memory.o
    0x080021a4   0x080021a4   0x00000678   Code   RO          704    .text               rtx_mempool.o
    0x0800281c   0x0800281c   0x000009bc   Code   RO          735    .text               rtx_msgqueue.o
    0x080031d8   0x080031d8   0x00000558   Code   RO          769    .text               rtx_mutex.o
    0x08003730   0x08003730   0x00000154   Code   RO          831    .text               rtx_system.o
    0x08003884   0x08003884   0x00001194   Code   RO          865    .text               rtx_thread.o
    0x08004a18   0x08004a18   0x00000480   Code   RO          899    .text               rtx_timer.o
    0x08004e98   0x08004e98   0x000000c4   Code   RO          929    .text               os_systick.o
    0x08004f5c   0x08004f5c   0x00000004   Code   RO          955    .text               rtx_config.o
    0x08004f60   0x08004f60   0x00001254   Code   RO          979    .text               i2c_stm32f4xx.o
    0x080061b4   0x080061b4   0x00001134   Code   RO         1014    .text               spi_stm32f4xx.o
    0x080072e8   0x080072e8   0x000011a8   Code   RO         1059    .text               usart_stm32f4xx.o
    0x08008490   0x08008490   0x00000538   Code   RO         1095    .text               eventrecorder.o
    0x080089c8   0x080089c8   0x000000f0   Code   RO         1126    .text               retarget_io.o
    0x08008ab8   0x08008ab8   0x000001c8   Code   RO         1158    .text               stm32f4xx_hal.o
    0x08008c80   0x08008c80   0x00000ab8   Code   RO         1188    .text               stm32f4xx_hal_adc.o
    0x08009738   0x08009738   0x00000724   Code   RO         1212    .text               stm32f4xx_hal_adc_ex.o
    0x08009e5c   0x08009e5c   0x00000298   Code   RO         1236    .text               stm32f4xx_hal_cortex.o
    0x0800a0f4   0x0800a0f4   0x00000718   Code   RO         1264    .text               stm32f4xx_hal_dma.o
    0x0800a80c   0x0800a80c   0x00000364   Code   RO         1313    .text               stm32f4xx_hal_gpio.o
    0x0800ab70   0x0800ab70   0x00003856   Code   RO         1337    .text               stm32f4xx_hal_i2c.o
    0x0800e3c6   0x0800e3c6   0x00000002   PAD
    0x0800e3c8   0x0800e3c8   0x00000760   Code   RO         1433    .text               stm32f4xx_hal_rcc.o
    0x0800eb28   0x0800eb28   0x00001046   Code   RO         1625    .text               stm32f4xx_hal_uart.o
    0x0800fb6e   0x0800fb6e   0x00000002   PAD
    0x0800fb70   0x0800fb70   0x00000024   Code   RO         1697    .text               startup_stm32f429xx.o
    0x0800fb94   0x0800fb94   0x00000094   Code   RO         1704    .text               system_stm32f4xx.o
    0x0800fc28   0x0800fc28   0x00000062   Code   RO         1742    .text               mc_w.l(uldiv.o)
    0x0800fc8a   0x0800fc8a   0x00000024   Code   RO         1744    .text               mc_w.l(memcpya.o)
    0x0800fcae   0x0800fcae   0x00000024   Code   RO         1746    .text               mc_w.l(memseta.o)
    0x0800fcd2   0x0800fcd2   0x0000000e   Code   RO         1748    .text               mc_w.l(strlen.o)
    0x0800fce0   0x0800fce0   0x000000b0   Code   RO         2013    .text               mf_w.l(fadd.o)
    0x0800fd90   0x0800fd90   0x00000064   Code   RO         2015    .text               mf_w.l(fmul.o)
    0x0800fdf4   0x0800fdf4   0x0000007c   Code   RO         2017    .text               mf_w.l(fdiv.o)
    0x0800fe70   0x0800fe70   0x00000018   Code   RO         2019    .text               mf_w.l(fscalb.o)
    0x0800fe88   0x0800fe88   0x000000de   Code   RO         2021    .text               mf_w.l(ddiv.o)
    0x0800ff66   0x0800ff66   0x00000012   Code   RO         2023    .text               mf_w.l(fflti.o)
    0x0800ff78   0x0800ff78   0x0000000a   Code   RO         2025    .text               mf_w.l(ffltui.o)
    0x0800ff82   0x0800ff82   0x0000001a   Code   RO         2027    .text               mf_w.l(dfltui.o)
    0x0800ff9c   0x0800ff9c   0x00000026   Code   RO         2029    .text               mf_w.l(f2d.o)
    0x0800ffc2   0x0800ffc2   0x00000038   Code   RO         2031    .text               mf_w.l(d2f.o)
    0x0800fffa   0x0800fffa   0x0000002c   Code   RO         2049    .text               mc_w.l(uidiv.o)
    0x08010026   0x08010026   0x0000001e   Code   RO         2051    .text               mc_w.l(llshl.o)
    0x08010044   0x08010044   0x00000020   Code   RO         2053    .text               mc_w.l(llushr.o)
    0x08010064   0x08010064   0x00000000   Code   RO         2055    .text               mc_w.l(iusefp.o)
    0x08010064   0x08010064   0x0000006e   Code   RO         2056    .text               mf_w.l(fepilogue.o)
    0x080100d2   0x080100d2   0x000000ba   Code   RO         2058    .text               mf_w.l(depilogue.o)
    0x0801018c   0x0801018c   0x0000014e   Code   RO         2060    .text               mf_w.l(dadd.o)
    0x080102da   0x080102da   0x000000e4   Code   RO         2062    .text               mf_w.l(dmul.o)
    0x080103be   0x080103be   0x00000030   Code   RO         2064    .text               mf_w.l(dfixul.o)
    0x080103ee   0x080103ee   0x00000002   PAD
    0x080103f0   0x080103f0   0x00000030   Code   RO         2066    .text               mf_w.l(cdrcmple.o)
    0x08010420   0x08010420   0x00000024   Code   RO         2068    .text               mc_w.l(init.o)
    0x08010444   0x08010444   0x00000024   Code   RO         2070    .text               mc_w.l(llsshr.o)
    0x08010468   0x08010468   0x00000056   Code   RO         2080    .text               mc_w.l(__dczerorl2.o)
    0x080104be   0x080104be   0x00000002   PAD
    0x080104c0   0x080104c0   0x00000020   Code   RO         1985    i.__0printf         mc_w.l(printfa.o)
    0x080104e0   0x080104e0   0x00000028   Code   RO         1987    i.__0sprintf        mc_w.l(printfa.o)
    0x08010508   0x08010508   0x0000000e   Code   RO         2074    i.__scatterload_copy  mc_w.l(handlers.o)
    0x08010516   0x08010516   0x00000002   Code   RO         2075    i.__scatterload_null  mc_w.l(handlers.o)
    0x08010518   0x08010518   0x0000000e   Code   RO         2076    i.__scatterload_zeroinit  mc_w.l(handlers.o)
    0x08010526   0x08010526   0x00000002   PAD
    0x08010528   0x08010528   0x00000184   Code   RO         1992    i._fp_digits        mc_w.l(printfa.o)
    0x080106ac   0x080106ac   0x000006b4   Code   RO         1993    i._printf_core      mc_w.l(printfa.o)
    0x08010d60   0x08010d60   0x00000024   Code   RO         1994    i._printf_post_padding  mc_w.l(printfa.o)
    0x08010d84   0x08010d84   0x0000002e   Code   RO         1995    i._printf_pre_padding  mc_w.l(printfa.o)
    0x08010db2   0x08010db2   0x0000000a   Code   RO         1997    i._sputc            mc_w.l(printfa.o)
    0x08010dbc   0x08010dbc   0x00000018   Code   RO         1736    i.fputs             mc_w.l(fputs.o)
    0x08010dd4   0x08010dd4   0x00000024   Data   RO          355    .constdata          principal.o
    0x08010df8   0x08010df8   0x00000024   Data   RO          638    .constdata          rtx_lib.o
    0x08010e1c   0x08010e1c   0x00000024   Data   RO          639    .constdata          rtx_lib.o
    0x08010e40   0x08010e40   0x00000018   Data   RO          640    .constdata          rtx_lib.o
    0x08010e58   0x08010e58   0x00000004   Data   RO          642    .constdata          rtx_lib.o
    0x08010e5c   0x08010e5c   0x00000038   Data   RO          981    .constdata          i2c_stm32f4xx.o
    0x08010e94   0x08010e94   0x00000030   Data   RO          982    .constdata          i2c_stm32f4xx.o
    0x08010ec4   0x08010ec4   0x00000034   Data   RO         1018    .constdata          spi_stm32f4xx.o
    0x08010ef8   0x08010ef8   0x00000010   Data   RO         1019    .constdata          spi_stm32f4xx.o
    0x08010f08   0x08010f08   0x00000010   Data   RO         1020    .constdata          spi_stm32f4xx.o
    0x08010f18   0x08010f18   0x00000038   Data   RO         1062    .constdata          usart_stm32f4xx.o
    0x08010f50   0x08010f50   0x0000000c   Data   RO         1063    .constdata          usart_stm32f4xx.o
    0x08010f5c   0x08010f5c   0x0000000c   Data   RO         1064    .constdata          usart_stm32f4xx.o
    0x08010f68   0x08010f68   0x00000018   Data   RO         1097    .constdata          eventrecorder.o
    0x08010f80   0x08010f80   0x00000008   Data   RO         1265    .constdata          stm32f4xx_hal_dma.o
    0x08010f88   0x08010f88   0x00000010   Data   RO         1705    .constdata          system_stm32f4xx.o
    0x08010f98   0x08010f98   0x00000008   Data   RO         1706    .constdata          system_stm32f4xx.o
    0x08010fa0   0x08010fa0   0x0000000b   Data   RO          583    .conststrlit        rtx_kernel.o
    0x08010fab   0x08010fab   0x00000001   PAD
    0x08010fac   0x08010fac   0x000000a8   Data   RO          643    .rodata             rtx_lib.o
    0x08011054   0x08011054   0x00000030   Data   RO         2072    Region$$Table       anon$$obj.o


    Execution Region RW_IRAM2 (Exec base: 0x10000000, Load base: 0x080111d8, Size: 0x000004a4, Max: 0x00010000, ABSOLUTE)

    Exec Addr    Load Addr    Size         Type   Attr      Idx    E Section Name        Object

    0x10000000        -       0x000004a4   Zero   RW         1096    .bss.noinit         eventrecorder.o


    Execution Region RW_IRAM1 (Exec base: 0x20000000, Load base: 0x08011084, Size: 0x000090d8, Max: 0x00030000, ABSOLUTE, COMPRESSED[0x00000154])

    Exec Addr    Load Addr    Size         Type   Attr      Idx    E Section Name        Object

    0x20000000   COMPRESSED   0x00008000   Data   RW          630    .bss.os             rtx_lib.o
    0x20008000   COMPRESSED   0x00000040   Data   RW          631    .bss.os             rtx_lib.o
    0x20008040   COMPRESSED   0x00000001   Data   RW          930    .bss.os             os_systick.o
    0x20008041   COMPRESSED   0x00000003   PAD
    0x20008044   COMPRESSED   0x00000034   Data   RW          632    .bss.os.msgqueue.cb  rtx_lib.o
    0x20008078   COMPRESSED   0x00000050   Data   RW          633    .bss.os.msgqueue.mem  rtx_lib.o
    0x200080c8   COMPRESSED   0x00000044   Data   RW          634    .bss.os.thread.cb   rtx_lib.o
    0x2000810c   COMPRESSED   0x00000044   Data   RW          635    .bss.os.thread.cb   rtx_lib.o
    0x20008150   COMPRESSED   0x00000200   Data   RW          636    .bss.os.thread.idle.stack  rtx_lib.o
    0x20008350   COMPRESSED   0x00000200   Data   RW          637    .bss.os.thread.timer.stack  rtx_lib.o
    0x20008550   COMPRESSED   0x00000004   Data   RW            5    .data               main.o
    0x20008554   COMPRESSED   0x00000010   Data   RW          246    .data               luz.o
    0x20008564   COMPRESSED   0x00000004   Data   RW          291    .data               turbidez.o
    0x20008568   COMPRESSED   0x00000004   Data   RW          320    .data               bluetooth.o
    0x2000856c   COMPRESSED   0x00000018   Data   RW          356    .data               principal.o
    0x20008584   COMPRESSED   0x00000008   Data   RW          398    .data               ph.o
    0x2000858c   COMPRESSED   0x00000018   Data   RW         1022    .data               spi_stm32f4xx.o
    0x200085a4   COMPRESSED   0x00000018   Data   RW         1023    .data               spi_stm32f4xx.o
    0x200085bc   COMPRESSED   0x00000004   Data   RW         1127    .data               retarget_io.o
    0x200085c0   COMPRESSED   0x0000000c   Data   RW         1159    .data               stm32f4xx_hal.o
    0x200085cc   COMPRESSED   0x00000004   Data   RW         1707    .data               system_stm32f4xx.o
    0x200085d0   COMPRESSED   0x00000004   Data   RW         1740    .data               mc_w.l(stdout.o)
    0x200085d4   COMPRESSED   0x00000004   Data   RW         1741    .data               mc_w.l(stderr.o)
    0x200085d8   COMPRESSED   0x000000a4   Data   RW          584    .data.os            rtx_kernel.o
    0x2000867c        -       0x00000074   Zero   RW          319    .bss                bluetooth.o
    0x200086f0        -       0x00000400   Zero   RW          352    .bss                principal.o
    0x20008af0        -       0x00000048   Zero   RW          354    .bss                principal.o
    0x20008b38        -       0x00000054   Zero   RW          397    .bss                ph.o
    0x20008b8c        -       0x00000028   Zero   RW          980    .bss                i2c_stm32f4xx.o
    0x20008bb4        -       0x00000010   Zero   RW         1015    .bss                spi_stm32f4xx.o
    0x20008bc4        -       0x0000001c   Zero   RW         1016    .bss                spi_stm32f4xx.o
    0x20008be0        -       0x000000c0   Zero   RW         1017    .bss                spi_stm32f4xx.o
    0x20008ca0        -       0x00000014   Zero   RW         1060    .bss                usart_stm32f4xx.o
    0x20008cb4        -       0x00000024   Zero   RW         1061    .bss                usart_stm32f4xx.o
    0x20008cd8        -       0x00000400   Zero   RW         1694    STACK               startup_stm32f429xx.o


==============================================================================

Image component sizes


      Code (inc. data)   RO Data    RW Data    ZI Data      Debug   Object Name

       280         42          0          4        116       8544   bluetooth.o
      1452         40         24          0       1188      17404   eventrecorder.o
      4692        100        104          0         40      15886   i2c_stm32f4xx.o
       148          8          0          0          0        676   irq_armv7m.o
       316         42          0         16          0       5470   luz.o
       312         30          0          4          0     759991   main.o
       196         12          0          1          0       1960   os_systick.o
       500        138          0          8         84       3042   ph.o
       196         14         36         24       1096       3011   principal.o
       240         60          0          4          0       4103   retarget_io.o
         4          0          0          0          0        651   rtx_config.o
       260         14          0          0          0      17798   rtx_delay.o
      2404         88          0          0          0      45314   rtx_evr.o
      1752         98         11        164          0      27940   rtx_kernel.o
         0          0        268      34124          0       9186   rtx_lib.o
       292          0          0          0          0       3803   rtx_memory.o
      1984         48          0          0          0      15172   rtx_mempool.o
      2820         58          0          0          0      23680   rtx_msgqueue.o
      1368         30          0          0          0      10086   rtx_mutex.o
       668         18          0          0          0       8477   rtx_system.o
      4828        124          0          0          0      33223   rtx_thread.o
      1152         34          0          0          0      10189   rtx_timer.o
      4404        116         84         48        236      51751   spi_stm32f4xx.o
        36          8        428          0       1024        888   startup_stm32f429xx.o
       456         38          0         12          0      11399   stm32f4xx_hal.o
      2744         92          0          0          0       8815   stm32f4xx_hal_adc.o
      1828         42          0          0          0       6522   stm32f4xx_hal_adc_ex.o
       664         10          0          0          0      36090   stm32f4xx_hal_cortex.o
      1816         28          8          0          0       7629   stm32f4xx_hal_dma.o
       868         54          0          0          0       3979   stm32f4xx_hal_gpio.o
     14422        192          0          0          0      43034   stm32f4xx_hal_i2c.o
      1888         66          0          0          0       6131   stm32f4xx_hal_rcc.o
      4166         50          0          0          0      17284   stm32f4xx_hal_uart.o
        24          0          0          0          0       1271   stm32f4xx_it.o
       148         20         24          4          0       1949   system_stm32f4xx.o
       248         24          0          4          0       2223   turbidez.o
      4520        128         80          0         56      17353   usart_stm32f4xx.o

    ----------------------------------------------------------------------
     64100       1866       1116      34420       3840    1241924   Object Totals
         0          0         48          0          0          0   (incl. Generated)
         4          0          1          3          0          0   (incl. Padding)

    ----------------------------------------------------------------------

      Code (inc. data)   RO Data    RW Data    ZI Data      Debug   Library Member Name

        86          0          0          0          0          0   __dczerorl2.o
         0          0          0          0          0          0   entry.o
         0          0          0          0          0          0   entry10a.o
         0          0          0          0          0          0   entry11a.o
         4          0          0          0          0          0   entry12b.o
         8          4          0          0          0          0   entry2.o
         4          0          0          0          0          0   entry5.o
         0          0          0          0          0          0   entry7b.o
         0          0          0          0          0          0   entry8b.o
         8          4          0          0          0          0   entry9a.o
        24          0          0          0          0         80   fputs.o
        30          0          0          0          0          0   handlers.o
        36          8          0          0          0         68   init.o
         0          0          0          0          0          0   iusefp.o
        30          0          0          0          0         68   llshl.o
        36          0          0          0          0         68   llsshr.o
        32          0          0          0          0         68   llushr.o
        36          0          0          0          0         68   memcpya.o
        36          0          0          0          0        108   memseta.o
      2268         96          0          0          0        616   printfa.o
         0          0          0          4          0          0   stderr.o
         0          0          0          4          0          0   stdout.o
        14          0          0          0          0         68   strlen.o
        44          0          0          0          0         80   uidiv.o
        98          0          0          0          0         92   uldiv.o
        48          0          0          0          0         68   cdrcmple.o
        56          0          0          0          0         88   d2f.o
       334          0          0          0          0        148   dadd.o
       222          0          0          0          0        100   ddiv.o
       186          0          0          0          0        176   depilogue.o
        48          0          0          0          0         68   dfixul.o
        26          0          0          0          0         76   dfltui.o
       228          0          0          0          0         96   dmul.o
        38          0          0          0          0         68   f2d.o
       176          0          0          0          0        140   fadd.o
       124          0          0          0          0         88   fdiv.o
       110          0          0          0          0        168   fepilogue.o
        18          0          0          0          0         68   fflti.o
        10          0          0          0          0         68   ffltui.o
       100          0          0          0          0         76   fmul.o
        24          0          0          0          0         68   fscalb.o

    ----------------------------------------------------------------------
      4548        112          0          8          0       2948   Library Totals
         6          0          0          0          0          0   (incl. Padding)

    ----------------------------------------------------------------------

      Code (inc. data)   RO Data    RW Data    ZI Data      Debug   Library Name

      2794        112          0          8          0       1384   mc_w.l
      1748          0          0          0          0       1564   mf_w.l

    ----------------------------------------------------------------------
      4548        112          0          8          0       2948   Library Totals

    ----------------------------------------------------------------------

==============================================================================


      Code (inc. data)   RO Data    RW Data    ZI Data      Debug   

     68648       1978       1116      34428       3840    1240320   Grand Totals
     68648       1978       1116        340       3840    1240320   ELF Image Totals (compressed)
     68648       1978       1116        340          0          0   ROM Totals

==============================================================================

    Total RO  Size (Code + RO Data)                69764 (  68.13kB)
    Total RW  Size (RW Data + ZI Data)             38268 (  37.37kB)
    Total ROM Size (Code + RO Data + RW Data)      70104 (  68.46kB)

==============================================================================

