Component: ARM Compiler 5.06 update 7 (build 960) Tool: armlink [4d3601]

==============================================================================

Section Cross References

    main.o(.text) refers to rtx_kernel.o(.text) for osKernelGetState
    main.o(.text) refers to stm32f4xx_hal_rcc.o(.text) for HAL_RCC_OscConfig
    main.o(.text) refers to stm32f4xx_hal.o(.text) for HAL_GetREVID
    main.o(.text) refers to system_stm32f4xx.o(.text) for SystemCoreClockUpdate
    main.o(.text) refers to luz.o(.text) for initI2C
    main.o(.text) refers to ph.o(.text) for MX_I2C2_Init
    main.o(.text) refers to principal.o(.text) for Init_Thread_luz
    main.o(.text) refers to bomba.o(.text) for Configurar_pin_bomba
    main.o(.text) refers to bluetooth.o(.text) for initUart
    main.o(.text) refers to stm32f4xx_hal_cortex.o(.text) for HAL_NVIC_EnableIRQ
    main.o(.text) refers to rtx_thread.o(.text) for osThreadNew
    main.o(.text) refers to system_stm32f4xx.o(.data) for SystemCoreClock
    main.o(.text) refers to main.o(.data) for .data
    main.o(.text) refers to principal.o(.constdata) for app_main_attr
    leds.o(.text) refers to stm32f4xx_hal_gpio.o(.text) for HAL_GPIO_Init
    leds.o(.text) refers to leds.o(.constdata) for .constdata
    luz.o(.text) refers to dfltui.o(.text) for __aeabi_ui2d
    luz.o(.text) refers to ddiv.o(.text) for __aeabi_ddiv
    luz.o(.text) refers to d2f.o(.text) for __aeabi_d2f
    luz.o(.text) refers to rtx_delay.o(.text) for osDelay
    luz.o(.text) refers to luz.o(.data) for .data
    luz.o(.data) refers to i2c_stm32f4xx.o(.constdata) for Driver_I2C1
    turbidez.o(.text) refers to memseta.o(.text) for __aeabi_memclr4
    turbidez.o(.text) refers to stm32f4xx_hal_gpio.o(.text) for HAL_GPIO_Init
    turbidez.o(.text) refers to stm32f4xx_hal_adc.o(.text) for HAL_ADC_Init
    turbidez.o(.text) refers to ffltui.o(.text) for __aeabi_ui2f
    turbidez.o(.text) refers to fmul.o(.text) for __aeabi_fmul
    turbidez.o(.text) refers to fscalb.o(.text) for __ARM_scalbnf
    turbidez.o(.text) refers to turbidez.o(.data) for .data
    bluetooth.o(.text) refers to rtx_thread.o(.text) for osThreadFlagsSet
    bluetooth.o(.text) refers to rtx_delay.o(.text) for osDelay
    bluetooth.o(.text) refers to f2d.o(.text) for __aeabi_f2d
    bluetooth.o(.text) refers to printfa.o(i.__0sprintf) for __2sprintf
    bluetooth.o(.text) refers to stm32f4xx_hal_tim.o(.text) for HAL_TIM_Base_Init
    bluetooth.o(.text) refers to stm32f4xx_hal_cortex.o(.text) for HAL_NVIC_SetPriority
    bluetooth.o(.text) refers to stm32f4xx_hal.o(.text) for HAL_ResumeTick
    bluetooth.o(.text) refers to stm32f4xx_hal_pwr.o(.text) for HAL_PWR_EnterSLEEPMode
    bluetooth.o(.text) refers to bluetooth.o(.data) for .data
    bluetooth.o(.text) refers to principal.o(.data) for consumoCorriente
    bluetooth.o(.text) refers to ph.o(.data) for phAgua
    bluetooth.o(.text) refers to bluetooth.o(.bss) for .bss
    bluetooth.o(.text) refers to system_stm32f4xx.o(.data) for SystemCoreClock
    bluetooth.o(.data) refers to usart_stm32f4xx.o(.constdata) for Driver_USART3
    principal.o(.text) refers to turbidez.o(.text) for ADC3_pins_F429ZI_config
    principal.o(.text) refers to rtx_delay.o(.text) for osDelay
    principal.o(.text) refers to rtx_thread.o(.text) for osThreadNew
    principal.o(.text) refers to bluetooth.o(.text) for SleepMode
    principal.o(.text) refers to luz.o(.text) for realizarMedida
    principal.o(.text) refers to alimentacion.o(.text) for init_Digital_PIN_Out
    principal.o(.text) refers to stm32f4xx_hal_gpio.o(.text) for HAL_GPIO_WritePin
    principal.o(.text) refers to temperatura.o(.text) for ADC1_pins_F429ZI_config_temperatura
    principal.o(.text) refers to f2d.o(.text) for __aeabi_f2d
    principal.o(.text) refers to dmul.o(.text) for __aeabi_dmul
    principal.o(.text) refers to dadd.o(.text) for __aeabi_dadd
    principal.o(.text) refers to d2f.o(.text) for __aeabi_d2f
    principal.o(.text) refers to consumo.o(.text) for ADC1_pins_F429ZI_config_consumo
    principal.o(.text) refers to ddiv.o(.text) for __aeabi_ddiv
    principal.o(.text) refers to principal.o(.data) for .data
    principal.o(.text) refers to principal.o(.bss) for .bss
    principal.o(.constdata) refers to principal.o(.bss) for app_main_stk
    ph.o(.text) refers to memseta.o(.text) for __aeabi_memclr4
    ph.o(.text) refers to stm32f4xx_hal_gpio.o(.text) for HAL_GPIO_Init
    ph.o(.text) refers to stm32f4xx_hal_i2c.o(.text) for HAL_I2C_Init
    ph.o(.text) refers to fflti.o(.text) for __aeabi_i2f
    ph.o(.text) refers to fscalb.o(.text) for __ARM_scalbnf
    ph.o(.text) refers to fmul.o(.text) for __aeabi_fmul
    ph.o(.text) refers to fadd.o(.text) for __aeabi_fsub
    ph.o(.text) refers to fdiv.o(.text) for __aeabi_fdiv
    ph.o(.text) refers to rtx_delay.o(.text) for osDelay
    ph.o(.text) refers to rtx_thread.o(.text) for osThreadNew
    ph.o(.text) refers to ph.o(.bss) for .bss
[...]
    EvrRtxMutexAcquire                       0x08001d29   Thumb Code    12  rtx_evr.o(.text)
    EvrRtxMutexAcquirePending                0x08001d35   Thumb Code    12  rtx_evr.o(.text)
    EvrRtxMutexAcquireTimeout                0x08001d41   Thumb Code    12  rtx_evr.o(.text)
    EvrRtxMutexAcquired                      0x08001d4d   Thumb Code    12  rtx_evr.o(.text)
    EvrRtxMutexNotAcquired                   0x08001d59   Thumb Code    12  rtx_evr.o(.text)
    EvrRtxMutexRelease                       0x08001d65   Thumb Code    12  rtx_evr.o(.text)
    EvrRtxMutexReleased                      0x08001d71   Thumb Code    12  rtx_evr.o(.text)
    EvrRtxMutexGetOwner                      0x08001d7d   Thumb Code    12  rtx_evr.o(.text)
    EvrRtxMutexDelete                        0x08001d89   Thumb Code    12  rtx_evr.o(.text)
    EvrRtxMutexDestroyed                     0x08001d95   Thumb Code    12  rtx_evr.o(.text)
    EvrRtxSemaphoreError                     0x08001da1   Thumb Code    12  rtx_evr.o(.text)
    EvrRtxSemaphoreNew                       0x08001dad   Thumb Code    24  rtx_evr.o(.text)
    EvrRtxSemaphoreCreated                   0x08001dc5   Thumb Code    10  rtx_evr.o(.text)
    EvrRtxSemaphoreGetName                   0x08001dcf   Thumb Code    10  rtx_evr.o(.text)
    EvrRtxSemaphoreAcquire                   0x08001dd9   Thumb Code    12  rtx_evr.o(.text)
    EvrRtxSemaphoreAcquirePending            0x08001de5   Thumb Code    12  rtx_evr.o(.text)
    EvrRtxSemaphoreAcquireTimeout            0x08001df1   Thumb Code    12  rtx_evr.o(.text)
    EvrRtxSemaphoreAcquired                  0x08001dfd   Thumb Code    12  rtx_evr.o(.text)
    EvrRtxSemaphoreNotAcquired               0x08001e09   Thumb Code    12  rtx_evr.o(.text)
    EvrRtxSemaphoreRelease                   0x08001e15   Thumb Code    12  rtx_evr.o(.text)
    EvrRtxSemaphoreReleased                  0x08001e21   Thumb Code    12  rtx_evr.o(.text)
    EvrRtxSemaphoreGetCount                  0x08001e2d   Thumb Code    12  rtx_evr.o(.text)
    EvrRtxSemaphoreDelete                    0x08001e39   Thumb Code    12  rtx_evr.o(.text)
    EvrRtxSemaphoreDestroyed                 0x08001e45   Thumb Code    12  rtx_evr.o(.text)
    EvrRtxMemoryPoolError                    0x08001e51   Thumb Code    12  rtx_evr.o(.text)
    EvrRtxMemoryPoolNew                      0x08001e5d   Thumb Code    24  rtx_evr.o(.text)
    EvrRtxMemoryPoolCreated                  0x08001e75   Thumb Code    10  rtx_evr.o(.text)
    EvrRtxMemoryPoolGetName                  0x08001e7f   Thumb Code    10  rtx_evr.o(.text)
    EvrRtxMemoryPoolAlloc                    0x08001e89   Thumb Code    12  rtx_evr.o(.text)
    EvrRtxMemoryPoolAllocPending             0x08001e95   Thumb Code    12  rtx_evr.o(.text)
    EvrRtxMemoryPoolAllocTimeout             0x08001ea1   Thumb Code    12  rtx_evr.o(.text)
    EvrRtxMemoryPoolAllocated                0x08001ead   Thumb Code    12  rtx_evr.o(.text)
    EvrRtxMemoryPoolAllocFailed              0x08001eb9   Thumb Code    12  rtx_evr.o(.text)
    EvrRtxMemoryPoolFree                     0x08001ec5   Thumb Code    12  rtx_evr.o(.text)
    EvrRtxMemoryPoolDeallocated              0x08001ed1   Thumb Code    12  rtx_evr.o(.text)
    EvrRtxMemoryPoolFreeFailed               0x08001edd   Thumb Code    12  rtx_evr.o(.text)
    EvrRtxMemoryPoolGetCapacity              0x08001ee9   Thumb Code    12  rtx_evr.o(.text)
    EvrRtxMemoryPoolGetBlockSize             0x08001ef5   Thumb Code    12  rtx_evr.o(.text)
    EvrRtxMemoryPoolGetCount                 0x08001f01   Thumb Code    12  rtx_evr.o(.text)
    EvrRtxMemoryPoolGetSpace                 0x08001f0d   Thumb Code    12  rtx_evr.o(.text)
    EvrRtxMemoryPoolDelete                   0x08001f19   Thumb Code    12  rtx_evr.o(.text)
    EvrRtxMemoryPoolDestroyed                0x08001f25   Thumb Code    12  rtx_evr.o(.text)
    EvrRtxMessageQueueError                  0x08001f31   Thumb Code    12  rtx_evr.o(.text)
    EvrRtxMessageQueueNew                    0x08001f3d   Thumb Code    64  rtx_evr.o(.text)
    EvrRtxMessageQueueCreated                0x08001f7d   Thumb Code    10  rtx_evr.o(.text)
    EvrRtxMessageQueueGetName                0x08001f87   Thumb Code    10  rtx_evr.o(.text)
    EvrRtxMessageQueuePut                    0x08001f91   Thumb Code    20  rtx_evr.o(.text)
    EvrRtxMessageQueuePutPending             0x08001fa5   Thumb Code    24  rtx_evr.o(.text)
    EvrRtxMessageQueuePutTimeout             0x08001fbd   Thumb Code    12  rtx_evr.o(.text)
    EvrRtxMessageQueueInsertPending          0x08001fc9   Thumb Code    12  rtx_evr.o(.text)
    EvrRtxMessageQueueInserted               0x08001fd5   Thumb Code    12  rtx_evr.o(.text)
    EvrRtxMessageQueueNotInserted            0x08001fe1   Thumb Code    12  rtx_evr.o(.text)
    EvrRtxMessageQueueGet                    0x08001fed   Thumb Code    20  rtx_evr.o(.text)
    EvrRtxMessageQueueGetPending             0x08002001   Thumb Code    24  rtx_evr.o(.text)
    EvrRtxMessageQueueGetTimeout             0x08002019   Thumb Code    12  rtx_evr.o(.text)
    EvrRtxMessageQueueRetrieved              0x08002025   Thumb Code    12  rtx_evr.o(.text)
    EvrRtxMessageQueueNotRetrieved           0x08002031   Thumb Code    12  rtx_evr.o(.text)
    EvrRtxMessageQueueGetCapacity            0x0800203d   Thumb Code    12  rtx_evr.o(.text)
    EvrRtxMessageQueueGetMsgSize             0x08002049   Thumb Code    12  rtx_evr.o(.text)
    EvrRtxMessageQueueGetCount               0x08002055   Thumb Code    12  rtx_evr.o(.text)
    EvrRtxMessageQueueGetSpace               0x08002061   Thumb Code    12  rtx_evr.o(.text)
    EvrRtxMessageQueueReset                  0x0800206d   Thumb Code    12  rtx_evr.o(.text)
    EvrRtxMessageQueueResetDone              0x08002079   Thumb Code    12  rtx_evr.o(.text)
    EvrRtxMessageQueueDelete                 0x08002085   Thumb Code    12  rtx_evr.o(.text)
    EvrRtxMessageQueueDestroyed              0x08002091   Thumb Code    12  rtx_evr.o(.text)
    osRtxKernelPreInit                       0x08002505   Thumb Code     2  rtx_kernel.o(.text)
    osRtxKernelErrorNotify                   0x08002507   Thumb Code    26  rtx_kernel.o(.text)
    osKernelInitialize                       0x08002521   Thumb Code    44  rtx_kernel.o(.text)
    osKernelGetInfo                          0x0800254d   Thumb Code    68  rtx_kernel.o(.text)
    osKernelGetState                         0x08002591   Thumb Code    40  rtx_kernel.o(.text)
    osKernelStart                            0x080025b9   Thumb Code    40  rtx_kernel.o(.text)
    osKernelLock                             0x080025e1   Thumb Code    40  rtx_kernel.o(.text)
    osKernelUnlock                           0x08002609   Thumb Code    40  rtx_kernel.o(.text)
    osKernelRestoreLock                      0x08002631   Thumb Code    46  rtx_kernel.o(.text)
    osKernelSuspend                          0x0800265f   Thumb Code    38  rtx_kernel.o(.text)
    osKernelResume                           0x08002685   Thumb Code    44  rtx_kernel.o(.text)
    osKernelGetTickCount                     0x080026b1   Thumb Code    28  rtx_kernel.o(.text)
    osKernelGetTickFreq                      0x080026cd   Thumb Code    28  rtx_kernel.o(.text)
    osKernelGetSysTimerCount                 0x080026e9   Thumb Code    28  rtx_kernel.o(.text)
    osKernelGetSysTimerFreq                  0x08002705   Thumb Code    28  rtx_kernel.o(.text)
    osRtxMemoryInit                          0x0800277d   Thumb Code    64  rtx_memory.o(.text)
    osRtxMemoryAlloc                         0x080027bd   Thumb Code   144  rtx_memory.o(.text)
    osRtxMemoryFree                          0x0800284d   Thumb Code    84  rtx_memory.o(.text)
    osRtxMemoryPoolInit                      0x080028a1   Thumb Code    72  rtx_mempool.o(.text)
    osRtxMemoryPoolAlloc                     0x080028e9   Thumb Code    50  rtx_mempool.o(.text)
    osRtxMemoryPoolFree                      0x0800291b   Thumb Code    70  rtx_mempool.o(.text)
    osMemoryPoolNew                          0x08002ceb   Thumb Code    58  rtx_mempool.o(.text)
    osMemoryPoolGetName                      0x08002d25   Thumb Code    38  rtx_mempool.o(.text)
    osMemoryPoolAlloc                        0x08002d4b   Thumb Code    94  rtx_mempool.o(.text)
    osMemoryPoolFree                         0x08002da9   Thumb Code   104  rtx_mempool.o(.text)
    osMemoryPoolGetCapacity                  0x08002e11   Thumb Code    34  rtx_mempool.o(.text)
    osMemoryPoolGetBlockSize                 0x08002e33   Thumb Code    34  rtx_mempool.o(.text)
    osMemoryPoolGetCount                     0x08002e55   Thumb Code    72  rtx_mempool.o(.text)
    osMemoryPoolGetSpace                     0x08002e9d   Thumb Code    34  rtx_mempool.o(.text)
    osMemoryPoolDelete                       0x08002ebf   Thumb Code    48  rtx_mempool.o(.text)
    osRtxMessageQueueTimerSetup              0x080035f5   Thumb Code    30  rtx_msgqueue.o(.text)
    osMessageQueueNew                        0x08003613   Thumb Code    58  rtx_msgqueue.o(.text)
    osMessageQueueGetName                    0x0800364d   Thumb Code    38  rtx_msgqueue.o(.text)
    osMessageQueuePut                        0x08003673   Thumb Code   156  rtx_msgqueue.o(.text)
    osMessageQueueGet                        0x0800370f   Thumb Code   142  rtx_msgqueue.o(.text)
    osMessageQueueGetCapacity                0x0800379d   Thumb Code    34  rtx_msgqueue.o(.text)
    osMessageQueueGetMsgSize                 0x080037bf   Thumb Code    34  rtx_msgqueue.o(.text)
    osMessageQueueGetCount                   0x080037e1   Thumb Code    34  rtx_msgqueue.o(.text)
    osMessageQueueGetSpace                   0x08003803   Thumb Code    34  rtx_msgqueue.o(.text)
    osMessageQueueReset                      0x08003825   Thumb Code    48  rtx_msgqueue.o(.text)
    osMessageQueueDelete                     0x08003855   Thumb Code    48  rtx_msgqueue.o(.text)
    osRtxMutexOwnerRelease                   0x080038d5   Thumb Code    88  rtx_mutex.o(.text)
    osRtxMutexOwnerRestore                   0x0800392d   Thumb Code    70  rtx_mutex.o(.text)
    osMutexNew                               0x08003cdf   Thumb Code    46  rtx_mutex.o(.text)
    osMutexGetName                           0x08003d0d   Thumb Code    38  rtx_mutex.o(.text)
    osMutexAcquire                           0x08003d33   Thumb Code    54  rtx_mutex.o(.text)
    osMutexRelease                           0x08003d69   Thumb Code    48  rtx_mutex.o(.text)
    osMutexGetOwner                          0x08003d99   Thumb Code    58  rtx_mutex.o(.text)
    osMutexDelete                            0x08003dd3   Thumb Code    48  rtx_mutex.o(.text)
    osRtxTick_Handler                        0x08003e85   Thumb Code   124  rtx_system.o(.text)
    osRtxPendSV_Handler                      0x08003f01   Thumb Code    74  rtx_system.o(.text)
    osRtxPostProcess                         0x08003f4b   Thumb Code    46  rtx_system.o(.text)
    osRtxThreadListPut                       0x08003fbb   Thumb Code    38  rtx_thread.o(.text)
    osRtxThreadListGet                       0x08003fe1   Thumb Code    22  rtx_thread.o(.text)
    osRtxThreadListRemove                    0x08004003   Thumb Code    24  rtx_thread.o(.text)
    osRtxThreadListSort                      0x0800401b   Thumb Code    42  rtx_thread.o(.text)
    osRtxThreadReadyPut                      0x08004063   Thumb Code    10  rtx_thread.o(.text)
    osRtxThreadRegPtr                        0x08004117   Thumb Code     6  rtx_thread.o(.text)
    osRtxThreadDelayTick                     0x0800411d   Thumb Code   206  rtx_thread.o(.text)
    osRtxThreadSwitch                        0x08004219   Thumb Code    14  rtx_thread.o(.text)
    osRtxThreadDispatch                      0x08004227   Thumb Code   100  rtx_thread.o(.text)
    osRtxThreadWaitExit                      0x0800428b   Thumb Code    48  rtx_thread.o(.text)
    osRtxThreadWaitEnter                     0x080042bb   Thumb Code    62  rtx_thread.o(.text)
    osThreadExit                             0x0800441f   Thumb Code    22  rtx_thread.o(.text)
    osRtxThreadStartup                       0x08004ca9   Thumb Code    56  rtx_thread.o(.text)
    osThreadNew                              0x08004ce1   Thumb Code    58  rtx_thread.o(.text)
    osThreadGetName                          0x08004d1b   Thumb Code    56  rtx_thread.o(.text)
    osThreadGetId                            0x08004d53   Thumb Code    28  rtx_thread.o(.text)
    osThreadGetState                         0x08004d6f   Thumb Code    42  rtx_thread.o(.text)
    osThreadGetStackSize                     0x08004d99   Thumb Code    38  rtx_thread.o(.text)
    osThreadGetStackSpace                    0x08004dbf   Thumb Code    38  rtx_thread.o(.text)
    osThreadSetPriority                      0x08004de5   Thumb Code    54  rtx_thread.o(.text)
    osThreadGetPriority                      0x08004e1b   Thumb Code    42  rtx_thread.o(.text)
    osThreadYield                            0x08004e45   Thumb Code    42  rtx_thread.o(.text)
    osThreadSuspend                          0x08004e6f   Thumb Code    48  rtx_thread.o(.text)
    osThreadResume                           0x08004e9f   Thumb Code    48  rtx_thread.o(.text)
    osThreadDetach                           0x08004ecf   Thumb Code    48  rtx_thread.o(.text)
    osThreadJoin                             0x08004eff   Thumb Code    48  rtx_thread.o(.text)
    osThreadTerminate                        0x08004f2f   Thumb Code    48  rtx_thread.o(.text)
    osThreadGetCount                         0x08004f5f   Thumb Code    32  rtx_thread.o(.text)
    osThreadEnumerate                        0x08004f7f   Thumb Code    44  rtx_thread.o(.text)
    osThreadFlagsSet                         0x08004fab   Thumb Code   112  rtx_thread.o(.text)
    osThreadFlagsClear                       0x0800501b   Thumb Code    48  rtx_thread.o(.text)
    osThreadFlagsGet                         0x0800504b   Thumb Code    32  rtx_thread.o(.text)
    osThreadFlagsWait                        0x0800506b   Thumb Code    60  rtx_thread.o(.text)
    osRtxTimerSetup                          0x080051e7   Thumb Code    24  rtx_timer.o(.text)
    osRtxTimerThread                         0x080051ff   Thumb Code    40  rtx_timer.o(.text)
    osTimerNew                               0x0800542f   Thumb Code    66  rtx_timer.o(.text)
    osTimerGetName                           0x08005471   Thumb Code    38  rtx_timer.o(.text)
    osTimerStart                             0x08005497   Thumb Code    54  rtx_timer.o(.text)
    osTimerStop                              0x080054cd   Thumb Code    72  rtx_timer.o(.text)
    osTimerIsRunning                         0x08005515   Thumb Code    38  rtx_timer.o(.text)
    osTimerDelete                            0x0800553b   Thumb Code    48  rtx_timer.o(.text)
    OS_Tick_Setup                            0x08005595   Thumb Code    58  os_systick.o(.text)
    OS_Tick_Enable                           0x080055cf   Thumb Code    36  os_systick.o(.text)
    OS_Tick_Disable                          0x080055f3   Thumb Code    36  os_systick.o(.text)
    OS_Tick_AcknowledgeIRQ                   0x08005617   Thumb Code     8  os_systick.o(.text)
    OS_Tick_GetIRQn                          0x0800561f   Thumb Code     6  os_systick.o(.text)
    OS_Tick_GetClock                         0x08005625   Thumb Code     6  os_systick.o(.text)
    OS_Tick_GetInterval                      0x0800562b   Thumb Code    10  os_systick.o(.text)
    OS_Tick_GetCount                         0x08005635   Thumb Code    12  os_systick.o(.text)
    OS_Tick_GetOverflow                      0x08005641   Thumb Code    12  os_systick.o(.text)
    osRtxIdleThread                          0x08005659   Thumb Code     2  rtx_config.o(.text)
    osRtxErrorNotify                         0x0800565b   Thumb Code     2  rtx_config.o(.text)
    I2C1_EV_IRQHandler                       0x080068e5   Thumb Code     4  i2c_stm32f4xx.o(.text)
    I2C1_ER_IRQHandler                       0x080068e9   Thumb Code     4  i2c_stm32f4xx.o(.text)
    I2C2_EV_IRQHandler                       0x08006947   Thumb Code     6  i2c_stm32f4xx.o(.text)
    I2C2_ER_IRQHandler                       0x0800694d   Thumb Code     6  i2c_stm32f4xx.o(.text)
    SPI1_IRQHandler                          0x08007a1f   Thumb Code     4  spi_stm32f4xx.o(.text)
    DMA2_Stream5_IRQHandler                  0x08007a27   Thumb Code    18  spi_stm32f4xx.o(.text)
    DMA2_Stream0_IRQHandler                  0x08007a3d   Thumb Code    20  spi_stm32f4xx.o(.text)
    USART_IRQHandler                         0x080089e1   Thumb Code   516  usart_stm32f4xx.o(.text)
    USART3_IRQHandler                        0x08008c2d   Thumb Code     4  usart_stm32f4xx.o(.text)
    EventRecorderTimerGetCount               0x08008cdf   Thumb Code     6  eventrecorder.o(.text)
    EventRecorderTimerSetup                  0x08008d4f   Thumb Code    24  eventrecorder.o(.text)
    EventRecorderTimerGetFreq                0x08008d67   Thumb Code     6  eventrecorder.o(.text)
    EventRecorderStart                       0x08008d6d   Thumb Code    40  eventrecorder.o(.text)
    EventRecorderEnable                      0x08008d95   Thumb Code    88  eventrecorder.o(.text)
    EventRecorderInitialize                  0x08008ded   Thumb Code   228  eventrecorder.o(.text)
    EventRecorderDisable                     0x08008ed1   Thumb Code    84  eventrecorder.o(.text)
    EventRecorderStop                        0x08008f25   Thumb Code    42  eventrecorder.o(.text)
    EventRecorderClockUpdate                 0x08008f4f   Thumb Code    34  eventrecorder.o(.text)
    EventRecordData                          0x08008f71   Thumb Code   298  eventrecorder.o(.text)
    EventRecord2                             0x0800909b   Thumb Code    60  eventrecorder.o(.text)
    EventRecord4                             0x080090d7   Thumb Code   106  eventrecorder.o(.text)
    HAL_MspInit                              0x0800916d   Thumb Code     2  stm32f4xx_hal.o(.text)
    HAL_InitTick                             0x0800916f   Thumb Code    58  stm32f4xx_hal.o(.text)
    HAL_Init                                 0x080091a9   Thumb Code    40  stm32f4xx_hal.o(.text)
    HAL_MspDeInit                            0x080091d1   Thumb Code     2  stm32f4xx_hal.o(.text)
    HAL_DeInit                               0x080091d3   Thumb Code    48  stm32f4xx_hal.o(.text)
    HAL_IncTick                              0x08009203   Thumb Code    12  stm32f4xx_hal.o(.text)
    HAL_GetTickPrio                          0x08009215   Thumb Code     6  stm32f4xx_hal.o(.text)
    HAL_SetTickFreq                          0x0800921b   Thumb Code    30  stm32f4xx_hal.o(.text)
    HAL_GetTickFreq                          0x08009239   Thumb Code     6  stm32f4xx_hal.o(.text)
    HAL_Delay                                0x0800923f   Thumb Code    32  stm32f4xx_hal.o(.text)
    HAL_SuspendTick                          0x0800925f   Thumb Code    14  stm32f4xx_hal.o(.text)
    HAL_ResumeTick                           0x0800926d   Thumb Code    14  stm32f4xx_hal.o(.text)
    HAL_GetHalVersion                        0x0800927b   Thumb Code     4  stm32f4xx_hal.o(.text)
    HAL_GetREVID                             0x0800927f   Thumb Code     8  stm32f4xx_hal.o(.text)
    HAL_GetDEVID                             0x08009287   Thumb Code    10  stm32f4xx_hal.o(.text)
    HAL_DBGMCU_EnableDBGSleepMode            0x08009291   Thumb Code    12  stm32f4xx_hal.o(.text)
    HAL_DBGMCU_DisableDBGSleepMode           0x0800929d   Thumb Code    12  stm32f4xx_hal.o(.text)
    HAL_DBGMCU_EnableDBGStopMode             0x080092a9   Thumb Code    12  stm32f4xx_hal.o(.text)
    HAL_DBGMCU_DisableDBGStopMode            0x080092b5   Thumb Code    12  stm32f4xx_hal.o(.text)
    HAL_DBGMCU_EnableDBGStandbyMode          0x080092c1   Thumb Code    12  stm32f4xx_hal.o(.text)
    HAL_DBGMCU_DisableDBGStandbyMode         0x080092cd   Thumb Code    12  stm32f4xx_hal.o(.text)
    HAL_EnableCompensationCell               0x080092d9   Thumb Code     8  stm32f4xx_hal.o(.text)
    HAL_DisableCompensationCell              0x080092e1   Thumb Code     8  stm32f4xx_hal.o(.text)
    HAL_GetUIDw0                             0x080092e9   Thumb Code     6  stm32f4xx_hal.o(.text)
    HAL_GetUIDw1                             0x080092ef   Thumb Code     8  stm32f4xx_hal.o(.text)
    HAL_GetUIDw2                             0x080092f7   Thumb Code     8  stm32f4xx_hal.o(.text)
    HAL_EnableMemorySwappingBank             0x080092ff   Thumb Code     8  stm32f4xx_hal.o(.text)
    HAL_DisableMemorySwappingBank            0x08009307   Thumb Code     8  stm32f4xx_hal.o(.text)
    HAL_ADC_MspInit                          0x0800945f   Thumb Code     2  stm32f4xx_hal_adc.o(.text)
    HAL_ADC_Init                             0x08009461   Thumb Code    84  stm32f4xx_hal_adc.o(.text)
    HAL_ADC_MspDeInit                        0x080094b5   Thumb Code     2  stm32f4xx_hal_adc.o(.text)
    HAL_ADC_DeInit                           0x080094b7   Thumb Code    62  stm32f4xx_hal_adc.o(.text)
    HAL_ADC_Start                            0x080094f5   Thumb Code   234  stm32f4xx_hal_adc.o(.text)
    HAL_ADC_Stop                             0x080095df   Thumb Code    60  stm32f4xx_hal_adc.o(.text)
    HAL_ADC_PollForConversion                0x0800961b   Thumb Code   162  stm32f4xx_hal_adc.o(.text)
    HAL_ADC_PollForEvent                     0x080096bd   Thumb Code   138  stm32f4xx_hal_adc.o(.text)
    HAL_ADC_Start_IT                         0x08009747   Thumb Code   244  stm32f4xx_hal_adc.o(.text)
    HAL_ADC_Stop_IT                          0x0800983b   Thumb Code    70  stm32f4xx_hal_adc.o(.text)
    HAL_ADC_ErrorCallback                    0x08009881   Thumb Code     2  stm32f4xx_hal_adc.o(.text)
    HAL_ADC_LevelOutOfWindowCallback         0x08009883   Thumb Code     2  stm32f4xx_hal_adc.o(.text)
    HAL_ADC_ConvCpltCallback                 0x08009885   Thumb Code     2  stm32f4xx_hal_adc.o(.text)
    HAL_ADC_IRQHandler                       0x08009887   Thumb Code   318  stm32f4xx_hal_adc.o(.text)
    HAL_ADC_ConvHalfCpltCallback             0x080099db   Thumb Code     2  stm32f4xx_hal_adc.o(.text)
    HAL_ADC_Start_DMA                        0x08009a55   Thumb Code   336  stm32f4xx_hal_adc.o(.text)
    HAL_ADC_Stop_DMA                         0x08009ba5   Thumb Code    88  stm32f4xx_hal_adc.o(.text)
    HAL_ADC_GetValue                         0x08009bfd   Thumb Code     6  stm32f4xx_hal_adc.o(.text)
    HAL_ADC_ConfigChannel                    0x08009c03   Thumb Code   344  stm32f4xx_hal_adc.o(.text)
    HAL_ADC_AnalogWDGConfig                  0x08009d5b   Thumb Code   112  stm32f4xx_hal_adc.o(.text)
    HAL_ADC_GetState                         0x08009dcb   Thumb Code     4  stm32f4xx_hal_adc.o(.text)
    HAL_ADC_GetError                         0x08009dcf   Thumb Code     4  stm32f4xx_hal_adc.o(.text)
    HAL_ADCEx_InjectedStart                  0x08009ded   Thumb Code   208  stm32f4xx_hal_adc_ex.o(.text)
    HAL_ADCEx_InjectedStart_IT               0x08009ebd   Thumb Code   218  stm32f4xx_hal_adc_ex.o(.text)
    HAL_ADCEx_InjectedStop                   0x08009f97   Thumb Code    86  stm32f4xx_hal_adc_ex.o(.text)
    HAL_ADCEx_InjectedPollForConversion      0x08009fed   Thumb Code   136  stm32f4xx_hal_adc_ex.o(.text)
    HAL_ADCEx_InjectedStop_IT                0x0800a075   Thumb Code    94  stm32f4xx_hal_adc_ex.o(.text)
    HAL_ADCEx_InjectedGetValue               0x0800a0d3   Thumb Code    62  stm32f4xx_hal_adc_ex.o(.text)
    HAL_ADCEx_MultiModeStart_DMA             0x0800a183   Thumb Code   252  stm32f4xx_hal_adc_ex.o(.text)
    HAL_ADCEx_MultiModeStop_DMA              0x0800a27f   Thumb Code    90  stm32f4xx_hal_adc_ex.o(.text)
    HAL_ADCEx_MultiModeGetValue              0x0800a2d9   Thumb Code     6  stm32f4xx_hal_adc_ex.o(.text)
    HAL_ADCEx_InjectedConvCpltCallback       0x0800a2df   Thumb Code     2  stm32f4xx_hal_adc_ex.o(.text)
    HAL_ADCEx_InjectedConfigChannel          0x0800a2e1   Thumb Code   458  stm32f4xx_hal_adc_ex.o(.text)
    HAL_ADCEx_MultiModeConfigChannel         0x0800a4ab   Thumb Code    78  stm32f4xx_hal_adc_ex.o(.text)
    HAL_NVIC_SetPriorityGrouping             0x0800a511   Thumb Code    26  stm32f4xx_hal_cortex.o(.text)
    HAL_NVIC_SetPriority                     0x0800a52b   Thumb Code    60  stm32f4xx_hal_cortex.o(.text)
    HAL_NVIC_EnableIRQ                       0x0800a567   Thumb Code    26  stm32f4xx_hal_cortex.o(.text)
    HAL_NVIC_DisableIRQ                      0x0800a581   Thumb Code    34  stm32f4xx_hal_cortex.o(.text)
    HAL_NVIC_SystemReset                     0x0800a5a3   Thumb Code    28  stm32f4xx_hal_cortex.o(.text)
    HAL_SYSTICK_Config                       0x0800a5bf   Thumb Code    40  stm32f4xx_hal_cortex.o(.text)
    HAL_MPU_Disable                          0x0800a5e7   Thumb Code    26  stm32f4xx_hal_cortex.o(.text)
    HAL_MPU_Enable                           0x0800a601   Thumb Code    32  stm32f4xx_hal_cortex.o(.text)
    HAL_MPU_ConfigRegion                     0x0800a621   Thumb Code    84  stm32f4xx_hal_cortex.o(.text)
    HAL_NVIC_GetPriorityGrouping             0x0800a675   Thumb Code    10  stm32f4xx_hal_cortex.o(.text)
    HAL_NVIC_GetPriority                     0x0800a67f   Thumb Code    86  stm32f4xx_hal_cortex.o(.text)
    HAL_NVIC_SetPendingIRQ                   0x0800a6d5   Thumb Code    26  stm32f4xx_hal_cortex.o(.text)
    HAL_NVIC_GetPendingIRQ                   0x0800a6ef   Thumb Code    40  stm32f4xx_hal_cortex.o(.text)
    HAL_NVIC_ClearPendingIRQ                 0x0800a717   Thumb Code    26  stm32f4xx_hal_cortex.o(.text)
    HAL_NVIC_GetActive                       0x0800a731   Thumb Code    40  stm32f4xx_hal_cortex.o(.text)
    HAL_SYSTICK_CLKSourceConfig              0x0800a759   Thumb Code    28  stm32f4xx_hal_cortex.o(.text)
    HAL_SYSTICK_Callback                     0x0800a775   Thumb Code     2  stm32f4xx_hal_cortex.o(.text)
    HAL_SYSTICK_IRQHandler                   0x0800a777   Thumb Code     8  stm32f4xx_hal_cortex.o(.text)
    HAL_DMA_Init                             0x0800a847   Thumb Code   208  stm32f4xx_hal_dma.o(.text)
    HAL_DMA_DeInit                           0x0800a917   Thumb Code   102  stm32f4xx_hal_dma.o(.text)
    HAL_DMA_Start                            0x0800a9a7   Thumb Code    70  stm32f4xx_hal_dma.o(.text)
    HAL_DMA_Start_IT                         0x0800a9ed   Thumb Code   108  stm32f4xx_hal_dma.o(.text)
    HAL_DMA_Abort                            0x0800aa59   Thumb Code   140  stm32f4xx_hal_dma.o(.text)
    HAL_DMA_Abort_IT                         0x0800aae5   Thumb Code    36  stm32f4xx_hal_dma.o(.text)
    HAL_DMA_PollForTransfer                  0x0800ab09   Thumb Code   296  stm32f4xx_hal_dma.o(.text)
    HAL_DMA_IRQHandler                       0x0800ac31   Thumb Code   460  stm32f4xx_hal_dma.o(.text)
    HAL_DMA_RegisterCallback                 0x0800adfd   Thumb Code    80  stm32f4xx_hal_dma.o(.text)
    HAL_DMA_UnRegisterCallback               0x0800ae4d   Thumb Code   100  stm32f4xx_hal_dma.o(.text)
    HAL_DMA_GetState                         0x0800aeb1   Thumb Code     6  stm32f4xx_hal_dma.o(.text)
    HAL_DMA_GetError                         0x0800aeb7   Thumb Code     4  stm32f4xx_hal_dma.o(.text)
    HAL_GPIO_Init                            0x0800aec1   Thumb Code   410  stm32f4xx_hal_gpio.o(.text)
    HAL_GPIO_DeInit                          0x0800b05b   Thumb Code   300  stm32f4xx_hal_gpio.o(.text)
    HAL_GPIO_ReadPin                         0x0800b187   Thumb Code    14  stm32f4xx_hal_gpio.o(.text)
    HAL_GPIO_WritePin                        0x0800b195   Thumb Code    14  stm32f4xx_hal_gpio.o(.text)
    HAL_GPIO_TogglePin                       0x0800b1a3   Thumb Code    18  stm32f4xx_hal_gpio.o(.text)
    HAL_GPIO_LockPin                         0x0800b1b5   Thumb Code    36  stm32f4xx_hal_gpio.o(.text)
    HAL_GPIO_EXTI_IRQHandler                 0x0800b1db   Thumb Code    20  stm32f4xx_hal_gpio.o(.text)
    HAL_I2C_MspInit                          0x0800b225   Thumb Code     2  stm32f4xx_hal_i2c.o(.text)
    HAL_I2C_Init                             0x0800b227   Thumb Code   392  stm32f4xx_hal_i2c.o(.text)
    HAL_I2C_MspDeInit                        0x0800b3af   Thumb Code     2  stm32f4xx_hal_i2c.o(.text)
    HAL_I2C_DeInit                           0x0800b3b1   Thumb Code    50  stm32f4xx_hal_i2c.o(.text)
    HAL_I2C_Master_Transmit                  0x0800b68b   Thumb Code   318  stm32f4xx_hal_i2c.o(.text)
    HAL_I2C_Master_Receive                   0x0800b943   Thumb Code   652  stm32f4xx_hal_i2c.o(.text)
    HAL_I2C_Slave_Transmit                   0x0800bbcf   Thumb Code   346  stm32f4xx_hal_i2c.o(.text)
    HAL_I2C_Slave_Receive                    0x0800bd73   Thumb Code   318  stm32f4xx_hal_i2c.o(.text)
    HAL_I2C_Master_Transmit_IT               0x0800beb1   Thumb Code   186  stm32f4xx_hal_i2c.o(.text)
    HAL_I2C_Master_Receive_IT                0x0800bf6b   Thumb Code   210  stm32f4xx_hal_i2c.o(.text)
    HAL_I2C_Slave_Transmit_IT                0x0800c03d   Thumb Code   124  stm32f4xx_hal_i2c.o(.text)
    HAL_I2C_Slave_Receive_IT                 0x0800c0b9   Thumb Code   124  stm32f4xx_hal_i2c.o(.text)
    HAL_I2C_ErrorCallback                    0x0800c135   Thumb Code     2  stm32f4xx_hal_i2c.o(.text)
    HAL_I2C_MasterRxCpltCallback             0x0800c17d   Thumb Code     2  stm32f4xx_hal_i2c.o(.text)
    HAL_I2C_MemRxCpltCallback                0x0800c17f   Thumb Code     2  stm32f4xx_hal_i2c.o(.text)
    HAL_I2C_SlaveRxCpltCallback              0x0800c181   Thumb Code     2  stm32f4xx_hal_i2c.o(.text)
    HAL_I2C_SlaveTxCpltCallback              0x0800c183   Thumb Code     2  stm32f4xx_hal_i2c.o(.text)
    HAL_I2C_Master_Transmit_DMA              0x0800c295   Thumb Code   314  stm32f4xx_hal_i2c.o(.text)
    HAL_I2C_Master_Receive_DMA               0x0800c3cf   Thumb Code   334  stm32f4xx_hal_i2c.o(.text)
    HAL_I2C_Slave_Transmit_DMA               0x0800c51d   Thumb Code   200  stm32f4xx_hal_i2c.o(.text)
    HAL_I2C_Slave_Receive_DMA                0x0800c5e5   Thumb Code   200  stm32f4xx_hal_i2c.o(.text)
    HAL_I2C_Mem_Write                        0x0800c76d   Thumb Code   316  stm32f4xx_hal_i2c.o(.text)
    HAL_I2C_Mem_Read                         0x0800c9f7   Thumb Code   634  stm32f4xx_hal_i2c.o(.text)
    HAL_I2C_Mem_Write_IT                     0x0800cc71   Thumb Code   208  stm32f4xx_hal_i2c.o(.text)
    HAL_I2C_Mem_Read_IT                      0x0800cd41   Thumb Code   242  stm32f4xx_hal_i2c.o(.text)
    HAL_I2C_Mem_Write_DMA                    0x0800ce33   Thumb Code   364  stm32f4xx_hal_i2c.o(.text)
    HAL_I2C_Mem_Read_DMA                     0x0800cf9f   Thumb Code   422  stm32f4xx_hal_i2c.o(.text)
    HAL_I2C_IsDeviceReady                    0x0800d145   Thumb Code   390  stm32f4xx_hal_i2c.o(.text)
    HAL_I2C_Master_Seq_Transmit_IT           0x0800d2cb   Thumb Code   222  stm32f4xx_hal_i2c.o(.text)
    HAL_I2C_Master_Seq_Transmit_DMA          0x0800d3a9   Thumb Code   384  stm32f4xx_hal_i2c.o(.text)
    HAL_I2C_Master_Seq_Receive_IT            0x0800d529   Thumb Code   328  stm32f4xx_hal_i2c.o(.text)
    HAL_I2C_Master_Seq_Receive_DMA           0x0800d671   Thumb Code   492  stm32f4xx_hal_i2c.o(.text)
    HAL_I2C_Slave_Seq_Transmit_IT            0x0800d85d   Thumb Code   120  stm32f4xx_hal_i2c.o(.text)
    HAL_I2C_AbortCpltCallback                0x0800d8d5   Thumb Code     2  stm32f4xx_hal_i2c.o(.text)
    HAL_I2C_Slave_Seq_Transmit_DMA           0x0800d98d   Thumb Code   346  stm32f4xx_hal_i2c.o(.text)
    HAL_I2C_Slave_Seq_Receive_IT             0x0800dae7   Thumb Code   120  stm32f4xx_hal_i2c.o(.text)
    HAL_I2C_Slave_Seq_Receive_DMA            0x0800db5f   Thumb Code   324  stm32f4xx_hal_i2c.o(.text)
    HAL_I2C_EnableListen_IT                  0x0800dca3   Thumb Code    58  stm32f4xx_hal_i2c.o(.text)
    HAL_I2C_DisableListen_IT                 0x0800dcdd   Thumb Code    62  stm32f4xx_hal_i2c.o(.text)
    HAL_I2C_ListenCpltCallback               0x0800dd1b   Thumb Code     2  stm32f4xx_hal_i2c.o(.text)
    HAL_I2C_Master_Abort_IT                  0x0800de71   Thumb Code    94  stm32f4xx_hal_i2c.o(.text)
    HAL_I2C_AddrCallback                     0x0800e0f5   Thumb Code     2  stm32f4xx_hal_i2c.o(.text)
    HAL_I2C_MemTxCpltCallback                0x0800e345   Thumb Code     2  stm32f4xx_hal_i2c.o(.text)
    HAL_I2C_MasterTxCpltCallback             0x0800e403   Thumb Code     2  stm32f4xx_hal_i2c.o(.text)
    HAL_I2C_EV_IRQHandler                    0x0800e7af   Thumb Code   386  stm32f4xx_hal_i2c.o(.text)
    HAL_I2C_ER_IRQHandler                    0x0800e9b3   Thumb Code   184  stm32f4xx_hal_i2c.o(.text)
    HAL_I2C_GetState                         0x0800ea6b   Thumb Code     6  stm32f4xx_hal_i2c.o(.text)
    HAL_I2C_GetMode                          0x0800ea71   Thumb Code     6  stm32f4xx_hal_i2c.o(.text)
    HAL_I2C_GetError                         0x0800ea77   Thumb Code     4  stm32f4xx_hal_i2c.o(.text)
    HAL_PWR_DeInit                           0x0800ea7d   Thumb Code    20  stm32f4xx_hal_pwr.o(.text)
    HAL_PWR_EnableBkUpAccess                 0x0800ea91   Thumb Code     8  stm32f4xx_hal_pwr.o(.text)
    HAL_PWR_DisableBkUpAccess                0x0800ea99   Thumb Code     8  stm32f4xx_hal_pwr.o(.text)
    HAL_PWR_ConfigPVD                        0x0800eaa1   Thumb Code   114  stm32f4xx_hal_pwr.o(.text)
    HAL_PWR_EnablePVD                        0x0800eb13   Thumb Code     8  stm32f4xx_hal_pwr.o(.text)
    HAL_PWR_DisablePVD                       0x0800eb1b   Thumb Code     8  stm32f4xx_hal_pwr.o(.text)
    HAL_PWR_EnableWakeUpPin                  0x0800eb23   Thumb Code    10  stm32f4xx_hal_pwr.o(.text)
    HAL_PWR_DisableWakeUpPin                 0x0800eb2d   Thumb Code    10  stm32f4xx_hal_pwr.o(.text)
    HAL_PWR_EnterSLEEPMode                   0x0800eb37   Thumb Code    26  stm32f4xx_hal_pwr.o(.text)
    HAL_PWR_EnterSTOPMode                    0x0800eb51   Thumb Code    46  stm32f4xx_hal_pwr.o(.text)
    HAL_PWR_EnterSTANDBYMode                 0x0800eb7f   Thumb Code    24  stm32f4xx_hal_pwr.o(.text)
    HAL_PWR_PVDCallback                      0x0800eb97   Thumb Code     2  stm32f4xx_hal_pwr.o(.text)
    HAL_PWR_PVD_IRQHandler                   0x0800eb99   Thumb Code    24  stm32f4xx_hal_pwr.o(.text)
    HAL_PWR_EnableSleepOnExit                0x0800ebb1   Thumb Code    12  stm32f4xx_hal_pwr.o(.text)
    HAL_PWR_DisableSleepOnExit               0x0800ebbd   Thumb Code    12  stm32f4xx_hal_pwr.o(.text)
    HAL_PWR_EnableSEVOnPend                  0x0800ebc9   Thumb Code    12  stm32f4xx_hal_pwr.o(.text)
    HAL_PWR_DisableSEVOnPend                 0x0800ebd5   Thumb Code    12  stm32f4xx_hal_pwr.o(.text)
    HAL_RCC_OscConfig                        0x0800ebf9   Thumb Code   954  stm32f4xx_hal_rcc.o(.text)
    HAL_RCC_GetSysClockFreq                  0x0800efb3   Thumb Code    94  stm32f4xx_hal_rcc.o(.text)
    HAL_RCC_ClockConfig                      0x0800f011   Thumb Code   340  stm32f4xx_hal_rcc.o(.text)
    HAL_RCC_MCOConfig                        0x0800f165   Thumb Code   130  stm32f4xx_hal_rcc.o(.text)
    HAL_RCC_EnableCSS                        0x0800f1e7   Thumb Code     8  stm32f4xx_hal_rcc.o(.text)
    HAL_RCC_DisableCSS                       0x0800f1ef   Thumb Code     8  stm32f4xx_hal_rcc.o(.text)
    HAL_RCC_GetHCLKFreq                      0x0800f1f7   Thumb Code     6  stm32f4xx_hal_rcc.o(.text)
    HAL_RCC_GetPCLK1Freq                     0x0800f1fd   Thumb Code    24  stm32f4xx_hal_rcc.o(.text)
    HAL_RCC_GetPCLK2Freq                     0x0800f215   Thumb Code    24  stm32f4xx_hal_rcc.o(.text)
    HAL_RCC_GetOscConfig                     0x0800f22d   Thumb Code   178  stm32f4xx_hal_rcc.o(.text)
    HAL_RCC_GetClockConfig                   0x0800f2df   Thumb Code    54  stm32f4xx_hal_rcc.o(.text)
    HAL_RCC_CSSCallback                      0x0800f315   Thumb Code     2  stm32f4xx_hal_rcc.o(.text)
    HAL_RCC_NMI_IRQHandler                   0x0800f317   Thumb Code    26  stm32f4xx_hal_rcc.o(.text)
    TIM_Base_SetConfig                       0x0800f355   Thumb Code   160  stm32f4xx_hal_tim.o(.text)
    HAL_TIM_Base_MspInit                     0x0800f3f5   Thumb Code     2  stm32f4xx_hal_tim.o(.text)
    HAL_TIM_Base_Init                        0x0800f3f7   Thumb Code    56  stm32f4xx_hal_tim.o(.text)
    HAL_TIM_Base_MspDeInit                   0x0800f42f   Thumb Code     2  stm32f4xx_hal_tim.o(.text)
    HAL_TIM_Base_DeInit                      0x0800f431   Thumb Code    54  stm32f4xx_hal_tim.o(.text)
    HAL_TIM_Base_Start                       0x0800f467   Thumb Code    36  stm32f4xx_hal_tim.o(.text)
    HAL_TIM_Base_Stop                        0x0800f48b   Thumb Code    44  stm32f4xx_hal_tim.o(.text)
    HAL_TIM_Base_Start_IT                    0x0800f4b7   Thumb Code    34  stm32f4xx_hal_tim.o(.text)
    HAL_TIM_Base_Stop_IT                     0x0800f4d9   Thumb Code    42  stm32f4xx_hal_tim.o(.text)
    HAL_TIM_ErrorCallback                    0x0800f503   Thumb Code     2  stm32f4xx_hal_tim.o(.text)
    TIM_DMAError                             0x0800f505   Thumb Code    16  stm32f4xx_hal_tim.o(.text)
    HAL_TIM_PeriodElapsedHalfCpltCallback    0x0800f515   Thumb Code     2  stm32f4xx_hal_tim.o(.text)
    HAL_TIM_Base_Start_DMA                   0x0800f539   Thumb Code   112  stm32f4xx_hal_tim.o(.text)
    HAL_TIM_Base_Stop_DMA                    0x0800f5a9   Thumb Code    58  stm32f4xx_hal_tim.o(.text)
    HAL_TIM_OC_MspInit                       0x0800f5e3   Thumb Code     2  stm32f4xx_hal_tim.o(.text)
    HAL_TIM_OC_Init                          0x0800f5e5   Thumb Code    56  stm32f4xx_hal_tim.o(.text)
    HAL_TIM_OC_MspDeInit                     0x0800f61d   Thumb Code     2  stm32f4xx_hal_tim.o(.text)
    HAL_TIM_OC_DeInit                        0x0800f61f   Thumb Code    54  stm32f4xx_hal_tim.o(.text)
    TIM_CCxChannelCmd                        0x0800f655   Thumb Code    26  stm32f4xx_hal_tim.o(.text)
    HAL_TIM_OC_Start                         0x0800f66f   Thumb Code    58  stm32f4xx_hal_tim.o(.text)
    HAL_TIM_OC_Stop                          0x0800f6a9   Thumb Code    78  stm32f4xx_hal_tim.o(.text)
    HAL_TIM_OC_Start_IT                      0x0800f6f7   Thumb Code   170  stm32f4xx_hal_tim.o(.text)
    HAL_TIM_OC_Stop_IT                       0x0800f7a1   Thumb Code   136  stm32f4xx_hal_tim.o(.text)
    HAL_TIM_PWM_PulseFinishedHalfCpltCallback 0x0800f829   Thumb Code     2  stm32f4xx_hal_tim.o(.text)
    TIM_DMADelayPulseHalfCplt                0x0800f82b   Thumb Code    66  stm32f4xx_hal_tim.o(.text)
    HAL_TIM_PWM_PulseFinishedCallback        0x0800f86d   Thumb Code     2  stm32f4xx_hal_tim.o(.text)
    TIM_DMADelayPulseCplt                    0x0800f86f   Thumb Code    66  stm32f4xx_hal_tim.o(.text)
    HAL_TIM_OC_Start_DMA                     0x0800f8b1   Thumb Code   288  stm32f4xx_hal_tim.o(.text)
    HAL_TIM_OC_Stop_DMA                      0x0800f9d1   Thumb Code   170  stm32f4xx_hal_tim.o(.text)
    HAL_TIM_PWM_MspInit                      0x0800fa7b   Thumb Code     2  stm32f4xx_hal_tim.o(.text)
    HAL_TIM_PWM_Init                         0x0800fa7d   Thumb Code    56  stm32f4xx_hal_tim.o(.text)
    HAL_TIM_PWM_MspDeInit                    0x0800fab5   Thumb Code     2  stm32f4xx_hal_tim.o(.text)
    HAL_TIM_PWM_DeInit                       0x0800fab7   Thumb Code    54  stm32f4xx_hal_tim.o(.text)
    HAL_TIM_PWM_Start                        0x0800faed   Thumb Code    58  stm32f4xx_hal_tim.o(.text)
    HAL_TIM_PWM_Stop                         0x0800fb27   Thumb Code    84  stm32f4xx_hal_tim.o(.text)
    HAL_TIM_PWM_Start_IT                     0x0800fb7b   Thumb Code   126  stm32f4xx_hal_tim.o(.text)
    HAL_TIM_PWM_Stop_IT                      0x0800fbf9   Thumb Code   136  stm32f4xx_hal_tim.o(.text)
    HAL_TIM_PWM_Start_DMA                    0x0800fc81   Thumb Code   288  stm32f4xx_hal_tim.o(.text)
    HAL_TIM_PWM_Stop_DMA                     0x0800fda1   Thumb Code   170  stm32f4xx_hal_tim.o(.text)
    HAL_TIM_IC_MspInit                       0x0800fe4b   Thumb Code     2  stm32f4xx_hal_tim.o(.text)
    HAL_TIM_IC_Init                          0x0800fe4d   Thumb Code    56  stm32f4xx_hal_tim.o(.text)
    HAL_TIM_IC_MspDeInit                     0x0800fe85   Thumb Code     2  stm32f4xx_hal_tim.o(.text)
    HAL_TIM_IC_DeInit                        0x0800fe87   Thumb Code    54  stm32f4xx_hal_tim.o(.text)
    HAL_TIM_IC_Start                         0x0800febd   Thumb Code    36  stm32f4xx_hal_tim.o(.text)
    HAL_TIM_IC_Stop                          0x0800fee1   Thumb Code    44  stm32f4xx_hal_tim.o(.text)
    HAL_TIM_IC_Start_IT                      0x0800ff0d   Thumb Code    94  stm32f4xx_hal_tim.o(.text)
    HAL_TIM_IC_Stop_IT                       0x0800ff6b   Thumb Code   102  stm32f4xx_hal_tim.o(.text)
    HAL_TIM_IC_CaptureHalfCpltCallback       0x0800ffd1   Thumb Code     2  stm32f4xx_hal_tim.o(.text)
    TIM_DMACaptureHalfCplt                   0x0800ffd3   Thumb Code    66  stm32f4xx_hal_tim.o(.text)
    HAL_TIM_IC_CaptureCallback               0x08010015   Thumb Code     2  stm32f4xx_hal_tim.o(.text)
    TIM_DMACaptureCplt                       0x08010017   Thumb Code    76  stm32f4xx_hal_tim.o(.text)
    HAL_TIM_IC_Start_DMA                     0x08010063   Thumb Code   264  stm32f4xx_hal_tim.o(.text)
    HAL_TIM_IC_Stop_DMA                      0x0801016b   Thumb Code   136  stm32f4xx_hal_tim.o(.text)
    HAL_TIM_OnePulse_MspInit                 0x080101f3   Thumb Code     2  stm32f4xx_hal_tim.o(.text)
    HAL_TIM_OnePulse_Init                    0x080101f5   Thumb Code    76  stm32f4xx_hal_tim.o(.text)
    HAL_TIM_OnePulse_MspDeInit               0x08010241   Thumb Code     2  stm32f4xx_hal_tim.o(.text)
    HAL_TIM_OnePulse_DeInit                  0x08010243   Thumb Code    54  stm32f4xx_hal_tim.o(.text)
    HAL_TIM_OnePulse_Start                   0x08010279   Thumb Code    50  stm32f4xx_hal_tim.o(.text)
    HAL_TIM_OnePulse_Stop                    0x080102ab   Thumb Code    90  stm32f4xx_hal_tim.o(.text)
    HAL_TIM_OnePulse_Start_IT                0x08010305   Thumb Code    70  stm32f4xx_hal_tim.o(.text)
    HAL_TIM_OnePulse_Stop_IT                 0x0801034b   Thumb Code   110  stm32f4xx_hal_tim.o(.text)
    HAL_TIM_Encoder_MspInit                  0x080103b9   Thumb Code     2  stm32f4xx_hal_tim.o(.text)
    HAL_TIM_Encoder_Init                     0x080103bb   Thumb Code   162  stm32f4xx_hal_tim.o(.text)
    HAL_TIM_Encoder_MspDeInit                0x0801045d   Thumb Code     2  stm32f4xx_hal_tim.o(.text)
    HAL_TIM_Encoder_DeInit                   0x0801045f   Thumb Code    54  stm32f4xx_hal_tim.o(.text)
    HAL_TIM_Encoder_Start                    0x08010495   Thumb Code    66  stm32f4xx_hal_tim.o(.text)
    HAL_TIM_Encoder_Stop                     0x080104d7   Thumb Code    84  stm32f4xx_hal_tim.o(.text)
    HAL_TIM_Encoder_Start_IT                 0x0801052b   Thumb Code   106  stm32f4xx_hal_tim.o(.text)
    HAL_TIM_Encoder_Stop_IT                  0x08010595   Thumb Code   130  stm32f4xx_hal_tim.o(.text)
    HAL_TIM_Encoder_Start_DMA                0x08010617   Thumb Code   340  stm32f4xx_hal_tim.o(.text)
    HAL_TIM_Encoder_Stop_DMA                 0x0801076b   Thumb Code   154  stm32f4xx_hal_tim.o(.text)
    HAL_TIM_TriggerCallback                  0x08010805   Thumb Code     2  stm32f4xx_hal_tim.o(.text)
    HAL_TIM_OC_DelayElapsedCallback          0x08010807   Thumb Code     2  stm32f4xx_hal_tim.o(.text)
    HAL_TIM_IRQHandler                       0x08010809   Thumb Code   366  stm32f4xx_hal_tim.o(.text)
    TIM_OC2_SetConfig                        0x08010a29   Thumb Code   106  stm32f4xx_hal_tim.o(.text)
    HAL_TIM_OC_ConfigChannel                 0x08010af3   Thumb Code    84  stm32f4xx_hal_tim.o(.text)
    TIM_TI1_SetConfig                        0x08010be7   Thumb Code   100  stm32f4xx_hal_tim.o(.text)
    HAL_TIM_IC_ConfigChannel                 0x08010c4b   Thumb Code   188  stm32f4xx_hal_tim.o(.text)
    HAL_TIM_PWM_ConfigChannel                0x08010d07   Thumb Code   248  stm32f4xx_hal_tim.o(.text)
    HAL_TIM_OnePulse_ConfigChannel           0x08010dff   Thumb Code   234  stm32f4xx_hal_tim.o(.text)
    HAL_TIM_TriggerHalfCpltCallback          0x08010ee9   Thumb Code     2  stm32f4xx_hal_tim.o(.text)
    HAL_TIM_DMABurst_WriteStart              0x08010f0b   Thumb Code   398  stm32f4xx_hal_tim.o(.text)
    HAL_TIM_DMABurst_WriteStop               0x08011099   Thumb Code   124  stm32f4xx_hal_tim.o(.text)
    HAL_TIM_DMABurst_ReadStart               0x08011115   Thumb Code   398  stm32f4xx_hal_tim.o(.text)
    HAL_TIM_DMABurst_ReadStop                0x080112a3   Thumb Code   170  stm32f4xx_hal_tim.o(.text)
    HAL_TIM_GenerateEvent                    0x0801134d   Thumb Code    38  stm32f4xx_hal_tim.o(.text)
    TIM_ETR_SetConfig                        0x08011373   Thumb Code    20  stm32f4xx_hal_tim.o(.text)
    HAL_TIM_ConfigOCrefClear                 0x08011387   Thumb Code   226  stm32f4xx_hal_tim.o(.text)
    HAL_TIM_ConfigClockSource                0x080114bf   Thumb Code   226  stm32f4xx_hal_tim.o(.text)
    HAL_TIM_ConfigTI1Input                   0x080115a1   Thumb Code    16  stm32f4xx_hal_tim.o(.text)
    HAL_TIM_SlaveConfigSynchro               0x08011637   Thumb Code    80  stm32f4xx_hal_tim.o(.text)
    HAL_TIM_SlaveConfigSynchro_IT            0x08011687   Thumb Code    80  stm32f4xx_hal_tim.o(.text)
    HAL_TIM_ReadCapturedValue                0x080116d7   Thumb Code    44  stm32f4xx_hal_tim.o(.text)
    HAL_TIM_Base_GetState                    0x08011703   Thumb Code     6  stm32f4xx_hal_tim.o(.text)
    HAL_TIM_OC_GetState                      0x08011709   Thumb Code     6  stm32f4xx_hal_tim.o(.text)
    HAL_TIM_PWM_GetState                     0x0801170f   Thumb Code     6  stm32f4xx_hal_tim.o(.text)
    HAL_TIM_IC_GetState                      0x08011715   Thumb Code     6  stm32f4xx_hal_tim.o(.text)
    HAL_TIM_OnePulse_GetState                0x0801171b   Thumb Code     6  stm32f4xx_hal_tim.o(.text)
    HAL_TIM_Encoder_GetState                 0x08011721   Thumb Code     6  stm32f4xx_hal_tim.o(.text)
    HAL_TIMEx_HallSensor_MspInit             0x08011729   Thumb Code     2  stm32f4xx_hal_tim_ex.o(.text)
    HAL_TIMEx_HallSensor_Init                0x0801172b   Thumb Code   190  stm32f4xx_hal_tim_ex.o(.text)
    HAL_TIMEx_HallSensor_MspDeInit           0x080117e9   Thumb Code     2  stm32f4xx_hal_tim_ex.o(.text)
    HAL_TIMEx_HallSensor_DeInit              0x080117eb   Thumb Code    54  stm32f4xx_hal_tim_ex.o(.text)
    HAL_TIMEx_HallSensor_Start               0x08011821   Thumb Code    38  stm32f4xx_hal_tim_ex.o(.text)
    HAL_TIMEx_HallSensor_Stop                0x08011847   Thumb Code    46  stm32f4xx_hal_tim_ex.o(.text)
    HAL_TIMEx_HallSensor_Start_IT            0x08011875   Thumb Code    48  stm32f4xx_hal_tim_ex.o(.text)
    HAL_TIMEx_HallSensor_Stop_IT             0x080118a5   Thumb Code    56  stm32f4xx_hal_tim_ex.o(.text)
    HAL_TIMEx_HallSensor_Start_DMA           0x080118dd   Thumb Code   126  stm32f4xx_hal_tim_ex.o(.text)
    HAL_TIMEx_HallSensor_Stop_DMA            0x0801195b   Thumb Code    62  stm32f4xx_hal_tim_ex.o(.text)
    HAL_TIMEx_OCN_Start                      0x080119b3   Thumb Code    46  stm32f4xx_hal_tim_ex.o(.text)
    HAL_TIMEx_OCN_Stop                       0x080119e1   Thumb Code    68  stm32f4xx_hal_tim_ex.o(.text)
    HAL_TIMEx_OCN_Start_IT                   0x08011a25   Thumb Code   100  stm32f4xx_hal_tim_ex.o(.text)
    HAL_TIMEx_OCN_Stop_IT                    0x08011a89   Thumb Code   128  stm32f4xx_hal_tim_ex.o(.text)
    HAL_TIMEx_OCN_Start_DMA                  0x08011b09   Thumb Code   228  stm32f4xx_hal_tim_ex.o(.text)
    HAL_TIMEx_OCN_Stop_DMA                   0x08011bed   Thumb Code   140  stm32f4xx_hal_tim_ex.o(.text)
    HAL_TIMEx_PWMN_Start                     0x08011c79   Thumb Code    46  stm32f4xx_hal_tim_ex.o(.text)
    HAL_TIMEx_PWMN_Stop                      0x08011ca7   Thumb Code    68  stm32f4xx_hal_tim_ex.o(.text)
    HAL_TIMEx_PWMN_Start_IT                  0x08011ceb   Thumb Code   122  stm32f4xx_hal_tim_ex.o(.text)
    HAL_TIMEx_PWMN_Stop_IT                   0x08011d65   Thumb Code   128  stm32f4xx_hal_tim_ex.o(.text)
    HAL_TIMEx_PWMN_Start_DMA                 0x08011de5   Thumb Code   226  stm32f4xx_hal_tim_ex.o(.text)
    HAL_TIMEx_PWMN_Stop_DMA                  0x08011ec7   Thumb Code   140  stm32f4xx_hal_tim_ex.o(.text)
    HAL_TIMEx_OnePulseN_Start                0x08011f53   Thumb Code    26  stm32f4xx_hal_tim_ex.o(.text)
    HAL_TIMEx_OnePulseN_Stop                 0x08011f6d   Thumb Code    68  stm32f4xx_hal_tim_ex.o(.text)
    HAL_TIMEx_OnePulseN_Start_IT             0x08011fb1   Thumb Code    46  stm32f4xx_hal_tim_ex.o(.text)
    HAL_TIMEx_OnePulseN_Stop_IT              0x08011fdf   Thumb Code    88  stm32f4xx_hal_tim_ex.o(.text)
    HAL_TIMEx_ConfigCommutEvent              0x08012037   Thumb Code   112  stm32f4xx_hal_tim_ex.o(.text)
    HAL_TIMEx_ConfigCommutEvent_IT           0x080120a7   Thumb Code   112  stm32f4xx_hal_tim_ex.o(.text)
    HAL_TIMEx_CommutHalfCpltCallback         0x08012117   Thumb Code     2  stm32f4xx_hal_tim_ex.o(.text)
    TIMEx_DMACommutationHalfCplt             0x08012119   Thumb Code    16  stm32f4xx_hal_tim_ex.o(.text)
    HAL_TIMEx_CommutCallback                 0x08012129   Thumb Code     2  stm32f4xx_hal_tim_ex.o(.text)
    TIMEx_DMACommutationCplt                 0x0801212b   Thumb Code    16  stm32f4xx_hal_tim_ex.o(.text)
    HAL_TIMEx_ConfigCommutEvent_DMA          0x0801213b   Thumb Code   134  stm32f4xx_hal_tim_ex.o(.text)
    HAL_TIMEx_MasterConfigSynchronization    0x080121c1   Thumb Code   144  stm32f4xx_hal_tim_ex.o(.text)
    HAL_TIMEx_ConfigBreakDeadTime            0x08012251   Thumb Code    84  stm32f4xx_hal_tim_ex.o(.text)
    HAL_TIMEx_RemapConfig                    0x080122a5   Thumb Code    32  stm32f4xx_hal_tim_ex.o(.text)
    HAL_TIMEx_BreakCallback                  0x080122c5   Thumb Code     2  stm32f4xx_hal_tim_ex.o(.text)
    HAL_TIMEx_HallSensor_GetState            0x080122c7   Thumb Code     6  stm32f4xx_hal_tim_ex.o(.text)
    Reset_Handler                            0x080122d9   Thumb Code     8  startup_stm32f429xx.o(.text)
    ADC_IRQHandler                           0x080122f3   Thumb Code     0  startup_stm32f429xx.o(.text)
    CAN1_RX0_IRQHandler                      0x080122f3   Thumb Code     0  startup_stm32f429xx.o(.text)
    CAN1_RX1_IRQHandler                      0x080122f3   Thumb Code     0  startup_stm32f429xx.o(.text)
    CAN1_SCE_IRQHandler                      0x080122f3   Thumb Code     0  startup_stm32f429xx.o(.text)
    CAN1_TX_IRQHandler                       0x080122f3   Thumb Code     0  startup_stm32f429xx.o(.text)
    CAN2_RX0_IRQHandler                      0x080122f3   Thumb Code     0  startup_stm32f429xx.o(.text)
    CAN2_RX1_IRQHandler                      0x080122f3   Thumb Code     0  startup_stm32f429xx.o(.text)
    CAN2_SCE_IRQHandler                      0x080122f3   Thumb Code     0  startup_stm32f429xx.o(.text)
    CAN2_TX_IRQHandler                       0x080122f3   Thumb Code     0  startup_stm32f429xx.o(.text)
    DCMI_IRQHandler                          0x080122f3   Thumb Code     0  startup_stm32f429xx.o(.text)
    DMA1_Stream0_IRQHandler                  0x080122f3   Thumb Code     0  startup_stm32f429xx.o(.text)
    DMA1_Stream1_IRQHandler                  0x080122f3   Thumb Code     0  startup_stm32f429xx.o(.text)
    DMA1_Stream2_IRQHandler                  0x080122f3   Thumb Code     0  startup_stm32f429xx.o(.text)
    DMA1_Stream3_IRQHandler                  0x080122f3   Thumb Code     0  startup_stm32f429xx.o(.text)
    DMA1_Stream4_IRQHandler                  0x080122f3   Thumb Code     0  startup_stm32f429xx.o(.text)
    DMA1_Stream5_IRQHandler                  0x080122f3   Thumb Code     0  startup_stm32f429xx.o(.text)
    DMA1_Stream6_IRQHandler                  0x080122f3   Thumb Code     0  startup_stm32f429xx.o(.text)
    DMA1_Stream7_IRQHandler                  0x080122f3   Thumb Code     0  startup_stm32f429xx.o(.text)
    DMA2D_IRQHandler                         0x080122f3   Thumb Code     0  startup_stm32f429xx.o(.text)
    DMA2_Stream1_IRQHandler                  0x080122f3   Thumb Code     0  startup_stm32f429xx.o(.text)
    DMA2_Stream2_IRQHandler                  0x080122f3   Thumb Code     0  startup_stm32f429xx.o(.text)
    DMA2_Stream3_IRQHandler                  0x080122f3   Thumb Code     0  startup_stm32f429xx.o(.text)
    DMA2_Stream4_IRQHandler                  0x080122f3   Thumb Code     0  startup_stm32f429xx.o(.text)
    DMA2_Stream6_IRQHandler                  0x080122f3   Thumb Code     0  startup_stm32f429xx.o(.text)
    DMA2_Stream7_IRQHandler                  0x080122f3   Thumb Code     0  startup_stm32f429xx.o(.text)
    ETH_IRQHandler                           0x080122f3   Thumb Code     0  startup_stm32f429xx.o(.text)
    ETH_WKUP_IRQHandler                      0x080122f3   Thumb Code     0  startup_stm32f429xx.o(.text)
    EXTI0_IRQHandler                         0x080122f3   Thumb Code     0  startup_stm32f429xx.o(.text)
    EXTI1_IRQHandler                         0x080122f3   Thumb Code     0  startup_stm32f429xx.o(.text)
    EXTI2_IRQHandler                         0x080122f3   Thumb Code     0  startup_stm32f429xx.o(.text)
    EXTI3_IRQHandler                         0x080122f3   Thumb Code     0  startup_stm32f429xx.o(.text)
    EXTI4_IRQHandler                         0x080122f3   Thumb Code     0  startup_stm32f429xx.o(.text)
    EXTI9_5_IRQHandler                       0x080122f3   Thumb Code     0  startup_stm32f429xx.o(.text)
    FLASH_IRQHandler                         0x080122f3   Thumb Code     0  startup_stm32f429xx.o(.text)
    FMC_IRQHandler                           0x080122f3   Thumb Code     0  startup_stm32f429xx.o(.text)
    FPU_IRQHandler                           0x080122f3   Thumb Code     0  startup_stm32f429xx.o(.text)
    HASH_RNG_IRQHandler                      0x080122f3   Thumb Code     0  startup_stm32f429xx.o(.text)
    I2C3_ER_IRQHandler                       0x080122f3   Thumb Code     0  startup_stm32f429xx.o(.text)
    I2C3_EV_IRQHandler                       0x080122f3   Thumb Code     0  startup_stm32f429xx.o(.text)
    LTDC_ER_IRQHandler                       0x080122f3   Thumb Code     0  startup_stm32f429xx.o(.text)
    LTDC_IRQHandler                          0x080122f3   Thumb Code     0  startup_stm32f429xx.o(.text)
    OTG_FS_IRQHandler                        0x080122f3   Thumb Code     0  startup_stm32f429xx.o(.text)
    OTG_FS_WKUP_IRQHandler                   0x080122f3   Thumb Code     0  startup_stm32f429xx.o(.text)
    OTG_HS_EP1_IN_IRQHandler                 0x080122f3   Thumb Code     0  startup_stm32f429xx.o(.text)
    OTG_HS_EP1_OUT_IRQHandler                0x080122f3   Thumb Code     0  startup_stm32f429xx.o(.text)
    OTG_HS_IRQHandler                        0x080122f3   Thumb Code     0  startup_stm32f429xx.o(.text)
    OTG_HS_WKUP_IRQHandler                   0x080122f3   Thumb Code     0  startup_stm32f429xx.o(.text)
    PVD_IRQHandler                           0x080122f3   Thumb Code     0  startup_stm32f429xx.o(.text)
    RCC_IRQHandler                           0x080122f3   Thumb Code     0  startup_stm32f429xx.o(.text)
    RTC_Alarm_IRQHandler                     0x080122f3   Thumb Code     0  startup_stm32f429xx.o(.text)
    RTC_WKUP_IRQHandler                      0x080122f3   Thumb Code     0  startup_stm32f429xx.o(.text)
    SAI1_IRQHandler                          0x080122f3   Thumb Code     0  startup_stm32f429xx.o(.text)
    SDIO_IRQHandler                          0x080122f3   Thumb Code     0  startup_stm32f429xx.o(.text)
    SPI2_IRQHandler                          0x080122f3   Thumb Code     0  startup_stm32f429xx.o(.text)
    SPI3_IRQHandler                          0x080122f3   Thumb Code     0  startup_stm32f429xx.o(.text)
    SPI4_IRQHandler                          0x080122f3   Thumb Code     0  startup_stm32f429xx.o(.text)
    SPI5_IRQHandler                          0x080122f3   Thumb Code     0  startup_stm32f429xx.o(.text)
    SPI6_IRQHandler                          0x080122f3   Thumb Code     0  startup_stm32f429xx.o(.text)
    TAMP_STAMP_IRQHandler                    0x080122f3   Thumb Code     0  startup_stm32f429xx.o(.text)
    TIM1_BRK_TIM9_IRQHandler                 0x080122f3   Thumb Code     0  startup_stm32f429xx.o(.text)
    TIM1_CC_IRQHandler                       0x080122f3   Thumb Code     0  startup_stm32f429xx.o(.text)
    TIM1_TRG_COM_TIM11_IRQHandler            0x080122f3   Thumb Code     0  startup_stm32f429xx.o(.text)
    TIM1_UP_TIM10_IRQHandler                 0x080122f3   Thumb Code     0  startup_stm32f429xx.o(.text)
    TIM2_IRQHandler                          0x080122f3   Thumb Code     0  startup_stm32f429xx.o(.text)
    TIM3_IRQHandler                          0x080122f3   Thumb Code     0  startup_stm32f429xx.o(.text)
    TIM4_IRQHandler                          0x080122f3   Thumb Code     0  startup_stm32f429xx.o(.text)
    TIM5_IRQHandler                          0x080122f3   Thumb Code     0  startup_stm32f429xx.o(.text)
    TIM7_IRQHandler                          0x080122f3   Thumb Code     0  startup_stm32f429xx.o(.text)
    TIM8_BRK_TIM12_IRQHandler                0x080122f3   Thumb Code     0  startup_stm32f429xx.o(.text)
    TIM8_CC_IRQHandler                       0x080122f3   Thumb Code     0  startup_stm32f429xx.o(.text)
    TIM8_TRG_COM_TIM14_IRQHandler            0x080122f3   Thumb Code     0  startup_stm32f429xx.o(.text)
    TIM8_UP_TIM13_IRQHandler                 0x080122f3   Thumb Code     0  startup_stm32f429xx.o(.text)
    UART4_IRQHandler                         0x080122f3   Thumb Code     0  startup_stm32f429xx.o(.text)
    UART5_IRQHandler                         0x080122f3   Thumb Code     0  startup_stm32f429xx.o(.text)
    UART7_IRQHandler                         0x080122f3   Thumb Code     0  startup_stm32f429xx.o(.text)
    UART8_IRQHandler                         0x080122f3   Thumb Code     0  startup_stm32f429xx.o(.text)
    USART1_IRQHandler                        0x080122f3   Thumb Code     0  startup_stm32f429xx.o(.text)
    USART2_IRQHandler                        0x080122f3   Thumb Code     0  startup_stm32f429xx.o(.text)
    USART6_IRQHandler                        0x080122f3   Thumb Code     0  startup_stm32f429xx.o(.text)
    WWDG_IRQHandler                          0x080122f3   Thumb Code     0  startup_stm32f429xx.o(.text)
    SystemInit                               0x080122fd   Thumb Code    10  system_stm32f4xx.o(.text)
    SystemCoreClockUpdate                    0x08012307   Thumb Code   118  system_stm32f4xx.o(.text)
    __aeabi_uldivmod                         0x08012391   Thumb Code    98  uldiv.o(.text)
    __aeabi_memcpy                           0x080123f3   Thumb Code    36  memcpya.o(.text)
    __aeabi_memcpy4                          0x080123f3   Thumb Code     0  memcpya.o(.text)
    __aeabi_memcpy8                          0x080123f3   Thumb Code     0  memcpya.o(.text)
    __aeabi_memset                           0x08012417   Thumb Code    14  memseta.o(.text)
    __aeabi_memset4                          0x08012417   Thumb Code     0  memseta.o(.text)
    __aeabi_memset8                          0x08012417   Thumb Code     0  memseta.o(.text)
    __aeabi_memclr                           0x08012425   Thumb Code     4  memseta.o(.text)
    __aeabi_memclr4                          0x08012425   Thumb Code     0  memseta.o(.text)
    __aeabi_memclr8                          0x08012425   Thumb Code     0  memseta.o(.text)
    _memset$wrapper                          0x08012429   Thumb Code    18  memseta.o(.text)
    __aeabi_fadd                             0x0801243b   Thumb Code   164  fadd.o(.text)
    __aeabi_fsub                             0x080124df   Thumb Code     6  fadd.o(.text)
    __aeabi_frsub                            0x080124e5   Thumb Code     6  fadd.o(.text)
    __aeabi_fmul                             0x080124eb   Thumb Code   100  fmul.o(.text)
    __aeabi_fdiv                             0x0801254f   Thumb Code   124  fdiv.o(.text)
    __ARM_scalbnf                            0x080125cb   Thumb Code    24  fscalb.o(.text)
    scalbnf                                  0x080125cb   Thumb Code     0  fscalb.o(.text)
    __aeabi_dadd                             0x080125e3   Thumb Code   322  dadd.o(.text)
    __aeabi_dsub                             0x08012725   Thumb Code     6  dadd.o(.text)
    __aeabi_drsub                            0x0801272b   Thumb Code     6  dadd.o(.text)
    __aeabi_dmul                             0x08012731   Thumb Code   228  dmul.o(.text)
    __aeabi_ddiv                             0x08012815   Thumb Code   222  ddiv.o(.text)
    __aeabi_i2f                              0x080128f3   Thumb Code    18  fflti.o(.text)
    __aeabi_ui2f                             0x08012905   Thumb Code    10  ffltui.o(.text)
    __aeabi_ui2d                             0x0801290f   Thumb Code    26  dfltui.o(.text)
    __aeabi_f2d                              0x08012929   Thumb Code    38  f2d.o(.text)
    __aeabi_d2f                              0x0801294f   Thumb Code    56  d2f.o(.text)
    __aeabi_uidiv                            0x08012987   Thumb Code     0  uidiv.o(.text)
    __aeabi_uidivmod                         0x08012987   Thumb Code    44  uidiv.o(.text)
    __aeabi_llsl                             0x080129b3   Thumb Code    30  llshl.o(.text)
    _ll_shift_l                              0x080129b3   Thumb Code     0  llshl.o(.text)
    __aeabi_llsr                             0x080129d1   Thumb Code    32  llushr.o(.text)
    _ll_ushift_r                             0x080129d1   Thumb Code     0  llushr.o(.text)
    __aeabi_lasr                             0x080129f1   Thumb Code    36  llsshr.o(.text)
    _ll_sshift_r                             0x080129f1   Thumb Code     0  llsshr.o(.text)
    __I$use$fp                               0x08012a15   Thumb Code     0  iusefp.o(.text)
    _float_round                             0x08012a15   Thumb Code    18  fepilogue.o(.text)
    _float_epilogue                          0x08012a27   Thumb Code    92  fepilogue.o(.text)
    _double_round                            0x08012a83   Thumb Code    30  depilogue.o(.text)
    _double_epilogue                         0x08012aa1   Thumb Code   156  depilogue.o(.text)
    __aeabi_d2ulz                            0x08012b3d   Thumb Code    48  dfixul.o(.text)
    __aeabi_cdrcmple                         0x08012b6d   Thumb Code    48  cdrcmple.o(.text)
    __scatterload                            0x08012b9d   Thumb Code    28  init.o(.text)
    __scatterload_rt2                        0x08012b9d   Thumb Code     0  init.o(.text)
    __decompress                             0x08012bc1   Thumb Code     0  __dczerorl2.o(.text)
    __decompress1                            0x08012bc1   Thumb Code    86  __dczerorl2.o(.text)
    __0sprintf                               0x08012c19   Thumb Code    34  printfa.o(i.__0sprintf)
    __1sprintf                               0x08012c19   Thumb Code     0  printfa.o(i.__0sprintf)
    __2sprintf                               0x08012c19   Thumb Code     0  printfa.o(i.__0sprintf)
    __c89sprintf                             0x08012c19   Thumb Code     0  printfa.o(i.__0sprintf)
    sprintf                                  0x08012c19   Thumb Code     0  printfa.o(i.__0sprintf)
    __scatterload_copy                       0x08012c41   Thumb Code    14  handlers.o(i.__scatterload_copy)
    __scatterload_null                       0x08012c4f   Thumb Code     2  handlers.o(i.__scatterload_null)
    __scatterload_zeroinit                   0x08012c51   Thumb Code    14  handlers.o(i.__scatterload_zeroinit)
    app_main_attr                            0x080134f4   Data          36  principal.o(.constdata)
    osRtxUserSVC                             0x08013578   Data           4  rtx_lib.o(.constdata)
    Driver_I2C1                              0x080135e4   Data          48  i2c_stm32f4xx.o(.constdata)
    Driver_USART3                            0x080136b8   Data          56  usart_stm32f4xx.o(.constdata)
    EventRecorderInfo                        0x080136f0   Data          24  eventrecorder.o(.constdata)
    AHBPrescTable                            0x08013710   Data          16  system_stm32f4xx.o(.constdata)
    APBPrescTable                            0x08013720   Data           8  system_stm32f4xx.o(.constdata)
    osRtxConfig                              0x08013734   Data         112  rtx_lib.o(.rodata)
    os_cb_sections                           0x080137a4   Data          56  rtx_lib.o(.rodata)
    Region$$Table$$Base                      0x080137dc   Number         0  anon$$obj.o(Region$$Table)
    Region$$Table$$Limit                     0x0801380c   Number         0  anon$$obj.o(Region$$Table)
    .bss.os.msgqueue.cb$$Base                0x20008044   Number         0  rtx_lib.o(.bss.os.msgqueue.cb)
    .bss.os.msgqueue.cb$$Limit               0x20008078   Number         0  rtx_lib.o(.bss.os.msgqueue.cb)
    .bss.os.thread.cb$$Base                  0x200080c8   Number         0  rtx_lib.o(.bss.os.thread.cb)
    .bss.os.thread.cb$$Limit                 0x20008150   Number         0  rtx_lib.o(.bss.os.thread.cb)
    luminosidad                              0x20008556   Data           2  luz.o(.data)
    datosLuz                                 0x20008560   Data           4  luz.o(.data)
    voltage                                  0x20008564   Data           4  turbidez.o(.data)
    rx                                       0x20008568   Data           1  bluetooth.o(.data)
    tid_ThreadSlave                          0x20008570   Data           4  bluetooth.o(.data)
    tid_Thread                               0x20008574   Data           4  bluetooth.o(.data)
    alimentacion                             0x20008578   Data           1  principal.o(.data)
    alimentacionInicial                      0x20008579   Data           1  principal.o(.data)
    value                                    0x2000857c   Data           4  principal.o(.data)
    datosSensorLuz                           0x20008580   Data           4  principal.o(.data)
    datosSensorTurbidez                      0x20008584   Data           4  principal.o(.data)
    temperatura                              0x20008588   Data           4  principal.o(.data)
    voltajeSal                               0x2000858c   Data           4  principal.o(.data)
    consumoTension                           0x20008590   Data           4  principal.o(.data)
    consumoCorriente                         0x20008594   Data           4  principal.o(.data)
    TID_turbidez                             0x20008598   Data           4  principal.o(.data)
    TID_luz                                  0x2000859c   Data           4  principal.o(.data)
    th_alim_pez                              0x200085a0   Data           4  principal.o(.data)
    tid_Thread_Bomba                         0x200085a4   Data           4  principal.o(.data)
    th_temp_sensor                           0x200085a8   Data           4  principal.o(.data)
    th_consumo                               0x200085ac   Data           4  principal.o(.data)
    voltageAgua                              0x200085b0   Data           4  ph.o(.data)
    phAgua                                   0x200085b4   Data           4  ph.o(.data)
    offset_mV                                0x200085b8   Data           4  ph.o(.data)
    slope_mV_per_pH                          0x200085bc   Data           4  ph.o(.data)
    tid_Thread_pH                            0x200085c0   Data           4  ph.o(.data)
    voltageCon                               0x200085c4   Data           4  consumo.o(.data)
    uwTickFreq                               0x200085f8   Data           1  stm32f4xx_hal.o(.data)
    uwTickPrio                               0x200085fc   Data           4  stm32f4xx_hal.o(.data)
    uwTick                                   0x20008600   Data           4  stm32f4xx_hal.o(.data)
    SystemCoreClock                          0x20008604   Data           4  system_stm32f4xx.o(.data)
    osRtxInfo                                0x20008608   Data         164  rtx_kernel.o(.data.os)
    txBuffer                                 0x200086ac   Data          35  bluetooth.o(.bss)
    TimHandle                                0x200086d0   Data          64  bluetooth.o(.bss)
    app_main_stk                             0x20008710   Data        1024  principal.o(.bss)
    adchandle                                0x20008b10   Data          72  principal.o(.bss)
    adchandle2                               0x20008b58   Data          72  principal.o(.bss)
    hi2c2                                    0x20008ba0   Data          84  ph.o(.bss)
    __initial_sp                             0x20009168   Data           0  startup_stm32f429xx.o(STACK)



==============================================================================

Memory Map of the image

  Image Entry point : 0x080001ad

  Load Region LR_IROM1 (Base: 0x08000000, Size: 0x0001beb8, Max: 0x00200000, ABSOLUTE, COMPRESSED[0x00013964])

    Execution Region ER_IROM1 (Exec base: 0x08000000, Load base: 0x08000000, Size: 0x0001380c, Max: 0x00200000, ABSOLUTE)

    Exec Addr    Load Addr    Size         Type   Attr      Idx    E Section Name        Object

    0x08000000   0x08000000   0x000001ac   Data   RO         1816    RESET               startup_stm32f429xx.o
    0x080001ac   0x080001ac   0x00000000   Code   RO         1853  * .ARM.Collect$$$$00000000  mc_w.l(entry.o)
    0x080001ac   0x080001ac   0x00000004   Code   RO         2155    .ARM.Collect$$$$00000001  mc_w.l(entry2.o)
    0x080001b0   0x080001b0   0x00000004   Code   RO         2158    .ARM.Collect$$$$00000004  mc_w.l(entry5.o)
    0x080001b4   0x080001b4   0x00000000   Code   RO         2160    .ARM.Collect$$$$00000008  mc_w.l(entry7b.o)
    0x080001b4   0x080001b4   0x00000000   Code   RO         2162    .ARM.Collect$$$$0000000A  mc_w.l(entry8b.o)
    0x080001b4   0x080001b4   0x00000008   Code   RO         2163    .ARM.Collect$$$$0000000B  mc_w.l(entry9a.o)
    0x080001bc   0x080001bc   0x00000004   Code   RO         2170    .ARM.Collect$$$$0000000E  mc_w.l(entry12b.o)
    0x080001c0   0x080001c0   0x00000000   Code   RO         2165    .ARM.Collect$$$$0000000F  mc_w.l(entry10a.o)
    0x080001c0   0x080001c0   0x00000000   Code   RO         2167    .ARM.Collect$$$$00000011  mc_w.l(entry11a.o)
    0x080001c0   0x080001c0   0x00000004   Code   RO         2156    .ARM.Collect$$$$00002712  mc_w.l(entry2.o)
    0x080001c4   0x080001c4   0x00000148   Code   RO          821    .emb_text           rtx_mempool.o
    0x0800030c   0x0800030c   0x00000148   Code   RO          852    .emb_text           rtx_msgqueue.o
    0x08000454   0x08000454   0x00000148   Code   RO          948    .emb_text           rtx_system.o
    0x0800059c   0x0800059c   0x00000148   Code   RO          982    .emb_text           rtx_thread.o
    0x080006e4   0x080006e4   0x00000074   Code   RO         1214    .emb_text           eventrecorder.o
    0x08000758   0x08000758   0x0000014c   Code   RO            4    .text               main.o
    0x080008a4   0x080008a4   0x00000010   Code   RO          228    .text               stm32f4xx_it.o
    0x080008b4   0x080008b4   0x00000118   Code   RO          256    .text               luz.o
    0x080009cc   0x080009cc   0x00000104   Code   RO          301    .text               turbidez.o
    0x08000ad0   0x08000ad0   0x0000028c   Code   RO          328    .text               bluetooth.o
    0x08000d5c   0x08000d5c   0x000002cc   Code   RO          363    .text               principal.o
    0x08001028   0x08001028   0x0000016c   Code   RO          409    .text               ph.o
    0x08001194   0x08001194   0x000000e4   Code   RO          440    .text               temperatura.o
    0x08001278   0x08001278   0x00000208   Code   RO          464    .text               alimentacion.o
    0x08001480   0x08001480   0x00000040   Code   RO          491    .text               bomba.o
    0x080014c0   0x080014c0   0x000000e8   Code   RO          518    .text               consumo.o
    0x080015a8   0x080015a8   0x00000094   Code   RO          569    .text               irq_armv7m.o
    0x0800163c   0x0800163c   0x00000104   Code   RO          577    .text               rtx_delay.o
    0x08001740   0x08001740   0x00000964   Code   RO          675    .text               rtx_evr.o
    0x080020a4   0x080020a4   0x000006d8   Code   RO          700    .text               rtx_kernel.o
    0x0800277c   0x0800277c   0x00000124   Code   RO          791    .text               rtx_memory.o
    0x080028a0   0x080028a0   0x00000678   Code   RO          822    .text               rtx_mempool.o
    0x08002f18   0x08002f18   0x000009bc   Code   RO          853    .text               rtx_msgqueue.o
    0x080038d4   0x080038d4   0x00000558   Code   RO          887    .text               rtx_mutex.o
    0x08003e2c   0x08003e2c   0x00000154   Code   RO          949    .text               rtx_system.o
    0x08003f80   0x08003f80   0x00001194   Code   RO          983    .text               rtx_thread.o
    0x08005114   0x08005114   0x00000480   Code   RO         1017    .text               rtx_timer.o
    0x08005594   0x08005594   0x000000c4   Code   RO         1047    .text               os_systick.o
    0x08005658   0x08005658   0x00000004   Code   RO         1073    .text               rtx_config.o
    0x0800565c   0x0800565c   0x000012fc   Code   RO         1097    .text               i2c_stm32f4xx.o
    0x08006958   0x08006958   0x00001134   Code   RO         1134    .text               spi_stm32f4xx.o
    0x08007a8c   0x08007a8c   0x000011a8   Code   RO         1179    .text               usart_stm32f4xx.o
    0x08008c34   0x08008c34   0x00000538   Code   RO         1215    .text               eventrecorder.o
    0x0800916c   0x0800916c   0x000001c8   Code   RO         1278    .text               stm32f4xx_hal.o
    0x08009334   0x08009334   0x00000ab8   Code   RO         1308    .text               stm32f4xx_hal_adc.o
    0x08009dec   0x08009dec   0x00000724   Code   RO         1332    .text               stm32f4xx_hal_adc_ex.o
    0x0800a510   0x0800a510   0x00000298   Code   RO         1356    .text               stm32f4xx_hal_cortex.o
    0x0800a7a8   0x0800a7a8   0x00000718   Code   RO         1384    .text               stm32f4xx_hal_dma.o
    0x0800aec0   0x0800aec0   0x00000364   Code   RO         1433    .text               stm32f4xx_hal_gpio.o
    0x0800b224   0x0800b224   0x00003856   Code   RO         1457    .text               stm32f4xx_hal_i2c.o
    0x0800ea7a   0x0800ea7a   0x00000002   PAD
    0x0800ea7c   0x0800ea7c   0x00000178   Code   RO         1505    .text               stm32f4xx_hal_pwr.o
    0x0800ebf4   0x0800ebf4   0x00000760   Code   RO         1553    .text               stm32f4xx_hal_rcc.o
    0x0800f354   0x0800f354   0x000023d2   Code   RO         1697    .text               stm32f4xx_hal_tim.o
    0x08011726   0x08011726   0x00000002   PAD
    0x08011728   0x08011728   0x00000bb0   Code   RO         1721    .text               stm32f4xx_hal_tim_ex.o
    0x080122d8   0x080122d8   0x00000024   Code   RO         1817    .text               startup_stm32f429xx.o
    0x080122fc   0x080122fc   0x00000094   Code   RO         1824    .text               system_stm32f4xx.o
    0x08012390   0x08012390   0x00000062   Code   RO         1862    .text               mc_w.l(uldiv.o)
    0x080123f2   0x080123f2   0x00000024   Code   RO         1864    .text               mc_w.l(memcpya.o)
    0x08012416   0x08012416   0x00000024   Code   RO         1866    .text               mc_w.l(memseta.o)
    0x0801243a   0x0801243a   0x000000b0   Code   RO         2131    .text               mf_w.l(fadd.o)
    0x080124ea   0x080124ea   0x00000064   Code   RO         2133    .text               mf_w.l(fmul.o)
    0x0801254e   0x0801254e   0x0000007c   Code   RO         2135    .text               mf_w.l(fdiv.o)
    0x080125ca   0x080125ca   0x00000018   Code   RO         2137    .text               mf_w.l(fscalb.o)
    0x080125e2   0x080125e2   0x0000014e   Code   RO         2139    .text               mf_w.l(dadd.o)
    0x08012730   0x08012730   0x000000e4   Code   RO         2141    .text               mf_w.l(dmul.o)
    0x08012814   0x08012814   0x000000de   Code   RO         2143    .text               mf_w.l(ddiv.o)
    0x080128f2   0x080128f2   0x00000012   Code   RO         2145    .text               mf_w.l(fflti.o)
    0x08012904   0x08012904   0x0000000a   Code   RO         2147    .text               mf_w.l(ffltui.o)
    0x0801290e   0x0801290e   0x0000001a   Code   RO         2149    .text               mf_w.l(dfltui.o)
    0x08012928   0x08012928   0x00000026   Code   RO         2151    .text               mf_w.l(f2d.o)
    0x0801294e   0x0801294e   0x00000038   Code   RO         2153    .text               mf_w.l(d2f.o)
    0x08012986   0x08012986   0x0000002c   Code   RO         2171    .text               mc_w.l(uidiv.o)
    0x080129b2   0x080129b2   0x0000001e   Code   RO         2173    .text               mc_w.l(llshl.o)
    0x080129d0   0x080129d0   0x00000020   Code   RO         2175    .text               mc_w.l(llushr.o)
    0x080129f0   0x080129f0   0x00000024   Code   RO         2177    .text               mc_w.l(llsshr.o)
    0x08012a14   0x08012a14   0x00000000   Code   RO         2179    .text               mc_w.l(iusefp.o)
    0x08012a14   0x08012a14   0x0000006e   Code   RO         2180    .text               mf_w.l(fepilogue.o)
    0x08012a82   0x08012a82   0x000000ba   Code   RO         2182    .text               mf_w.l(depilogue.o)
    0x08012b3c   0x08012b3c   0x00000030   Code   RO         2184    .text               mf_w.l(dfixul.o)
    0x08012b6c   0x08012b6c   0x00000030   Code   RO         2186    .text               mf_w.l(cdrcmple.o)
    0x08012b9c   0x08012b9c   0x00000024   Code   RO         2188    .text               mc_w.l(init.o)
    0x08012bc0   0x08012bc0   0x00000056   Code   RO         2198    .text               mc_w.l(__dczerorl2.o)
    0x08012c16   0x08012c16   0x00000002   PAD
    0x08012c18   0x08012c18   0x00000028   Code   RO         2105    i.__0sprintf        mc_w.l(printfa.o)
    0x08012c40   0x08012c40   0x0000000e   Code   RO         2192    i.__scatterload_copy  mc_w.l(handlers.o)
    0x08012c4e   0x08012c4e   0x00000002   Code   RO         2193    i.__scatterload_null  mc_w.l(handlers.o)
    0x08012c50   0x08012c50   0x0000000e   Code   RO         2194    i.__scatterload_zeroinit  mc_w.l(handlers.o)
    0x08012c5e   0x08012c5e   0x00000002   PAD
    0x08012c60   0x08012c60   0x00000184   Code   RO         2110    i._fp_digits        mc_w.l(printfa.o)
    0x08012de4   0x08012de4   0x000006b4   Code   RO         2111    i._printf_core      mc_w.l(printfa.o)
    0x08013498   0x08013498   0x00000024   Code   RO         2112    i._printf_post_padding  mc_w.l(printfa.o)
    0x080134bc   0x080134bc   0x0000002e   Code   RO         2113    i._printf_pre_padding  mc_w.l(printfa.o)
    0x080134ea   0x080134ea   0x0000000a   Code   RO         2115    i._sputc            mc_w.l(printfa.o)
    0x080134f4   0x080134f4   0x00000024   Data   RO          367    .constdata          principal.o
    0x08013518   0x08013518   0x00000024   Data   RO          756    .constdata          rtx_lib.o
    0x0801353c   0x0801353c   0x00000024   Data   RO          757    .constdata          rtx_lib.o
    0x08013560   0x08013560   0x00000018   Data   RO          758    .constdata          rtx_lib.o
    0x08013578   0x08013578   0x00000004   Data   RO          760    .constdata          rtx_lib.o
    0x0801357c   0x0801357c   0x00000068   Data   RO         1100    .constdata          i2c_stm32f4xx.o
    0x080135e4   0x080135e4   0x00000030   Data   RO         1101    .constdata          i2c_stm32f4xx.o
    0x08013614   0x08013614   0x00000034   Data   RO         1138    .constdata          spi_stm32f4xx.o
    0x08013648   0x08013648   0x00000010   Data   RO         1139    .constdata          spi_stm32f4xx.o
    0x08013658   0x08013658   0x00000010   Data   RO         1140    .constdata          spi_stm32f4xx.o
    0x08013668   0x08013668   0x00000038   Data   RO         1182    .constdata          usart_stm32f4xx.o
    0x080136a0   0x080136a0   0x0000000c   Data   RO         1183    .constdata          usart_stm32f4xx.o
    0x080136ac   0x080136ac   0x0000000c   Data   RO         1184    .constdata          usart_stm32f4xx.o
    0x080136b8   0x080136b8   0x00000038   Data   RO         1185    .constdata          usart_stm32f4xx.o
    0x080136f0   0x080136f0   0x00000018   Data   RO         1217    .constdata          eventrecorder.o
    0x08013708   0x08013708   0x00000008   Data   RO         1385    .constdata          stm32f4xx_hal_dma.o
    0x08013710   0x08013710   0x00000010   Data   RO         1825    .constdata          system_stm32f4xx.o
    0x08013720   0x08013720   0x00000008   Data   RO         1826    .constdata          system_stm32f4xx.o
    0x08013728   0x08013728   0x0000000b   Data   RO          701    .conststrlit        rtx_kernel.o
    0x08013733   0x08013733   0x00000001   PAD
    0x08013734   0x08013734   0x000000a8   Data   RO          761    .rodata             rtx_lib.o
    0x080137dc   0x080137dc   0x00000030   Data   RO         2190    Region$$Table       anon$$obj.o


    Execution Region RW_IRAM2 (Exec base: 0x10000000, Load base: 0x08013964, Size: 0x000004a4, Max: 0x00010000, ABSOLUTE)

    Exec Addr    Load Addr    Size         Type   Attr      Idx    E Section Name        Object

    0x10000000        -       0x000004a4   Zero   RW         1216    .bss.noinit         eventrecorder.o


    Execution Region RW_IRAM1 (Exec base: 0x20000000, Load base: 0x0801380c, Size: 0x00009168, Max: 0x00030000, ABSOLUTE, COMPRESSED[0x00000158])

    Exec Addr    Load Addr    Size         Type   Attr      Idx    E Section Name        Object

    0x20000000   COMPRESSED   0x00008000   Data   RW          748    .bss.os             rtx_lib.o
    0x20008000   COMPRESSED   0x00000040   Data   RW          749    .bss.os             rtx_lib.o
    0x20008040   COMPRESSED   0x00000001   Data   RW         1048    .bss.os             os_systick.o
    0x20008041   COMPRESSED   0x00000003   PAD
    0x20008044   COMPRESSED   0x00000034   Data   RW          750    .bss.os.msgqueue.cb  rtx_lib.o
    0x20008078   COMPRESSED   0x00000050   Data   RW          751    .bss.os.msgqueue.mem  rtx_lib.o
    0x200080c8   COMPRESSED   0x00000044   Data   RW          752    .bss.os.thread.cb   rtx_lib.o
    0x2000810c   COMPRESSED   0x00000044   Data   RW          753    .bss.os.thread.cb   rtx_lib.o
    0x20008150   COMPRESSED   0x00000200   Data   RW          754    .bss.os.thread.idle.stack  rtx_lib.o
    0x20008350   COMPRESSED   0x00000200   Data   RW          755    .bss.os.thread.timer.stack  rtx_lib.o
    0x20008550   COMPRESSED   0x00000004   Data   RW            5    .data               main.o
    0x20008554   COMPRESSED   0x00000010   Data   RW          257    .data               luz.o
    0x20008564   COMPRESSED   0x00000004   Data   RW          302    .data               turbidez.o
    0x20008568   COMPRESSED   0x00000010   Data   RW          331    .data               bluetooth.o
    0x20008578   COMPRESSED   0x00000038   Data   RW          368    .data               principal.o
    0x200085b0   COMPRESSED   0x00000014   Data   RW          411    .data               ph.o
    0x200085c4   COMPRESSED   0x00000004   Data   RW          519    .data               consumo.o
    0x200085c8   COMPRESSED   0x00000018   Data   RW         1142    .data               spi_stm32f4xx.o
    0x200085e0   COMPRESSED   0x00000018   Data   RW         1143    .data               spi_stm32f4xx.o
    0x200085f8   COMPRESSED   0x0000000c   Data   RW         1279    .data               stm32f4xx_hal.o
    0x20008604   COMPRESSED   0x00000004   Data   RW         1827    .data               system_stm32f4xx.o
    0x20008608   COMPRESSED   0x000000a4   Data   RW          702    .data.os            rtx_kernel.o
    0x200086ac        -       0x00000064   Zero   RW          329    .bss                bluetooth.o
    0x20008710        -       0x00000400   Zero   RW          364    .bss                principal.o
    0x20008b10        -       0x00000090   Zero   RW          366    .bss                principal.o
    0x20008ba0        -       0x00000054   Zero   RW          410    .bss                ph.o
    0x20008bf4        -       0x00000028   Zero   RW         1098    .bss                i2c_stm32f4xx.o
    0x20008c1c        -       0x00000028   Zero   RW         1099    .bss                i2c_stm32f4xx.o
    0x20008c44        -       0x00000010   Zero   RW         1135    .bss                spi_stm32f4xx.o
    0x20008c54        -       0x0000001c   Zero   RW         1136    .bss                spi_stm32f4xx.o
    0x20008c70        -       0x000000c0   Zero   RW         1137    .bss                spi_stm32f4xx.o
    0x20008d30        -       0x00000014   Zero   RW         1180    .bss                usart_stm32f4xx.o
    0x20008d44        -       0x00000024   Zero   RW         1181    .bss                usart_stm32f4xx.o
    0x20008d68        -       0x00000400   Zero   RW         1814    STACK               startup_stm32f429xx.o


==============================================================================

Image component sizes


      Code (inc. data)   RO Data    RW Data    ZI Data      Debug   Object Name

       520         10          0          0          0       2202   alimentacion.o
       652         92          0         16        100      10055   bluetooth.o
        64          8          0          0          0       1115   bomba.o
       232         26          0          4          0       2254   consumo.o
      1452         40         24          0       1188      17404   eventrecorder.o
      4860        102        152          0         80      18264   i2c_stm32f4xx.o
       148          8          0          0          0        676   irq_armv7m.o
       280         14          0         16          0       5458   luz.o
       332         30          0          4          0     785511   main.o
       196         12          0          1          0       1960   os_systick.o
       364         36          0         20         84       3325   ph.o
       716         70         36         56       1168       4798   principal.o
         4          0          0          0          0        651   rtx_config.o
       260         14          0          0          0      17798   rtx_delay.o
      2404         88          0          0          0      45314   rtx_evr.o
      1752         98         11        164          0      27940   rtx_kernel.o
         0          0        268      34124          0       9186   rtx_lib.o
       292          0          0          0          0       3803   rtx_memory.o
      1984         48          0          0          0      15172   rtx_mempool.o
      2820         58          0          0          0      23680   rtx_msgqueue.o
      1368         30          0          0          0      10086   rtx_mutex.o
       668         18          0          0          0       8477   rtx_system.o
      4828        124          0          0          0      33223   rtx_thread.o
      1152         34          0          0          0      10189   rtx_timer.o
      4404        116         84         48        236      51751   spi_stm32f4xx.o
        36          8        428          0       1024        888   startup_stm32f429xx.o
       456         38          0         12          0      11399   stm32f4xx_hal.o
      2744         92          0          0          0       8815   stm32f4xx_hal_adc.o
      1828         42          0          0          0       6522   stm32f4xx_hal_adc_ex.o
       664         10          0          0          0      36090   stm32f4xx_hal_cortex.o
      1816         28          8          0          0       7629   stm32f4xx_hal_dma.o
       868         54          0          0          0       3979   stm32f4xx_hal_gpio.o
     14422        192          0          0          0      43034   stm32f4xx_hal_i2c.o
       376         20          0          0          0       3607   stm32f4xx_hal_pwr.o
      1888         66          0          0          0       6131   stm32f4xx_hal_rcc.o
      9170        166          0          0          0      37624   stm32f4xx_hal_tim.o
      2992         62          0          0          0      13652   stm32f4xx_hal_tim_ex.o
        16          0          0          0          0       1267   stm32f4xx_it.o
       148         20         24          4          0       1949   system_stm32f4xx.o
       228         22          0          0          0       1892   temperatura.o
       260         26          0          4          0       2528   turbidez.o
      4520        128        136          0         56      17353   usart_stm32f4xx.o

    ----------------------------------------------------------------------
     74188       2050       1220      34476       3936    1314651   Object Totals
         0          0         48          0          0          0   (incl. Generated)
         4          0          1          3          0          0   (incl. Padding)

    ----------------------------------------------------------------------

      Code (inc. data)   RO Data    RW Data    ZI Data      Debug   Library Member Name

        86          0          0          0          0          0   __dczerorl2.o
         0          0          0          0          0          0   entry.o
         0          0          0          0          0          0   entry10a.o
         0          0          0          0          0          0   entry11a.o
         4          0          0          0          0          0   entry12b.o
         8          4          0          0          0          0   entry2.o
         4          0          0          0          0          0   entry5.o
         0          0          0          0          0          0   entry7b.o
         0          0          0          0          0          0   entry8b.o
         8          4          0          0          0          0   entry9a.o
        30          0          0          0          0          0   handlers.o
        36          8          0          0          0         68   init.o
         0          0          0          0          0          0   iusefp.o
        30          0          0          0          0         68   llshl.o
        36          0          0          0          0         68   llsshr.o
        32          0          0          0          0         68   llushr.o
        36          0          0          0          0         68   memcpya.o
        36          0          0          0          0        108   memseta.o
      2236         86          0          0          0        532   printfa.o
        44          0          0          0          0         80   uidiv.o
        98          0          0          0          0         92   uldiv.o
        48          0          0          0          0         68   cdrcmple.o
        56          0          0          0          0         88   d2f.o
       334          0          0          0          0        148   dadd.o
       222          0          0          0          0        100   ddiv.o
       186          0          0          0          0        176   depilogue.o
        48          0          0          0          0         68   dfixul.o
        26          0          0          0          0         76   dfltui.o
       228          0          0          0          0         96   dmul.o
        38          0          0          0          0         68   f2d.o
       176          0          0          0          0        140   fadd.o
       124          0          0          0          0         88   fdiv.o
       110          0          0          0          0        168   fepilogue.o
        18          0          0          0          0         68   fflti.o
        10          0          0          0          0         68   ffltui.o
       100          0          0          0          0         76   fmul.o
        24          0          0          0          0         68   fscalb.o

    ----------------------------------------------------------------------
      4476        102          0          0          0       2716   Library Totals
         4          0          0          0          0          0   (incl. Padding)

    ----------------------------------------------------------------------

      Code (inc. data)   RO Data    RW Data    ZI Data      Debug   Library Name

      2724        102          0          0          0       1152   mc_w.l
      1748          0          0          0          0       1564   mf_w.l

    ----------------------------------------------------------------------
      4476        102          0          0          0       2716   Library Totals

    ----------------------------------------------------------------------

==============================================================================


      Code (inc. data)   RO Data    RW Data    ZI Data      Debug   

     78664       2152       1220      34476       3936    1312607   Grand Totals
     78664       2152       1220        344       3936    1312607   ELF Image Totals (compressed)
     78664       2152       1220        344          0          0   ROM Totals

==============================================================================

    Total RO  Size (Code + RO Data)                79884 (  78.01kB)
    Total RW  Size (RW Data + ZI Data)             38412 (  37.51kB)
    Total ROM Size (Code + RO Data + RW Data)      80228 (  78.35kB)

==============================================================================

